ARM Linker, 5.03 [Build 76] [MDK-ARM Standard]

==============================================================================

Section Cross References

    main.o(.text) refers to pwm.o(.text) for TIM3_Init
    main.o(.text) refers to led.o(.text) for Led_Config
    main.o(.text) refers to can1.o(.text) for CAN_Configuration
    pwm.o(.text) refers to stm32f10x_rcc.o(.text) for RCC_APB2PeriphClockCmd
    pwm.o(.text) refers to stm32f10x_gpio.o(.text) for GPIO_Init
    pwm.o(.text) refers to stm32f10x_tim.o(.text) for TIM_TimeBaseInit
    pwm.o(.text) refers to ffixui.o(.text) for __aeabi_f2uiz
    pwm.o(.text) refers to pwm.o(.data) for Pwm
    can1.o(.text) refers to stm32f10x_rcc.o(.text) for RCC_APB1PeriphClockCmd
    can1.o(.text) refers to stm32f10x_gpio.o(.text) for GPIO_Init
    can1.o(.text) refers to stm32f10x_can.o(.text) for CAN_DeInit
    can1.o(.text) refers to misc.o(.text) for NVIC_Init
    can1.o(.text) refers to mydataprocess.o(.text) for DecodeFloatData
    can1.o(.text) refers to can1.o(.data) for ID_Master_TEST
    can1.o(.text) refers to pwm.o(.data) for Pwm
    led.o(.text) refers to stm32f10x_rcc.o(.text) for RCC_APB2PeriphClockCmd
    led.o(.text) refers to stm32f10x_gpio.o(.text) for GPIO_Init
    stm32f10x_gpio.o(.text) refers to stm32f10x_rcc.o(.text) for RCC_APB2PeriphResetCmd
    stm32f10x_rcc.o(.text) refers to stm32f10x_rcc.o(.data) for APBAHBPrescTable
    stm32f10x_tim.o(.text) refers to stm32f10x_rcc.o(.text) for RCC_APB2PeriphResetCmd
    stm32f10x_usart.o(.text) refers to stm32f10x_rcc.o(.text) for RCC_APB2PeriphResetCmd
    stm32f10x_can.o(.text) refers to stm32f10x_rcc.o(.text) for RCC_APB1PeriphResetCmd
    startup_stm32f10x_md.o(RESET) refers to startup_stm32f10x_md.o(STACK) for __initial_sp
    startup_stm32f10x_md.o(RESET) refers to startup_stm32f10x_md.o(.text) for Reset_Handler
    startup_stm32f10x_md.o(RESET) refers to can1.o(.text) for USB_LP_CAN1_RX0_IRQHandler
    startup_stm32f10x_md.o(.text) refers to system_stm32f10x.o(.text) for SystemInit
    startup_stm32f10x_md.o(.text) refers to entry.o(.ARM.Collect$$$$00000000) for __main
    system_stm32f10x.o(.text) refers to system_stm32f10x.o(.data) for SystemCoreClock
    entry.o(.ARM.Collect$$$$00000000) refers (Special) to entry10a.o(.ARM.Collect$$$$0000000D) for __rt_final_cpp
    entry.o(.ARM.Collect$$$$00000000) refers (Special) to entry11a.o(.ARM.Collect$$$$0000000F) for __rt_final_exit
    entry.o(.ARM.Collect$$$$00000000) refers (Special) to entry7b.o(.ARM.Collect$$$$00000008) for _main_clock
    entry.o(.ARM.Collect$$$$00000000) refers (Special) to entry8b.o(.ARM.Collect$$$$0000000A) for _main_cpp_init
    entry.o(.ARM.Collect$$$$00000000) refers (Special) to entry9a.o(.ARM.Collect$$$$0000000B) for _main_init
    entry.o(.ARM.Collect$$$$00000000) refers (Special) to entry5.o(.ARM.Collect$$$$00000004) for _main_scatterload
    entry.o(.ARM.Collect$$$$00000000) refers (Special) to entry2.o(.ARM.Collect$$$$00000001) for _main_stk
    ffixui.o(.text) refers (Special) to iusefp.o(.text) for __I$use$fp
    entry2.o(.ARM.Collect$$$$00000001) refers to entry2.o(.ARM.Collect$$$$00002712) for __lit__00000000
    entry2.o(.ARM.Collect$$$$00002712) refers to startup_stm32f10x_md.o(STACK) for __initial_sp
    entry2.o(__vectab_stack_and_reset_area) refers to startup_stm32f10x_md.o(STACK) for __initial_sp
    entry2.o(__vectab_stack_and_reset_area) refers to entry.o(.ARM.Collect$$$$00000000) for __main
    entry5.o(.ARM.Collect$$$$00000004) refers to init.o(.text) for __scatterload
    entry9a.o(.ARM.Collect$$$$0000000B) refers to main.o(.text) for main
    entry9b.o(.ARM.Collect$$$$0000000C) refers to main.o(.text) for main
    init.o(.text) refers to entry5.o(.ARM.Collect$$$$00000004) for __main_after_scatterload


==============================================================================

Removing Unused input sections from the image.

    Removing stm32f10x_usart.o(.text), (1032 bytes).
    Removing startup_stm32f10x_md.o(HEAP), (512 bytes).
    Removing core_cm3.o(.emb_text), (32 bytes).

3 unused section(s) (total 1576 bytes) removed from the image.

==============================================================================

Image Symbol Table

    Local Symbols

    Symbol Name                              Value     Ov Type        Size  Object(Section)

    ../clib/microlib/init/entry.s            0x00000000   Number         0  entry7a.o ABSOLUTE
    ../clib/microlib/init/entry.s            0x00000000   Number         0  entry2.o ABSOLUTE
    ../clib/microlib/init/entry.s            0x00000000   Number         0  entry5.o ABSOLUTE
    ../clib/microlib/init/entry.s            0x00000000   Number         0  entry11b.o ABSOLUTE
    ../clib/microlib/init/entry.s            0x00000000   Number         0  entry9a.o ABSOLUTE
    ../clib/microlib/init/entry.s            0x00000000   Number         0  entry11a.o ABSOLUTE
    ../clib/microlib/init/entry.s            0x00000000   Number         0  entry10a.o ABSOLUTE
    ../clib/microlib/init/entry.s            0x00000000   Number         0  entry9b.o ABSOLUTE
    ../clib/microlib/init/entry.s            0x00000000   Number         0  entry8b.o ABSOLUTE
    ../clib/microlib/init/entry.s            0x00000000   Number         0  entry10b.o ABSOLUTE
    ../clib/microlib/init/entry.s            0x00000000   Number         0  entry8a.o ABSOLUTE
    ../clib/microlib/init/entry.s            0x00000000   Number         0  entry.o ABSOLUTE
    ../clib/microlib/init/entry.s            0x00000000   Number         0  entry7b.o ABSOLUTE
    ../clib/microlib/stubs.s                 0x00000000   Number         0  iusefp.o ABSOLUTE
    ../fplib/microlib/fpfix.c                0x00000000   Number         0  ffixui.o ABSOLUTE
    ..\..\Libraries\CMSIS\CM3\CoreSupport\core_cm3.c 0x00000000   Number         0  core_cm3.o ABSOLUTE
    ..\..\Libraries\CMSIS\CM3\DeviceSupport\ST\STM32F10x\startup\arm\startup_stm32f10x_md.s 0x00000000   Number         0  startup_stm32f10x_md.o ABSOLUTE
    ..\..\Libraries\CMSIS\CM3\DeviceSupport\ST\STM32F10x\system_stm32f10x.c 0x00000000   Number         0  system_stm32f10x.o ABSOLUTE
    ..\..\Libraries\STM32F10x_StdPeriph_Driver\src\misc.c 0x00000000   Number         0  misc.o ABSOLUTE
    ..\..\Libraries\STM32F10x_StdPeriph_Driver\src\stm32f10x_can.c 0x00000000   Number         0  stm32f10x_can.o ABSOLUTE
    ..\..\Libraries\STM32F10x_StdPeriph_Driver\src\stm32f10x_gpio.c 0x00000000   Number         0  stm32f10x_gpio.o ABSOLUTE
    ..\..\Libraries\STM32F10x_StdPeriph_Driver\src\stm32f10x_rcc.c 0x00000000   Number         0  stm32f10x_rcc.o ABSOLUTE
    ..\..\Libraries\STM32F10x_StdPeriph_Driver\src\stm32f10x_tim.c 0x00000000   Number         0  stm32f10x_tim.o ABSOLUTE
    ..\..\Libraries\STM32F10x_StdPeriph_Driver\src\stm32f10x_usart.c 0x00000000   Number         0  stm32f10x_usart.o ABSOLUTE
    ..\..\User\src\Can1.c                    0x00000000   Number         0  can1.o ABSOLUTE
    ..\..\User\src\Led.c                     0x00000000   Number         0  led.o ABSOLUTE
    ..\..\User\src\MyDataProcess.c           0x00000000   Number         0  mydataprocess.o ABSOLUTE
    ..\..\User\src\Pwm.c                     0x00000000   Number         0  pwm.o ABSOLUTE
    ..\..\User\src\main.c                    0x00000000   Number         0  main.o ABSOLUTE
    ..\\..\\Libraries\\CMSIS\\CM3\\CoreSupport\\core_cm3.c 0x00000000   Number         0  core_cm3.o ABSOLUTE
    dc.s                                     0x00000000   Number         0  dc.o ABSOLUTE
    handlers.s                               0x00000000   Number         0  handlers.o ABSOLUTE
    init.s                                   0x00000000   Number         0  init.o ABSOLUTE
    RESET                                    0x08000000   Section      236  startup_stm32f10x_md.o(RESET)
    .ARM.Collect$$$$00000000                 0x080000ec   Section        0  entry.o(.ARM.Collect$$$$00000000)
    .ARM.Collect$$$$00000001                 0x080000ec   Section        4  entry2.o(.ARM.Collect$$$$00000001)
    .ARM.Collect$$$$00000004                 0x080000f0   Section        4  entry5.o(.ARM.Collect$$$$00000004)
    .ARM.Collect$$$$00000008                 0x080000f4   Section        0  entry7b.o(.ARM.Collect$$$$00000008)
    .ARM.Collect$$$$0000000A                 0x080000f4   Section        0  entry8b.o(.ARM.Collect$$$$0000000A)
    .ARM.Collect$$$$0000000B                 0x080000f4   Section        8  entry9a.o(.ARM.Collect$$$$0000000B)
    .ARM.Collect$$$$0000000D                 0x080000fc   Section        0  entry10a.o(.ARM.Collect$$$$0000000D)
    .ARM.Collect$$$$0000000F                 0x080000fc   Section        0  entry11a.o(.ARM.Collect$$$$0000000F)
    .ARM.Collect$$$$00002712                 0x080000fc   Section        4  entry2.o(.ARM.Collect$$$$00002712)
    __lit__00000000                          0x080000fc   Data           4  entry2.o(.ARM.Collect$$$$00002712)
    .text                                    0x08000100   Section        0  main.o(.text)
    .text                                    0x08000114   Section        0  pwm.o(.text)
    .text                                    0x080001dc   Section        0  can1.o(.text)
    .text                                    0x08000344   Section        0  led.o(.text)
    .text                                    0x080003a0   Section        0  mydataprocess.o(.text)
    .text                                    0x080004bc   Section        0  misc.o(.text)
    .text                                    0x08000598   Section        0  stm32f10x_gpio.o(.text)
    .text                                    0x080008f0   Section        0  stm32f10x_rcc.o(.text)
    .text                                    0x08000c94   Section        0  stm32f10x_tim.o(.text)
    TI4_Config                               0x0800113b   Thumb Code   130  stm32f10x_tim.o(.text)
    TI3_Config                               0x080011cf   Thumb Code   122  stm32f10x_tim.o(.text)
    TI2_Config                               0x08001263   Thumb Code   130  stm32f10x_tim.o(.text)
    TI1_Config                               0x080012f7   Thumb Code   108  stm32f10x_tim.o(.text)
    .text                                    0x08001ab0   Section        0  stm32f10x_can.o(.text)
    CheckITStatus                            0x080022b3   Thumb Code    16  stm32f10x_can.o(.text)
    .text                                    0x0800249c   Section       36  startup_stm32f10x_md.o(.text)
    .text                                    0x080024c0   Section        0  system_stm32f10x.o(.text)
    SetSysClockTo72                          0x080024c1   Thumb Code   212  system_stm32f10x.o(.text)
    SetSysClock                              0x08002595   Thumb Code     8  system_stm32f10x.o(.text)
    .text                                    0x0800269c   Section        0  ffixui.o(.text)
    .text                                    0x080026c4   Section        0  iusefp.o(.text)
    .text                                    0x080026c4   Section       36  init.o(.text)
    i.__scatterload_copy                     0x080026e8   Section       14  handlers.o(i.__scatterload_copy)
    i.__scatterload_null                     0x080026f6   Section        2  handlers.o(i.__scatterload_null)
    i.__scatterload_zeroinit                 0x080026f8   Section       14  handlers.o(i.__scatterload_zeroinit)
    .data                                    0x20000000   Section        4  pwm.o(.data)
    .data                                    0x20000004   Section        2  can1.o(.data)
    .data                                    0x20000006   Section       20  stm32f10x_rcc.o(.data)
    APBAHBPrescTable                         0x20000006   Data          16  stm32f10x_rcc.o(.data)
    ADCPrescTable                            0x20000016   Data           4  stm32f10x_rcc.o(.data)
    .data                                    0x2000001c   Section       20  system_stm32f10x.o(.data)
    STACK                                    0x20000030   Section     1024  startup_stm32f10x_md.o(STACK)

    Global Symbols

    Symbol Name                              Value     Ov Type        Size  Object(Section)

    BuildAttributes$$THM_ISAv4$P$D$K$B$S$PE$A:L22UL41UL21$X:L11$S22US41US21$IEEE1$IW$USESV6$~STKCKD$USESV7$~SHL$OSPACE$ROPI$EBA8$MICROLIB$REQ8$PRES8$EABIv2 0x00000000   Number         0  anon$$obj.o ABSOLUTE
    __ARM_use_no_argv                        0x00000000   Number         0  main.o ABSOLUTE
    __cpp_initialize__aeabi_                  - Undefined Weak Reference
    __cxa_finalize                            - Undefined Weak Reference
    __decompress                              - Undefined Weak Reference
    _clock_init                               - Undefined Weak Reference
    _microlib_exit                            - Undefined Weak Reference
    __Vectors_Size                           0x000000ec   Number         0  startup_stm32f10x_md.o ABSOLUTE
    __Vectors                                0x08000000   Data           4  startup_stm32f10x_md.o(RESET)
    __Vectors_End                            0x080000ec   Data           0  startup_stm32f10x_md.o(RESET)
    __main                                   0x080000ed   Thumb Code     0  entry.o(.ARM.Collect$$$$00000000)
    _main_stk                                0x080000ed   Thumb Code     0  entry2.o(.ARM.Collect$$$$00000001)
    _main_scatterload                        0x080000f1   Thumb Code     0  entry5.o(.ARM.Collect$$$$00000004)
    __main_after_scatterload                 0x080000f5   Thumb Code     0  entry5.o(.ARM.Collect$$$$00000004)
    _main_clock                              0x080000f5   Thumb Code     0  entry7b.o(.ARM.Collect$$$$00000008)
    _main_cpp_init                           0x080000f5   Thumb Code     0  entry8b.o(.ARM.Collect$$$$0000000A)
    _main_init                               0x080000f5   Thumb Code     0  entry9a.o(.ARM.Collect$$$$0000000B)
    __rt_final_cpp                           0x080000fd   Thumb Code     0  entry10a.o(.ARM.Collect$$$$0000000D)
    __rt_final_exit                          0x080000fd   Thumb Code     0  entry11a.o(.ARM.Collect$$$$0000000F)
    main                                     0x08000101   Thumb Code    20  main.o(.text)
    TIM3_Init                                0x08000115   Thumb Code   168  pwm.o(.text)
    start_steering_engine                    0x080001bd   Thumb Code    18  pwm.o(.text)
    CAN_Configuration                        0x080001dd   Thumb Code   268  can1.o(.text)
    USB_LP_CAN1_RX0_IRQHandler               0x080002e9   Thumb Code    76  can1.o(.text)
    Led_Config                               0x08000345   Thumb Code    88  led.o(.text)
    EncodeS32Data                            0x080003a1   Thumb Code    40  mydataprocess.o(.text)
    DecodeS32Data                            0x080003c9   Thumb Code    36  mydataprocess.o(.text)
    EncodeFloatData                          0x080003ed   Thumb Code    40  mydataprocess.o(.text)
    DecodeFloatData                          0x08000415   Thumb Code    36  mydataprocess.o(.text)
    EncodeS16Data                            0x08000439   Thumb Code    12  mydataprocess.o(.text)
    DecodeS16Data                            0x08000445   Thumb Code    14  mydataprocess.o(.text)
    EncodeU16Data                            0x08000453   Thumb Code    12  mydataprocess.o(.text)
    DecodeU16Data                            0x0800045f   Thumb Code    12  mydataprocess.o(.text)
    EncodeU12Data                            0x0800046b   Thumb Code    22  mydataprocess.o(.text)
    DecodeU12Data                            0x08000481   Thumb Code    16  mydataprocess.o(.text)
    EncodeU16to5Dec                          0x08000491   Thumb Code    42  mydataprocess.o(.text)
    NVIC_PriorityGroupConfig                 0x080004bd   Thumb Code    10  misc.o(.text)
    NVIC_Init                                0x080004c7   Thumb Code   102  misc.o(.text)
    NVIC_SetVectorTable                      0x0800052d   Thumb Code    14  misc.o(.text)
    NVIC_SystemLPConfig                      0x0800053b   Thumb Code    34  misc.o(.text)
    SysTick_CLKSourceConfig                  0x0800055d   Thumb Code    40  misc.o(.text)
    GPIO_DeInit                              0x08000599   Thumb Code   172  stm32f10x_gpio.o(.text)
    GPIO_AFIODeInit                          0x08000645   Thumb Code    20  stm32f10x_gpio.o(.text)
    GPIO_Init                                0x08000659   Thumb Code   274  stm32f10x_gpio.o(.text)
    GPIO_StructInit                          0x0800076b   Thumb Code    16  stm32f10x_gpio.o(.text)
    GPIO_ReadInputDataBit                    0x0800077b   Thumb Code    18  stm32f10x_gpio.o(.text)
    GPIO_ReadInputData                       0x0800078d   Thumb Code     8  stm32f10x_gpio.o(.text)
    GPIO_ReadOutputDataBit                   0x08000795   Thumb Code    18  stm32f10x_gpio.o(.text)
    GPIO_ReadOutputData                      0x080007a7   Thumb Code     8  stm32f10x_gpio.o(.text)
    GPIO_SetBits                             0x080007af   Thumb Code     4  stm32f10x_gpio.o(.text)
    GPIO_ResetBits                           0x080007b3   Thumb Code     4  stm32f10x_gpio.o(.text)
    GPIO_WriteBit                            0x080007b7   Thumb Code    10  stm32f10x_gpio.o(.text)
    GPIO_Write                               0x080007c1   Thumb Code     4  stm32f10x_gpio.o(.text)
    GPIO_PinLockConfig                       0x080007c5   Thumb Code    18  stm32f10x_gpio.o(.text)
    GPIO_EventOutputConfig                   0x080007d7   Thumb Code    26  stm32f10x_gpio.o(.text)
    GPIO_EventOutputCmd                      0x080007f1   Thumb Code     6  stm32f10x_gpio.o(.text)
    GPIO_PinRemapConfig                      0x080007f7   Thumb Code   138  stm32f10x_gpio.o(.text)
    GPIO_EXTILineConfig                      0x08000881   Thumb Code    66  stm32f10x_gpio.o(.text)
    GPIO_ETH_MediaInterfaceConfig            0x080008c3   Thumb Code     6  stm32f10x_gpio.o(.text)
    RCC_DeInit                               0x080008f1   Thumb Code    64  stm32f10x_rcc.o(.text)
    RCC_HSEConfig                            0x08000931   Thumb Code    70  stm32f10x_rcc.o(.text)
    RCC_GetFlagStatus                        0x08000977   Thumb Code    56  stm32f10x_rcc.o(.text)
    RCC_WaitForHSEStartUp                    0x080009af   Thumb Code    56  stm32f10x_rcc.o(.text)
    RCC_AdjustHSICalibrationValue            0x080009e7   Thumb Code    20  stm32f10x_rcc.o(.text)
    RCC_HSICmd                               0x080009fb   Thumb Code     6  stm32f10x_rcc.o(.text)
    RCC_PLLConfig                            0x08000a01   Thumb Code    24  stm32f10x_rcc.o(.text)
    RCC_PLLCmd                               0x08000a19   Thumb Code     6  stm32f10x_rcc.o(.text)
    RCC_SYSCLKConfig                         0x08000a1f   Thumb Code    18  stm32f10x_rcc.o(.text)
    RCC_GetSYSCLKSource                      0x08000a31   Thumb Code    10  stm32f10x_rcc.o(.text)
    RCC_HCLKConfig                           0x08000a3b   Thumb Code    18  stm32f10x_rcc.o(.text)
    RCC_PCLK1Config                          0x08000a4d   Thumb Code    18  stm32f10x_rcc.o(.text)
    RCC_PCLK2Config                          0x08000a5f   Thumb Code    20  stm32f10x_rcc.o(.text)
    RCC_ITConfig                             0x08000a73   Thumb Code    26  stm32f10x_rcc.o(.text)
    RCC_USBCLKConfig                         0x08000a8d   Thumb Code     6  stm32f10x_rcc.o(.text)
    RCC_ADCCLKConfig                         0x08000a93   Thumb Code    18  stm32f10x_rcc.o(.text)
    RCC_LSEConfig                            0x08000aa5   Thumb Code    44  stm32f10x_rcc.o(.text)
    RCC_LSICmd                               0x08000ad1   Thumb Code     6  stm32f10x_rcc.o(.text)
    RCC_RTCCLKConfig                         0x08000ad7   Thumb Code    12  stm32f10x_rcc.o(.text)
    RCC_RTCCLKCmd                            0x08000ae3   Thumb Code     8  stm32f10x_rcc.o(.text)
    RCC_GetClocksFreq                        0x08000aeb   Thumb Code   192  stm32f10x_rcc.o(.text)
    RCC_AHBPeriphClockCmd                    0x08000bab   Thumb Code    26  stm32f10x_rcc.o(.text)
    RCC_APB2PeriphClockCmd                   0x08000bc5   Thumb Code    26  stm32f10x_rcc.o(.text)
    RCC_APB1PeriphClockCmd                   0x08000bdf   Thumb Code    26  stm32f10x_rcc.o(.text)
    RCC_APB2PeriphResetCmd                   0x08000bf9   Thumb Code    26  stm32f10x_rcc.o(.text)
    RCC_APB1PeriphResetCmd                   0x08000c13   Thumb Code    26  stm32f10x_rcc.o(.text)
    RCC_BackupResetCmd                       0x08000c2d   Thumb Code     8  stm32f10x_rcc.o(.text)
    RCC_ClockSecuritySystemCmd               0x08000c35   Thumb Code     6  stm32f10x_rcc.o(.text)
    RCC_MCOConfig                            0x08000c3b   Thumb Code     6  stm32f10x_rcc.o(.text)
    RCC_ClearFlag                            0x08000c41   Thumb Code    14  stm32f10x_rcc.o(.text)
    RCC_GetITStatus                          0x08000c4f   Thumb Code    20  stm32f10x_rcc.o(.text)
    RCC_ClearITPendingBit                    0x08000c63   Thumb Code     6  stm32f10x_rcc.o(.text)
    TIM_DeInit                               0x08000c95   Thumb Code   424  stm32f10x_tim.o(.text)
    TIM_TimeBaseInit                         0x08000e3d   Thumb Code   122  stm32f10x_tim.o(.text)
    TIM_OC1Init                              0x08000eb7   Thumb Code   132  stm32f10x_tim.o(.text)
    TIM_OC2Init                              0x08000f3b   Thumb Code   154  stm32f10x_tim.o(.text)
    TIM_OC3Init                              0x08000fd5   Thumb Code   150  stm32f10x_tim.o(.text)
    TIM_OC4Init                              0x0800106b   Thumb Code   182  stm32f10x_tim.o(.text)
    TIM_SetIC4Prescaler                      0x08001121   Thumb Code    26  stm32f10x_tim.o(.text)
    TIM_SetIC3Prescaler                      0x080011bd   Thumb Code    18  stm32f10x_tim.o(.text)
    TIM_SetIC2Prescaler                      0x08001249   Thumb Code    26  stm32f10x_tim.o(.text)
    TIM_SetIC1Prescaler                      0x080012e5   Thumb Code    18  stm32f10x_tim.o(.text)
    TIM_ICInit                               0x08001363   Thumb Code   150  stm32f10x_tim.o(.text)
    TIM_PWMIConfig                           0x080013f9   Thumb Code   124  stm32f10x_tim.o(.text)
    TIM_BDTRConfig                           0x08001475   Thumb Code    32  stm32f10x_tim.o(.text)
    TIM_TimeBaseStructInit                   0x08001495   Thumb Code    18  stm32f10x_tim.o(.text)
    TIM_OCStructInit                         0x080014a7   Thumb Code    20  stm32f10x_tim.o(.text)
    TIM_ICStructInit                         0x080014bb   Thumb Code    18  stm32f10x_tim.o(.text)
    TIM_BDTRStructInit                       0x080014cd   Thumb Code    40  stm32f10x_tim.o(.text)
    TIM_Cmd                                  0x080014f5   Thumb Code    24  stm32f10x_tim.o(.text)
    TIM_CtrlPWMOutputs                       0x0800150d   Thumb Code    30  stm32f10x_tim.o(.text)
    TIM_ITConfig                             0x0800152b   Thumb Code    18  stm32f10x_tim.o(.text)
    TIM_GenerateEvent                        0x0800153d   Thumb Code     4  stm32f10x_tim.o(.text)
    TIM_DMAConfig                            0x08001541   Thumb Code    10  stm32f10x_tim.o(.text)
    TIM_DMACmd                               0x0800154b   Thumb Code    18  stm32f10x_tim.o(.text)
    TIM_InternalClockConfig                  0x0800155d   Thumb Code    12  stm32f10x_tim.o(.text)
    TIM_SelectInputTrigger                   0x08001569   Thumb Code    18  stm32f10x_tim.o(.text)
    TIM_ITRxExternalClockConfig              0x0800157b   Thumb Code    24  stm32f10x_tim.o(.text)
    TIM_TIxExternalClockConfig               0x08001593   Thumb Code    62  stm32f10x_tim.o(.text)
    TIM_ETRConfig                            0x080015d1   Thumb Code    28  stm32f10x_tim.o(.text)
    TIM_ETRClockMode1Config                  0x080015ed   Thumb Code    54  stm32f10x_tim.o(.text)
    TIM_ETRClockMode2Config                  0x08001623   Thumb Code    32  stm32f10x_tim.o(.text)
    TIM_PrescalerConfig                      0x08001643   Thumb Code     6  stm32f10x_tim.o(.text)
    TIM_CounterModeConfig                    0x08001649   Thumb Code    18  stm32f10x_tim.o(.text)
    TIM_EncoderInterfaceConfig               0x0800165b   Thumb Code    66  stm32f10x_tim.o(.text)
    TIM_ForcedOC1Config                      0x0800169d   Thumb Code    18  stm32f10x_tim.o(.text)
    TIM_ForcedOC2Config                      0x080016af   Thumb Code    26  stm32f10x_tim.o(.text)
    TIM_ForcedOC3Config                      0x080016c9   Thumb Code    18  stm32f10x_tim.o(.text)
    TIM_ForcedOC4Config                      0x080016db   Thumb Code    26  stm32f10x_tim.o(.text)
    TIM_ARRPreloadConfig                     0x080016f5   Thumb Code    24  stm32f10x_tim.o(.text)
    TIM_SelectCOM                            0x0800170d   Thumb Code    24  stm32f10x_tim.o(.text)
    TIM_SelectCCDMA                          0x08001725   Thumb Code    24  stm32f10x_tim.o(.text)
    TIM_CCPreloadControl                     0x0800173d   Thumb Code    24  stm32f10x_tim.o(.text)
    TIM_OC1PreloadConfig                     0x08001755   Thumb Code    18  stm32f10x_tim.o(.text)
    TIM_OC2PreloadConfig                     0x08001767   Thumb Code    26  stm32f10x_tim.o(.text)
    TIM_OC3PreloadConfig                     0x08001781   Thumb Code    18  stm32f10x_tim.o(.text)
    TIM_OC4PreloadConfig                     0x08001793   Thumb Code    26  stm32f10x_tim.o(.text)
    TIM_OC1FastConfig                        0x080017ad   Thumb Code    18  stm32f10x_tim.o(.text)
    TIM_OC2FastConfig                        0x080017bf   Thumb Code    26  stm32f10x_tim.o(.text)
    TIM_OC3FastConfig                        0x080017d9   Thumb Code    18  stm32f10x_tim.o(.text)
    TIM_OC4FastConfig                        0x080017eb   Thumb Code    26  stm32f10x_tim.o(.text)
    TIM_ClearOC1Ref                          0x08001805   Thumb Code    18  stm32f10x_tim.o(.text)
    TIM_ClearOC2Ref                          0x08001817   Thumb Code    24  stm32f10x_tim.o(.text)
    TIM_ClearOC3Ref                          0x0800182f   Thumb Code    18  stm32f10x_tim.o(.text)
    TIM_ClearOC4Ref                          0x08001841   Thumb Code    24  stm32f10x_tim.o(.text)
    TIM_OC1PolarityConfig                    0x08001859   Thumb Code    18  stm32f10x_tim.o(.text)
    TIM_OC1NPolarityConfig                   0x0800186b   Thumb Code    18  stm32f10x_tim.o(.text)
    TIM_OC2PolarityConfig                    0x0800187d   Thumb Code    26  stm32f10x_tim.o(.text)
    TIM_OC2NPolarityConfig                   0x08001897   Thumb Code    26  stm32f10x_tim.o(.text)
    TIM_OC3PolarityConfig                    0x080018b1   Thumb Code    26  stm32f10x_tim.o(.text)
    TIM_OC3NPolarityConfig                   0x080018cb   Thumb Code    26  stm32f10x_tim.o(.text)
    TIM_OC4PolarityConfig                    0x080018e5   Thumb Code    26  stm32f10x_tim.o(.text)
    TIM_CCxCmd                               0x080018ff   Thumb Code    30  stm32f10x_tim.o(.text)
    TIM_CCxNCmd                              0x0800191d   Thumb Code    30  stm32f10x_tim.o(.text)
    TIM_SelectOCxM                           0x0800193b   Thumb Code    82  stm32f10x_tim.o(.text)
    TIM_UpdateDisableConfig                  0x0800198d   Thumb Code    24  stm32f10x_tim.o(.text)
    TIM_UpdateRequestConfig                  0x080019a5   Thumb Code    24  stm32f10x_tim.o(.text)
    TIM_SelectHallSensor                     0x080019bd   Thumb Code    24  stm32f10x_tim.o(.text)
    TIM_SelectOnePulseMode                   0x080019d5   Thumb Code    18  stm32f10x_tim.o(.text)
    TIM_SelectOutputTrigger                  0x080019e7   Thumb Code    18  stm32f10x_tim.o(.text)
    TIM_SelectSlaveMode                      0x080019f9   Thumb Code    18  stm32f10x_tim.o(.text)
    TIM_SelectMasterSlaveMode                0x08001a0b   Thumb Code    18  stm32f10x_tim.o(.text)
    TIM_SetCounter                           0x08001a1d   Thumb Code     4  stm32f10x_tim.o(.text)
    TIM_SetAutoreload                        0x08001a21   Thumb Code     4  stm32f10x_tim.o(.text)
    TIM_SetCompare1                          0x08001a25   Thumb Code     4  stm32f10x_tim.o(.text)
    TIM_SetCompare2                          0x08001a29   Thumb Code     4  stm32f10x_tim.o(.text)
    TIM_SetCompare3                          0x08001a2d   Thumb Code     4  stm32f10x_tim.o(.text)
    TIM_SetCompare4                          0x08001a31   Thumb Code     6  stm32f10x_tim.o(.text)
    TIM_SetClockDivision                     0x08001a37   Thumb Code    18  stm32f10x_tim.o(.text)
    TIM_GetCapture1                          0x08001a49   Thumb Code     6  stm32f10x_tim.o(.text)
    TIM_GetCapture2                          0x08001a4f   Thumb Code     6  stm32f10x_tim.o(.text)
    TIM_GetCapture3                          0x08001a55   Thumb Code     6  stm32f10x_tim.o(.text)
    TIM_GetCapture4                          0x08001a5b   Thumb Code     8  stm32f10x_tim.o(.text)
    TIM_GetCounter                           0x08001a63   Thumb Code     6  stm32f10x_tim.o(.text)
    TIM_GetPrescaler                         0x08001a69   Thumb Code     6  stm32f10x_tim.o(.text)
    TIM_GetFlagStatus                        0x08001a6f   Thumb Code    18  stm32f10x_tim.o(.text)
    TIM_ClearFlag                            0x08001a81   Thumb Code     6  stm32f10x_tim.o(.text)
    TIM_GetITStatus                          0x08001a87   Thumb Code    34  stm32f10x_tim.o(.text)
    TIM_ClearITPendingBit                    0x08001aa9   Thumb Code     6  stm32f10x_tim.o(.text)
    CAN_DeInit                               0x08001ab1   Thumb Code    50  stm32f10x_can.o(.text)
    CAN_Init                                 0x08001ae3   Thumb Code   276  stm32f10x_can.o(.text)
    CAN_FilterInit                           0x08001bf7   Thumb Code   258  stm32f10x_can.o(.text)
    CAN_StructInit                           0x08001cf9   Thumb Code    32  stm32f10x_can.o(.text)
    CAN_SlaveStartBank                       0x08001d19   Thumb Code    48  stm32f10x_can.o(.text)
    CAN_DBGFreeze                            0x08001d49   Thumb Code    22  stm32f10x_can.o(.text)
    CAN_TTComModeCmd                         0x08001d5f   Thumb Code   118  stm32f10x_can.o(.text)
    CAN_Transmit                             0x08001dd5   Thumb Code   304  stm32f10x_can.o(.text)
    CAN_TransmitStatus                       0x08001f05   Thumb Code   138  stm32f10x_can.o(.text)
    CAN_CancelTransmit                       0x08001f8f   Thumb Code    48  stm32f10x_can.o(.text)
    CAN_Receive                              0x08001fbf   Thumb Code   240  stm32f10x_can.o(.text)
    CAN_FIFORelease                          0x080020af   Thumb Code    22  stm32f10x_can.o(.text)
    CAN_MessagePending                       0x080020c5   Thumb Code    30  stm32f10x_can.o(.text)
    CAN_OperatingModeRequest                 0x080020e3   Thumb Code   162  stm32f10x_can.o(.text)
    CAN_Sleep                                0x08002185   Thumb Code    30  stm32f10x_can.o(.text)
    CAN_WakeUp                               0x080021a3   Thumb Code    48  stm32f10x_can.o(.text)
    CAN_GetLastErrorCode                     0x080021d3   Thumb Code    12  stm32f10x_can.o(.text)
    CAN_GetReceiveErrorCounter               0x080021df   Thumb Code    10  stm32f10x_can.o(.text)
    CAN_GetLSBTransmitErrorCounter           0x080021e9   Thumb Code    12  stm32f10x_can.o(.text)
    CAN_ITConfig                             0x080021f5   Thumb Code    18  stm32f10x_can.o(.text)
    CAN_GetFlagStatus                        0x08002207   Thumb Code   120  stm32f10x_can.o(.text)
    CAN_ClearFlag                            0x0800227f   Thumb Code    52  stm32f10x_can.o(.text)
    CAN_GetITStatus                          0x080022c3   Thumb Code   308  stm32f10x_can.o(.text)
    CAN_ClearITPendingBit                    0x080023f7   Thumb Code   162  stm32f10x_can.o(.text)
    Reset_Handler                            0x0800249d   Thumb Code     8  startup_stm32f10x_md.o(.text)
    NMI_Handler                              0x080024a5   Thumb Code     2  startup_stm32f10x_md.o(.text)
    HardFault_Handler                        0x080024a7   Thumb Code     2  startup_stm32f10x_md.o(.text)
    MemManage_Handler                        0x080024a9   Thumb Code     2  startup_stm32f10x_md.o(.text)
    BusFault_Handler                         0x080024ab   Thumb Code     2  startup_stm32f10x_md.o(.text)
    UsageFault_Handler                       0x080024ad   Thumb Code     2  startup_stm32f10x_md.o(.text)
    SVC_Handler                              0x080024af   Thumb Code     2  startup_stm32f10x_md.o(.text)
    DebugMon_Handler                         0x080024b1   Thumb Code     2  startup_stm32f10x_md.o(.text)
    PendSV_Handler                           0x080024b3   Thumb Code     2  startup_stm32f10x_md.o(.text)
    SysTick_Handler                          0x080024b5   Thumb Code     2  startup_stm32f10x_md.o(.text)
    ADC1_2_IRQHandler                        0x080024b7   Thumb Code     0  startup_stm32f10x_md.o(.text)
    CAN1_RX1_IRQHandler                      0x080024b7   Thumb Code     0  startup_stm32f10x_md.o(.text)
    CAN1_SCE_IRQHandler                      0x080024b7   Thumb Code     0  startup_stm32f10x_md.o(.text)
    DMA1_Channel1_IRQHandler                 0x080024b7   Thumb Code     0  startup_stm32f10x_md.o(.text)
    DMA1_Channel2_IRQHandler                 0x080024b7   Thumb Code     0  startup_stm32f10x_md.o(.text)
    DMA1_Channel3_IRQHandler                 0x080024b7   Thumb Code     0  startup_stm32f10x_md.o(.text)
    DMA1_Channel4_IRQHandler                 0x080024b7   Thumb Code     0  startup_stm32f10x_md.o(.text)
    DMA1_Channel5_IRQHandler                 0x080024b7   Thumb Code     0  startup_stm32f10x_md.o(.text)
    DMA1_Channel6_IRQHandler                 0x080024b7   Thumb Code     0  startup_stm32f10x_md.o(.text)
    DMA1_Channel7_IRQHandler                 0x080024b7   Thumb Code     0  startup_stm32f10x_md.o(.text)
    EXTI0_IRQHandler                         0x080024b7   Thumb Code     0  startup_stm32f10x_md.o(.text)
    EXTI15_10_IRQHandler                     0x080024b7   Thumb Code     0  startup_stm32f10x_md.o(.text)
    EXTI1_IRQHandler                         0x080024b7   Thumb Code     0  startup_stm32f10x_md.o(.text)
    EXTI2_IRQHandler                         0x080024b7   Thumb Code     0  startup_stm32f10x_md.o(.text)
    EXTI3_IRQHandler                         0x080024b7   Thumb Code     0  startup_stm32f10x_md.o(.text)
    EXTI4_IRQHandler                         0x080024b7   Thumb Code     0  startup_stm32f10x_md.o(.text)
    EXTI9_5_IRQHandler                       0x080024b7   Thumb Code     0  startup_stm32f10x_md.o(.text)
    FLASH_IRQHandler                         0x080024b7   Thumb Code     0  startup_stm32f10x_md.o(.text)
    I2C1_ER_IRQHandler                       0x080024b7   Thumb Code     0  startup_stm32f10x_md.o(.text)
    I2C1_EV_IRQHandler                       0x080024b7   Thumb Code     0  startup_stm32f10x_md.o(.text)
    I2C2_ER_IRQHandler                       0x080024b7   Thumb Code     0  startup_stm32f10x_md.o(.text)
    I2C2_EV_IRQHandler                       0x080024b7   Thumb Code     0  startup_stm32f10x_md.o(.text)
    PVD_IRQHandler                           0x080024b7   Thumb Code     0  startup_stm32f10x_md.o(.text)
    RCC_IRQHandler                           0x080024b7   Thumb Code     0  startup_stm32f10x_md.o(.text)
    RTCAlarm_IRQHandler                      0x080024b7   Thumb Code     0  startup_stm32f10x_md.o(.text)
    RTC_IRQHandler                           0x080024b7   Thumb Code     0  startup_stm32f10x_md.o(.text)
    SPI1_IRQHandler                          0x080024b7   Thumb Code     0  startup_stm32f10x_md.o(.text)
    SPI2_IRQHandler                          0x080024b7   Thumb Code     0  startup_stm32f10x_md.o(.text)
    TAMPER_IRQHandler                        0x080024b7   Thumb Code     0  startup_stm32f10x_md.o(.text)
    TIM1_BRK_IRQHandler                      0x080024b7   Thumb Code     0  startup_stm32f10x_md.o(.text)
    TIM1_CC_IRQHandler                       0x080024b7   Thumb Code     0  startup_stm32f10x_md.o(.text)
    TIM1_TRG_COM_IRQHandler                  0x080024b7   Thumb Code     0  startup_stm32f10x_md.o(.text)
    TIM1_UP_IRQHandler                       0x080024b7   Thumb Code     0  startup_stm32f10x_md.o(.text)
    TIM2_IRQHandler                          0x080024b7   Thumb Code     0  startup_stm32f10x_md.o(.text)
    TIM3_IRQHandler                          0x080024b7   Thumb Code     0  startup_stm32f10x_md.o(.text)
    TIM4_IRQHandler                          0x080024b7   Thumb Code     0  startup_stm32f10x_md.o(.text)
    USART1_IRQHandler                        0x080024b7   Thumb Code     0  startup_stm32f10x_md.o(.text)
    USART2_IRQHandler                        0x080024b7   Thumb Code     0  startup_stm32f10x_md.o(.text)
    USART3_IRQHandler                        0x080024b7   Thumb Code     0  startup_stm32f10x_md.o(.text)
    USBWakeUp_IRQHandler                     0x080024b7   Thumb Code     0  startup_stm32f10x_md.o(.text)
    USB_HP_CAN1_TX_IRQHandler                0x080024b7   Thumb Code     0  startup_stm32f10x_md.o(.text)
    WWDG_IRQHandler                          0x080024b7   Thumb Code     0  startup_stm32f10x_md.o(.text)
    SystemInit                               0x0800259d   Thumb Code    78  system_stm32f10x.o(.text)
    SystemCoreClockUpdate                    0x080025eb   Thumb Code   142  system_stm32f10x.o(.text)
    __aeabi_f2uiz                            0x0800269d   Thumb Code    40  ffixui.o(.text)
    __I$use$fp                               0x080026c5   Thumb Code     0  iusefp.o(.text)
    __scatterload                            0x080026c5   Thumb Code    28  init.o(.text)
    __scatterload_rt2                        0x080026c5   Thumb Code     0  init.o(.text)
    __scatterload_copy                       0x080026e9   Thumb Code    14  handlers.o(i.__scatterload_copy)
    __scatterload_null                       0x080026f7   Thumb Code     2  handlers.o(i.__scatterload_null)
    __scatterload_zeroinit                   0x080026f9   Thumb Code    14  handlers.o(i.__scatterload_zeroinit)
    Region$$Table$$Base                      0x08002708   Number         0  anon$$obj.o(Region$$Table)
    Region$$Table$$Limit                     0x08002728   Number         0  anon$$obj.o(Region$$Table)
    Pwm                                      0x20000000   Data           4  pwm.o(.data)
    ID_Master_TEST                           0x20000004   Data           2  can1.o(.data)
    SystemCoreClock                          0x2000001c   Data           4  system_stm32f10x.o(.data)
    AHBPrescTable                            0x20000020   Data          16  system_stm32f10x.o(.data)
    __initial_sp                             0x20000430   Data           0  startup_stm32f10x_md.o(STACK)



==============================================================================

Memory Map of the image

  Image Entry point : 0x080000ed

  Load Region LR_IROM1 (Base: 0x08000000, Size: 0x00002758, Max: 0x00010000, ABSOLUTE)

    Execution Region ER_IROM1 (Base: 0x08000000, Size: 0x00002728, Max: 0x00010000, ABSOLUTE)

    Base Addr    Size         Type   Attr      Idx    E Section Name        Object

    0x08000000   0x000000ec   Data   RO          431    RESET               startup_stm32f10x_md.o
    0x080000ec   0x00000000   Code   RO          465  * .ARM.Collect$$$$00000000  mc_w.l(entry.o)
    0x080000ec   0x00000004   Code   RO          470    .ARM.Collect$$$$00000001  mc_w.l(entry2.o)
    0x080000f0   0x00000004   Code   RO          473    .ARM.Collect$$$$00000004  mc_w.l(entry5.o)
    0x080000f4   0x00000000   Code   RO          475    .ARM.Collect$$$$00000008  mc_w.l(entry7b.o)
    0x080000f4   0x00000000   Code   RO          477    .ARM.Collect$$$$0000000A  mc_w.l(entry8b.o)
    0x080000f4   0x00000008   Code   RO          478    .ARM.Collect$$$$0000000B  mc_w.l(entry9a.o)
    0x080000fc   0x00000000   Code   RO          480    .ARM.Collect$$$$0000000D  mc_w.l(entry10a.o)
    0x080000fc   0x00000000   Code   RO          482    .ARM.Collect$$$$0000000F  mc_w.l(entry11a.o)
    0x080000fc   0x00000004   Code   RO          471    .ARM.Collect$$$$00002712  mc_w.l(entry2.o)
    0x08000100   0x00000014   Code   RO            1    .text               main.o
    0x08000114   0x000000c8   Code   RO          122    .text               pwm.o
    0x080001dc   0x00000168   Code   RO          140    .text               can1.o
    0x08000344   0x0000005c   Code   RO          248    .text               led.o
    0x080003a0   0x0000011a   Code   RO          260    .text               mydataprocess.o
    0x080004ba   0x00000002   PAD
    0x080004bc   0x000000dc   Code   RO          272    .text               misc.o
    0x08000598   0x00000358   Code   RO          367    .text               stm32f10x_gpio.o
    0x080008f0   0x000003a4   Code   RO          379    .text               stm32f10x_rcc.o
    0x08000c94   0x00000e1a   Code   RO          393    .text               stm32f10x_tim.o
    0x08001aae   0x00000002   PAD
    0x08001ab0   0x000009ec   Code   RO          417    .text               stm32f10x_can.o
    0x0800249c   0x00000024   Code   RO          432    .text               startup_stm32f10x_md.o
    0x080024c0   0x000001dc   Code   RO          447    .text               system_stm32f10x.o
    0x0800269c   0x00000028   Code   RO          468    .text               mf_w.l(ffixui.o)
    0x080026c4   0x00000000   Code   RO          484    .text               mc_w.l(iusefp.o)
    0x080026c4   0x00000024   Code   RO          485    .text               mc_w.l(init.o)
    0x080026e8   0x0000000e   Code   RO          489    i.__scatterload_copy  mc_w.l(handlers.o)
    0x080026f6   0x00000002   Code   RO          490    i.__scatterload_null  mc_w.l(handlers.o)
    0x080026f8   0x0000000e   Code   RO          491    i.__scatterload_zeroinit  mc_w.l(handlers.o)
    0x08002706   0x00000002   PAD
    0x08002708   0x00000020   Data   RO          487    Region$$Table       anon$$obj.o


    Execution Region RW_IRAM1 (Base: 0x20000000, Size: 0x00000430, Max: 0x00005000, ABSOLUTE)

    Base Addr    Size         Type   Attr      Idx    E Section Name        Object

    0x20000000   0x00000004   Data   RW          123    .data               pwm.o
    0x20000004   0x00000002   Data   RW          141    .data               can1.o
    0x20000006   0x00000014   Data   RW          380    .data               stm32f10x_rcc.o
    0x2000001a   0x00000002   PAD
    0x2000001c   0x00000014   Data   RW          448    .data               system_stm32f10x.o
    0x20000030   0x00000400   Zero   RW          429    STACK               startup_stm32f10x_md.o


==============================================================================

Image component sizes


      Code (inc. data)   RO Data    RW Data    ZI Data      Debug   Object Name

       360         16          0          2          0     222016   can1.o
        92          4          0          0          0        561   led.o
        20          0          0          0          0     244011   main.o
       220         20          0          0          0     243073   misc.o
       282          0          0          0          0       3014   mydataprocess.o
       200         14          0          4          0       1116   pwm.o
        36          8        236          0       1024        880   startup_stm32f10x_md.o
      2540         38          0          0          0       8068   stm32f10x_can.o
       856         40          0          0          0       5709   stm32f10x_gpio.o
       932         44          0         20          0       8872   stm32f10x_rcc.o
      3610         88          0          0          0      22192   stm32f10x_tim.o
       476         36          0         20          0       1971   system_stm32f10x.o

    ----------------------------------------------------------------------
      9628        308        268         48       1024     761483   Object Totals
         0          0         32          0          0          0   (incl. Generated)
         4          0          0          2          0          0   (incl. Padding)

    ----------------------------------------------------------------------

      Code (inc. data)   RO Data    RW Data    ZI Data      Debug   Library Member Name

         0          0          0          0          0          0   entry.o
         0          0          0          0          0          0   entry10a.o
         0          0          0          0          0          0   entry11a.o
         8          4          0          0          0          0   entry2.o
         4          0          0          0          0          0   entry5.o
         0          0          0          0          0          0   entry7b.o
         0          0          0          0          0          0   entry8b.o
         8          4          0          0          0          0   entry9a.o
        30          0          0          0          0          0   handlers.o
        36          8          0          0          0         68   init.o
         0          0          0          0          0          0   iusefp.o
        40          0          0          0          0         68   ffixui.o

    ----------------------------------------------------------------------
       128         16          0          0          0        136   Library Totals
         2          0          0          0          0          0   (incl. Padding)

    ----------------------------------------------------------------------

      Code (inc. data)   RO Data    RW Data    ZI Data      Debug   Library Name

        86         16          0          0          0         68   mc_w.l
        40          0          0          0          0         68   mf_w.l

    ----------------------------------------------------------------------
       128         16          0          0          0        136   Library Totals

    ----------------------------------------------------------------------

==============================================================================


      Code (inc. data)   RO Data    RW Data    ZI Data      Debug   

      9756        324        268         48       1024     760631   Grand Totals
      9756        324        268         48       1024     760631   ELF Image Totals
      9756        324        268         48          0          0   ROM Totals

==============================================================================

    Total RO  Size (Code + RO Data)                10024 (   9.79kB)
    Total RW  Size (RW Data + ZI Data)              1072 (   1.05kB)
    Total ROM Size (Code + RO Data + RW Data)      10072 (   9.84kB)

==============================================================================

