<html>
<body>
<pre>
<h1>礦ision Build Log</h1>
<h2>Project:</h2>
E:\タカラモノ\2017电子设计国赛\2.四旋翼飞行器\1.自己的飞控代码 - 副本\摄像头程序\舵机板\Project\Pro\project.uvprojx
Project File Date:  08/07/2016

<h2>Output:</h2>
Build target 'Target 1'
compiling Can1.c...
linking...
Program Size: Code=9756 RO-data=268 RW-data=48 ZI-data=1024  
FromELF: creating hex file...
"..\Obj\project.axf" - 0 Error(s), 0 Warning(s).
Load "..\\Obj\\project.axf" 
Set JLink Project File to "E:\タカラモノ\2017电子设计国赛\2.四旋翼飞行器\1.自己的飞控代码 - 副本\摄像头程序\舵机板\Project\Pro\JLinkSettings.ini"
* JLink Info: Device "STM32F103C8" selected (64 KB flash, 20 KB RAM).
 
JLink info:
------------
DLL: V4.88 , compiled Jul 15 2014 08:50:40
Firmware: J-Link ARM-OB STM32 compiled Aug 22 2012 19:52:04
Hardware: V7.00
S/N : 20161007 
Feature(s) : RDI,FlashDL,FlashBP,JFlash,GDBFull 
 
* JLink Info: Found SWD-DP with ID 0x1BA01477
* JLink Info: Found SWD-DP with ID 0x1BA01477
* JLink Info: Found Cortex-M3 r1p1, Little endian.
* JLink Info: FPUnit: 6 code (BP) slots and 2 literal slots
* JLink Info: TPIU fitted.
ROMTableAddr = 0xE00FF003
 
Target info:
------------
Device: STM32F103C8
VTarget = 3.300V
State of Pins: 
TCK: 0, TDI: 0, TDO: 1, TMS: 0, TRES: 1, TRST: 1
Hardware-Breakpoints: 6
Software-Breakpoints: 8192
Watchpoints:          4
JTAG speed: 2000 kHz
 
Erase Done.
Programming Done.
Verify OK.
Application running ...
