ARM Linker, 5.03 [Build 76] [MDK-ARM Standard]

==============================================================================

Section Cross References

    ili9325_api.o(.text) refers to ili9325.o(.text) for ili9320_PutChar
    main.o(.text) refers to ili9325.o(.text) for ili9320_SetCursor
    main.o(.text) refers to ili9325_api.o(.text) for GUI_Text
    main.o(.text) refers to show_number.o(.text) for float_number_show
    main.o(.text) refers to image.o(.text) for Red_area_detection
    main.o(.text) refers to system_stm32f4xx.o(.text) for SystemInit
    main.o(.text) refers to misc.o(.text) for NVIC_PriorityGroupConfig
    main.o(.text) refers to led.o(.text) for Led_Config
    main.o(.text) refers to usart.o(.text) for usart_init
    main.o(.text) refers to tim2.o(.text) for TIM2_Int_Init
    main.o(.text) refers to delay.o(.text) for delay_ms
    main.o(.text) refers to ov7725.o(.text) for OV_Init
    main.o(.text) refers to stm32f4xx_gpio.o(.text) for GPIO_SetBits
    main.o(.text) refers to tim3.o(.text) for TIM3_Int_Init
    main.o(.text) refers to stmflash.o(.text) for STMFLASH_Read
    main.o(.text) refers to stm32f4xx_dma.o(.text) for DMA_GetITStatus
    main.o(.text) refers to stm32f4xx_dcmi.o(.text) for DCMI_CaptureCmd
    main.o(.text) refers to usart.o(.data) for Task_flag
    main.o(.text) refers to image.o(.data) for Horizontal_Column_BlackMidpoint
    main.o(.text) refers to ov7725.o(.data) for Gray_Image_Buffer
    main.o(.text) refers to main.o(.data) for area_flag
    main.o(.text) refers to ov7725.o(.bss) for Image
    led.o(.text) refers to stm32f4xx_rcc.o(.text) for RCC_AHB1PeriphClockCmd
    led.o(.text) refers to stm32f4xx_gpio.o(.text) for GPIO_Init
    ili9325.o(.text) refers to stm32f4xx_rcc.o(.text) for RCC_AHB3PeriphClockCmd
    ili9325.o(.text) refers to stm32f4xx_gpio.o(.text) for GPIO_PinAFConfig
    ili9325.o(.text) refers to stm32f4xx_fsmc.o(.text) for FSMC_NORSRAMInit
    ili9325.o(.text) refers to delay.o(.text) for delay_ms
    ili9325.o(.text) refers to ili9325.o(.data) for DeviceCode
    ili9325.o(.text) refers to ili9325.o(.constdata) for ascii_8x16
    ov7725.o(.text) refers to stm32f4xx_rcc.o(.text) for RCC_AHB1PeriphClockCmd
    ov7725.o(.text) refers to stm32f4xx_gpio.o(.text) for GPIO_PinAFConfig
    ov7725.o(.text) refers to sccb.o(.text) for SCCB_GPIO_Config
    ov7725.o(.text) refers to stm32f4xx_dcmi.o(.text) for DCMI_Init
    ov7725.o(.text) refers to misc.o(.text) for NVIC_Init
    ov7725.o(.text) refers to stm32f4xx_dma.o(.text) for DMA_DeInit
    ov7725.o(.text) refers to delay.o(.text) for delay_ms
    ov7725.o(.text) refers to ov7725.o(.constdata) for OV7725RGB_reg
    ov7725.o(.text) refers to ov7725.o(.bss) for Image
    sccb.o(.text) refers to stm32f4xx_rcc.o(.text) for RCC_AHB1PeriphClockCmd
    sccb.o(.text) refers to stm32f4xx_gpio.o(.text) for GPIO_Init
    image.o(.text) refers to stm32f4xx_gpio.o(.text) for GPIO_ResetBits
    image.o(.text) refers to image.o(.data) for black_num
    image.o(.text) refers to ov7725.o(.data) for Gray_Image_Buffer
    image.o(.text) refers to dflti.o(.text) for __aeabi_i2d
    image.o(.text) refers to ddiv.o(.text) for __aeabi_ddiv
    image.o(.text) refers to dfixui.o(.text) for __aeabi_d2uiz
    image.o(.text) refers to dfixi.o(.text) for __aeabi_d2iz
    can1.o(.text) refers to stm32f4xx_rcc.o(.text) for RCC_AHB1PeriphClockCmd
    can1.o(.text) refers to stm32f4xx_gpio.o(.text) for GPIO_Init
    usart.o(.text) refers to stm32f4xx_rcc.o(.text) for RCC_AHB1PeriphClockCmd
    usart.o(.text) refers to stm32f4xx_gpio.o(.text) for GPIO_PinAFConfig
    usart.o(.text) refers to stm32f4xx_usart.o(.text) for USART_Init
    usart.o(.text) refers to misc.o(.text) for NVIC_Init
    usart.o(.text) refers to usart.o(.data) for Temp
    usart.o(.text) refers to image.o(.data) for color_Thres
    usart.o(.text) refers to main.o(.data) for write_flash_flag
    tim3.o(.text) refers to stm32f4xx_rcc.o(.text) for RCC_APB1PeriphClockCmd
    tim3.o(.text) refers to stm32f4xx_tim.o(.text) for TIM_TimeBaseInit
    tim3.o(.text) refers to misc.o(.text) for NVIC_Init
    tim3.o(.text) refers to stm32f4xx_usart.o(.text) for USART_SendData
    tim3.o(.text) refers to tim3.o(.data) for change_flag
    tim3.o(.text) refers to image.o(.data) for Horizontal_Column_BlackMidpoint
    tim3.o(.text) refers to usart.o(.data) for Task_flag
    show_number.o(.text) refers to printfa.o(i.__0sprintf) for __2sprintf
    show_number.o(.text) refers to ili9325_api.o(.text) for GUI_Text
    show_number.o(.text) refers to f2d.o(.text) for __aeabi_f2d
    show_number.o(.text) refers to show_number.o(.constdata) for .constdata
    tim2.o(.text) refers to stm32f4xx_rcc.o(.text) for RCC_APB1PeriphClockCmd
    tim2.o(.text) refers to stm32f4xx_tim.o(.text) for TIM_TimeBaseInit
    tim2.o(.text) refers to misc.o(.text) for NVIC_Init
    stmflash.o(.text) refers to stm32f4xx_flash.o(.text) for FLASH_Unlock
[...]
    Removing pid.o(.revsh_text), (4 bytes).
    Removing pid.o(.data), (24 bytes).
    Removing can1.o(.rev16_text), (4 bytes).
    Removing can1.o(.revsh_text), (4 bytes).
    Removing can1.o(.text), (52 bytes).
    Removing mydataprocess.o(.rev16_text), (4 bytes).
    Removing mydataprocess.o(.revsh_text), (4 bytes).
    Removing mydataprocess.o(.text), (290 bytes).
    Removing usart.o(.rev16_text), (4 bytes).
    Removing usart.o(.revsh_text), (4 bytes).
    Removing tim3.o(.rev16_text), (4 bytes).
    Removing tim3.o(.revsh_text), (4 bytes).
    Removing show_number.o(.rev16_text), (4 bytes).
    Removing show_number.o(.revsh_text), (4 bytes).
    Removing tim2.o(.rev16_text), (4 bytes).
    Removing tim2.o(.revsh_text), (4 bytes).
    Removing tim2.o(.data), (12 bytes).
    Removing stmflash.o(.rev16_text), (4 bytes).
    Removing stmflash.o(.revsh_text), (4 bytes).
    Removing misc.o(.rev16_text), (4 bytes).
    Removing misc.o(.revsh_text), (4 bytes).
    Removing stm32f4xx_exti.o(.rev16_text), (4 bytes).
    Removing stm32f4xx_exti.o(.revsh_text), (4 bytes).
    Removing stm32f4xx_exti.o(.text), (284 bytes).
    Removing stm32f4xx_gpio.o(.rev16_text), (4 bytes).
    Removing stm32f4xx_gpio.o(.revsh_text), (4 bytes).
    Removing stm32f4xx_rcc.o(.rev16_text), (4 bytes).
    Removing stm32f4xx_rcc.o(.revsh_text), (4 bytes).
    Removing stm32f4xx_tim.o(.rev16_text), (4 bytes).
    Removing stm32f4xx_tim.o(.revsh_text), (4 bytes).
    Removing stm32f4xx_usart.o(.rev16_text), (4 bytes).
    Removing stm32f4xx_usart.o(.revsh_text), (4 bytes).
    Removing stm32f4xx_adc.o(.rev16_text), (4 bytes).
    Removing stm32f4xx_adc.o(.revsh_text), (4 bytes).
    Removing stm32f4xx_adc.o(.text), (1136 bytes).
    Removing stm32f4xx_can.o(.rev16_text), (4 bytes).
    Removing stm32f4xx_can.o(.revsh_text), (4 bytes).
    Removing stm32f4xx_can.o(.text), (2540 bytes).
    Removing stm32f4xx_dcmi.o(.rev16_text), (4 bytes).
    Removing stm32f4xx_dcmi.o(.revsh_text), (4 bytes).
    Removing stm32f4xx_dma.o(.rev16_text), (4 bytes).
    Removing stm32f4xx_dma.o(.revsh_text), (4 bytes).
    Removing stm32f4xx_fsmc.o(.rev16_text), (4 bytes).
    Removing stm32f4xx_fsmc.o(.revsh_text), (4 bytes).
    Removing stm32f4xx_flash.o(.rev16_text), (4 bytes).
    Removing stm32f4xx_flash.o(.revsh_text), (4 bytes).
    Removing system_stm32f4xx.o(.rev16_text), (4 bytes).
    Removing system_stm32f4xx.o(.revsh_text), (4 bytes).
    Removing startup_stm32f4xx.o(HEAP), (512 bytes).

71 unused section(s) (total 9698 bytes) removed from the image.

==============================================================================

Image Symbol Table

    Local Symbols

    Symbol Name                              Value     Ov Type        Size  Object(Section)

    ../clib/microlib/division.c              0x00000000   Number         0  uldiv.o ABSOLUTE
    ../clib/microlib/division.c              0x00000000   Number         0  uidiv.o ABSOLUTE
    ../clib/microlib/init/entry.s            0x00000000   Number         0  entry7a.o ABSOLUTE
    ../clib/microlib/init/entry.s            0x00000000   Number         0  entry5.o ABSOLUTE
    ../clib/microlib/init/entry.s            0x00000000   Number         0  entry11b.o ABSOLUTE
    ../clib/microlib/init/entry.s            0x00000000   Number         0  entry10b.o ABSOLUTE
    ../clib/microlib/init/entry.s            0x00000000   Number         0  entry2.o ABSOLUTE
    ../clib/microlib/init/entry.s            0x00000000   Number         0  entry11a.o ABSOLUTE
    ../clib/microlib/init/entry.s            0x00000000   Number         0  entry10a.o ABSOLUTE
    ../clib/microlib/init/entry.s            0x00000000   Number         0  entry9b.o ABSOLUTE
    ../clib/microlib/init/entry.s            0x00000000   Number         0  entry9a.o ABSOLUTE
    ../clib/microlib/init/entry.s            0x00000000   Number         0  entry8b.o ABSOLUTE
    ../clib/microlib/init/entry.s            0x00000000   Number         0  entry8a.o ABSOLUTE
    ../clib/microlib/init/entry.s            0x00000000   Number         0  entry7b.o ABSOLUTE
    ../clib/microlib/init/entry.s            0x00000000   Number         0  entry.o ABSOLUTE
    ../clib/microlib/longlong.c              0x00000000   Number         0  llushr.o ABSOLUTE
    ../clib/microlib/longlong.c              0x00000000   Number         0  llshl.o ABSOLUTE
    ../clib/microlib/longlong.c              0x00000000   Number         0  llsshr.o ABSOLUTE
    ../clib/microlib/printf/printf.c         0x00000000   Number         0  printfb.o ABSOLUTE
    ../clib/microlib/printf/printf.c         0x00000000   Number         0  printf6.o ABSOLUTE
    ../clib/microlib/printf/printf.c         0x00000000   Number         0  printf5.o ABSOLUTE
    ../clib/microlib/printf/printf.c         0x00000000   Number         0  printf0.o ABSOLUTE
    ../clib/microlib/printf/printf.c         0x00000000   Number         0  printf1.o ABSOLUTE
    ../clib/microlib/printf/printf.c         0x00000000   Number         0  printf4.o ABSOLUTE
    ../clib/microlib/printf/printf.c         0x00000000   Number         0  printf2.o ABSOLUTE
    ../clib/microlib/printf/printf.c         0x00000000   Number         0  printf8.o ABSOLUTE
    ../clib/microlib/printf/printf.c         0x00000000   Number         0  printf3.o ABSOLUTE
    ../clib/microlib/printf/printf.c         0x00000000   Number         0  printf7.o ABSOLUTE
    ../clib/microlib/printf/printf.c         0x00000000   Number         0  printfa.o ABSOLUTE
    ../clib/microlib/printf/stubs.s          0x00000000   Number         0  stubs.o ABSOLUTE
    ../clib/microlib/stdio/fputc.c           0x00000000   Number         0  fputc.o ABSOLUTE
    ../clib/microlib/stdio/semi.s            0x00000000   Number         0  semi.o ABSOLUTE
    ../clib/microlib/stdio/streams.c         0x00000000   Number         0  stdout.o ABSOLUTE
    ../clib/microlib/stubs.s                 0x00000000   Number         0  iusesemip.o ABSOLUTE
    ../clib/microlib/stubs.s                 0x00000000   Number         0  iusefp.o ABSOLUTE
    ../fplib/microlib/f2d.c                  0x00000000   Number         0  f2d.o ABSOLUTE
    ../fplib/microlib/fpadd.c                0x00000000   Number         0  dadd.o ABSOLUTE
    ../fplib/microlib/fpdiv.c                0x00000000   Number         0  ddiv.o ABSOLUTE
    ../fplib/microlib/fpepilogue.c           0x00000000   Number         0  depilogue.o ABSOLUTE
    ../fplib/microlib/fpfix.c                0x00000000   Number         0  dfixi.o ABSOLUTE
    ../fplib/microlib/fpfix.c                0x00000000   Number         0  dfixui.o ABSOLUTE
    ../fplib/microlib/fpfix.c                0x00000000   Number         0  dfixul.o ABSOLUTE
    ../fplib/microlib/fpflt.c                0x00000000   Number         0  dflti.o ABSOLUTE
    ../fplib/microlib/fpmul.c                0x00000000   Number         0  dmul.o ABSOLUTE
    ..\Libraries\CMSIS\system_stm32f4xx.c    0x00000000   Number         0  system_stm32f4xx.o ABSOLUTE
    ..\Libraries\STM32F4xx_StdPeriph_Driver\src\misc.c 0x00000000   Number         0  misc.o ABSOLUTE
    ..\Libraries\STM32F4xx_StdPeriph_Driver\src\stm32f4xx_adc.c 0x00000000   Number         0  stm32f4xx_adc.o ABSOLUTE
    ..\Libraries\STM32F4xx_StdPeriph_Driver\src\stm32f4xx_can.c 0x00000000   Number         0  stm32f4xx_can.o ABSOLUTE
    ..\Libraries\STM32F4xx_StdPeriph_Driver\src\stm32f4xx_dcmi.c 0x00000000   Number         0  stm32f4xx_dcmi.o ABSOLUTE
    ..\Libraries\STM32F4xx_StdPeriph_Driver\src\stm32f4xx_dma.c 0x00000000   Number         0  stm32f4xx_dma.o ABSOLUTE
    ..\Libraries\STM32F4xx_StdPeriph_Driver\src\stm32f4xx_exti.c 0x00000000   Number         0  stm32f4xx_exti.o ABSOLUTE
    ..\Libraries\STM32F4xx_StdPeriph_Driver\src\stm32f4xx_flash.c 0x00000000   Number         0  stm32f4xx_flash.o ABSOLUTE
    ..\Libraries\STM32F4xx_StdPeriph_Driver\src\stm32f4xx_fsmc.c 0x00000000   Number         0  stm32f4xx_fsmc.o ABSOLUTE
    ..\Libraries\STM32F4xx_StdPeriph_Driver\src\stm32f4xx_gpio.c 0x00000000   Number         0  stm32f4xx_gpio.o ABSOLUTE
    ..\Libraries\STM32F4xx_StdPeriph_Driver\src\stm32f4xx_rcc.c 0x00000000   Number         0  stm32f4xx_rcc.o ABSOLUTE
    ..\Libraries\STM32F4xx_StdPeriph_Driver\src\stm32f4xx_tim.c 0x00000000   Number         0  stm32f4xx_tim.o ABSOLUTE
    ..\Libraries\STM32F4xx_StdPeriph_Driver\src\stm32f4xx_usart.c 0x00000000   Number         0  stm32f4xx_usart.o ABSOLUTE
    ..\Libraries\Startup\startup_stm32f4xx.s 0x00000000   Number         0  startup_stm32f4xx.o ABSOLUTE
    ..\User\src\Can1.c                       0x00000000   Number         0  can1.o ABSOLUTE
    ..\User\src\ILI9325.c                    0x00000000   Number         0  ili9325.o ABSOLUTE
    ..\User\src\ILI9325_API.c                0x00000000   Number         0  ili9325_api.o ABSOLUTE
    ..\User\src\Image.c                      0x00000000   Number         0  image.o ABSOLUTE
    ..\User\src\MyDataProcess.c              0x00000000   Number         0  mydataprocess.o ABSOLUTE
    ..\User\src\OV7725.c                     0x00000000   Number         0  ov7725.o ABSOLUTE
    ..\User\src\PID.c                        0x00000000   Number         0  pid.o ABSOLUTE
    ..\User\src\Sccb.c                       0x00000000   Number         0  sccb.o ABSOLUTE
    ..\User\src\Show_Number.c                0x00000000   Number         0  show_number.o ABSOLUTE
    ..\User\src\TIM2.c                       0x00000000   Number         0  tim2.o ABSOLUTE
    ..\User\src\TIM3.c                       0x00000000   Number         0  tim3.o ABSOLUTE
    ..\User\src\Usart.c                      0x00000000   Number         0  usart.o ABSOLUTE
    ..\User\src\delay.c                      0x00000000   Number         0  delay.o ABSOLUTE
    ..\User\src\led.c                        0x00000000   Number         0  led.o ABSOLUTE
    ..\User\src\main.c                       0x00000000   Number         0  main.o ABSOLUTE
    ..\User\src\stm32f4xx_it.c               0x00000000   Number         0  stm32f4xx_it.o ABSOLUTE
    ..\User\src\stmflash.c                   0x00000000   Number         0  stmflash.o ABSOLUTE
    ..\\Libraries\\CMSIS\\system_stm32f4xx.c 0x00000000   Number         0  system_stm32f4xx.o ABSOLUTE
    ..\\Libraries\\STM32F4xx_StdPeriph_Driver\\src\\misc.c 0x00000000   Number         0  misc.o ABSOLUTE
    ..\\Libraries\\STM32F4xx_StdPeriph_Driver\\src\\stm32f4xx_adc.c 0x00000000   Number         0  stm32f4xx_adc.o ABSOLUTE
    ..\\Libraries\\STM32F4xx_StdPeriph_Driver\\src\\stm32f4xx_can.c 0x00000000   Number         0  stm32f4xx_can.o ABSOLUTE
    ..\\Libraries\\STM32F4xx_StdPeriph_Driver\\src\\stm32f4xx_dcmi.c 0x00000000   Number         0  stm32f4xx_dcmi.o ABSOLUTE
    ..\\Libraries\\STM32F4xx_StdPeriph_Driver\\src\\stm32f4xx_dma.c 0x00000000   Number         0  stm32f4xx_dma.o ABSOLUTE
    ..\\Libraries\\STM32F4xx_StdPeriph_Driver\\src\\stm32f4xx_exti.c 0x00000000   Number         0  stm32f4xx_exti.o ABSOLUTE
    ..\\Libraries\\STM32F4xx_StdPeriph_Driver\\src\\stm32f4xx_flash.c 0x00000000   Number         0  stm32f4xx_flash.o ABSOLUTE
    ..\\Libraries\\STM32F4xx_StdPeriph_Driver\\src\\stm32f4xx_fsmc.c 0x00000000   Number         0  stm32f4xx_fsmc.o ABSOLUTE
    ..\\Libraries\\STM32F4xx_StdPeriph_Driver\\src\\stm32f4xx_gpio.c 0x00000000   Number         0  stm32f4xx_gpio.o ABSOLUTE
    ..\\Libraries\\STM32F4xx_StdPeriph_Driver\\src\\stm32f4xx_rcc.c 0x00000000   Number         0  stm32f4xx_rcc.o ABSOLUTE
    ..\\Libraries\\STM32F4xx_StdPeriph_Driver\\src\\stm32f4xx_tim.c 0x00000000   Number         0  stm32f4xx_tim.o ABSOLUTE
    ..\\Libraries\\STM32F4xx_StdPeriph_Driver\\src\\stm32f4xx_usart.c 0x00000000   Number         0  stm32f4xx_usart.o ABSOLUTE
    ..\\User\\src\\Can1.c                    0x00000000   Number         0  can1.o ABSOLUTE
    ..\\User\\src\\ILI9325.c                 0x00000000   Number         0  ili9325.o ABSOLUTE
    ..\\User\\src\\ILI9325_API.c             0x00000000   Number         0  ili9325_api.o ABSOLUTE
    ..\\User\\src\\Image.c                   0x00000000   Number         0  image.o ABSOLUTE
    ..\\User\\src\\MyDataProcess.c           0x00000000   Number         0  mydataprocess.o ABSOLUTE
    ..\\User\\src\\OV7725.c                  0x00000000   Number         0  ov7725.o ABSOLUTE
    ..\\User\\src\\PID.c                     0x00000000   Number         0  pid.o ABSOLUTE
    ..\\User\\src\\Sccb.c                    0x00000000   Number         0  sccb.o ABSOLUTE
    ..\\User\\src\\Show_Number.c             0x00000000   Number         0  show_number.o ABSOLUTE
    ..\\User\\src\\TIM2.c                    0x00000000   Number         0  tim2.o ABSOLUTE
    ..\\User\\src\\TIM3.c                    0x00000000   Number         0  tim3.o ABSOLUTE
    ..\\User\\src\\Usart.c                   0x00000000   Number         0  usart.o ABSOLUTE
    ..\\User\\src\\delay.c                   0x00000000   Number         0  delay.o ABSOLUTE
    ..\\User\\src\\led.c                     0x00000000   Number         0  led.o ABSOLUTE
    ..\\User\\src\\main.c                    0x00000000   Number         0  main.o ABSOLUTE
    ..\\User\\src\\stm32f4xx_it.c            0x00000000   Number         0  stm32f4xx_it.o ABSOLUTE
    ..\\User\\src\\stmflash.c                0x00000000   Number         0  stmflash.o ABSOLUTE
    cdrcmple.s                               0x00000000   Number         0  cdrcmple.o ABSOLUTE
    dc.s                                     0x00000000   Number         0  dc.o ABSOLUTE
    handlers.s                               0x00000000   Number         0  handlers.o ABSOLUTE
    init.s                                   0x00000000   Number         0  init.o ABSOLUTE
    RESET                                    0x08000000   Section      392  startup_stm32f4xx.o(RESET)
    .ARM.Collect$$$$00000000                 0x08000188   Section        0  entry.o(.ARM.Collect$$$$00000000)
    .ARM.Collect$$$$00000001                 0x08000188   Section        4  entry2.o(.ARM.Collect$$$$00000001)
    .ARM.Collect$$$$00000004                 0x0800018c   Section        4  entry5.o(.ARM.Collect$$$$00000004)
    .ARM.Collect$$$$00000008                 0x08000190   Section        0  entry7b.o(.ARM.Collect$$$$00000008)
    .ARM.Collect$$$$0000000A                 0x08000190   Section        0  entry8b.o(.ARM.Collect$$$$0000000A)
    .ARM.Collect$$$$0000000B                 0x08000190   Section        8  entry9a.o(.ARM.Collect$$$$0000000B)
    .ARM.Collect$$$$0000000D                 0x08000198   Section        0  entry10a.o(.ARM.Collect$$$$0000000D)
    .ARM.Collect$$$$0000000F                 0x08000198   Section        0  entry11a.o(.ARM.Collect$$$$0000000F)
    .ARM.Collect$$$$00002712                 0x08000198   Section        4  entry2.o(.ARM.Collect$$$$00002712)
    __lit__00000000                          0x08000198   Data           4  entry2.o(.ARM.Collect$$$$00002712)
    .text                                    0x0800019c   Section        0  ili9325_api.o(.text)
    .text                                    0x08000604   Section        0  main.o(.text)
    .text                                    0x08000a90   Section        0  stm32f4xx_it.o(.text)
    .text                                    0x08000aa8   Section        0  delay.o(.text)
    .text                                    0x08000ae0   Section        0  led.o(.text)
    .text                                    0x08000b20   Section        0  ili9325.o(.text)
    .text                                    0x08001bd0   Section        0  ov7725.o(.text)
    .text                                    0x08001f10   Section        0  sccb.o(.text)
    .text                                    0x08002240   Section        0  image.o(.text)
    .text                                    0x08002dc0   Section        0  usart.o(.text)
    .text                                    0x08002f04   Section        0  tim3.o(.text)
    .text                                    0x0800318c   Section        0  show_number.o(.text)
    .text                                    0x08003228   Section        0  tim2.o(.text)
    .text                                    0x0800329c   Section        0  stmflash.o(.text)
    .text                                    0x080033f8   Section        0  misc.o(.text)
    .text                                    0x080034dc   Section        0  stm32f4xx_gpio.o(.text)
    .text                                    0x08003738   Section        0  stm32f4xx_rcc.o(.text)
    .text                                    0x08003cc0   Section        0  stm32f4xx_tim.o(.text)
    TI4_Config                               0x0800445f   Thumb Code    80  stm32f4xx_tim.o(.text)
    TI3_Config                               0x080044c1   Thumb Code    72  stm32f4xx_tim.o(.text)
    TI2_Config                               0x08004523   Thumb Code    90  stm32f4xx_tim.o(.text)
    TI1_Config                               0x0800458f   Thumb Code    58  stm32f4xx_tim.o(.text)
    .text                                    0x08004964   Section        0  stm32f4xx_usart.o(.text)
    .text                                    0x08004d80   Section        0  stm32f4xx_dcmi.o(.text)
    .text                                    0x08004f0c   Section        0  stm32f4xx_dma.o(.text)
    .text                                    0x080052b0   Section        0  stm32f4xx_fsmc.o(.text)
    .text                                    0x080058cc   Section        0  stm32f4xx_flash.o(.text)
    .text                                    0x08005d94   Section        0  system_stm32f4xx.o(.text)
    SetSysClock                              0x08005d95   Thumb Code   218  system_stm32f4xx.o(.text)
    .text                                    0x08005fa0   Section       36  startup_stm32f4xx.o(.text)
    $v0                                      0x08005fa0   Number         0  startup_stm32f4xx.o(.text)
    .text                                    0x08005fc4   Section        0  ddiv.o(.text)
    .text                                    0x080060a2   Section        0  dflti.o(.text)
    .text                                    0x080060c4   Section        0  dfixi.o(.text)
    .text                                    0x08006102   Section        0  dfixui.o(.text)
    .text                                    0x08006134   Section        0  f2d.o(.text)
    .text                                    0x0800615a   Section        0  uidiv.o(.text)
    .text                                    0x08006186   Section        0  uldiv.o(.text)
    .text                                    0x080061e8   Section        0  llushr.o(.text)
    .text                                    0x08006208   Section        0  iusefp.o(.text)
    .text                                    0x08006208   Section        0  depilogue.o(.text)
    .text                                    0x080062c6   Section        0  dadd.o(.text)
    .text                                    0x08006414   Section        0  dmul.o(.text)
    .text                                    0x080064f8   Section        0  dfixul.o(.text)
    .text                                    0x08006528   Section       40  cdrcmple.o(.text)
    .text                                    0x08006550   Section       36  init.o(.text)
    .text                                    0x08006574   Section        0  llshl.o(.text)
    .text                                    0x08006592   Section        0  llsshr.o(.text)
    i.__0sprintf                             0x080065b8   Section        0  printfa.o(i.__0sprintf)
    i.__scatterload_copy                     0x080065e0   Section       14  handlers.o(i.__scatterload_copy)
    i.__scatterload_null                     0x080065ee   Section        2  handlers.o(i.__scatterload_null)
    i.__scatterload_zeroinit                 0x080065f0   Section       14  handlers.o(i.__scatterload_zeroinit)
    i._fp_digits                             0x08006600   Section        0  printfa.o(i._fp_digits)
    _fp_digits                               0x08006601   Thumb Code   326  printfa.o(i._fp_digits)
    i._printf_core                           0x0800675c   Section        0  printfa.o(i._printf_core)
    _printf_core                             0x0800675d   Thumb Code  1762  printfa.o(i._printf_core)
    i._printf_post_padding                   0x08006e4c   Section        0  printfa.o(i._printf_post_padding)
    _printf_post_padding                     0x08006e4d   Thumb Code    38  printfa.o(i._printf_post_padding)
    i._printf_pre_padding                    0x08006e72   Section        0  printfa.o(i._printf_pre_padding)
    _printf_pre_padding                      0x08006e73   Thumb Code    48  printfa.o(i._printf_pre_padding)
    i._sputc                                 0x08006ea2   Section        0  printfa.o(i._sputc)
    _sputc                                   0x08006ea3   Thumb Code    10  printfa.o(i._sputc)
    .constdata                               0x08006eac   Section     6096  ili9325.o(.constdata)
    .constdata                               0x0800867c   Section      304  ov7725.o(.constdata)
    OV7725RGB_reg                            0x0800867c   Data         156  ov7725.o(.constdata)
    OV7725YUV_reg                            0x08008718   Data         148  ov7725.o(.constdata)
    .constdata                               0x080087ac   Section       12  show_number.o(.constdata)
    .data                                    0x20000000   Section       26  main.o(.data)
    .data                                    0x2000001a   Section        2  ili9325.o(.data)
    .data                                    0x2000001c   Section        4  ov7725.o(.data)
    .data                                    0x20000020   Section       88  image.o(.data)
    .data                                    0x20000078   Section       28  usart.o(.data)
    .data                                    0x20000094   Section       32  tim3.o(.data)
    .data                                    0x200000b4   Section       16  stm32f4xx_rcc.o(.data)
    APBAHBPrescTable                         0x200000b4   Data          16  stm32f4xx_rcc.o(.data)
    .data                                    0x200000c4   Section       20  system_stm32f4xx.o(.data)
    .bss                                     0x200000d8   Section    128000  ov7725.o(.bss)
    STACK                                    0x2001f4d8   Section     1024  startup_stm32f4xx.o(STACK)

    Global Symbols

    Symbol Name                              Value     Ov Type        Size  Object(Section)

    BuildAttributes$$THM_ISAv4$E$P$D$K$B$S$7EM$VFPi3$EXTD16$VFPS$VFMA$PE$A:L22UL41UL21$X:L11$S22US41US21$IEEE1$IW$USESV6$~STKCKD$USESV7$~SHL$OSPACE$ROPI$EBA8$MICROLIB$REQ8$PRES8$EABIv2 0x00000000   Number         0  anon$$obj.o ABSOLUTE
    __ARM_use_no_argv                        0x00000000   Number         0  main.o ABSOLUTE
    _printf_a                                0x00000000   Number         0  stubs.o ABSOLUTE
    _printf_c                                0x00000000   Number         0  stubs.o ABSOLUTE
    _printf_charcount                        0x00000000   Number         0  stubs.o ABSOLUTE
    _printf_d                                0x00000000   Number         0  stubs.o ABSOLUTE
    _printf_e                                0x00000000   Number         0  stubs.o ABSOLUTE
    _printf_f                                0x00000000   Number         0  stubs.o ABSOLUTE
    _printf_flags                            0x00000000   Number         0  stubs.o ABSOLUTE
    _printf_fp_dec                           0x00000000   Number         0  stubs.o ABSOLUTE
    _printf_fp_hex                           0x00000000   Number         0  stubs.o ABSOLUTE
    _printf_g                                0x00000000   Number         0  stubs.o ABSOLUTE
    _printf_i                                0x00000000   Number         0  stubs.o ABSOLUTE
    _printf_int_dec                          0x00000000   Number         0  stubs.o ABSOLUTE
    _printf_l                                0x00000000   Number         0  stubs.o ABSOLUTE
    _printf_lc                               0x00000000   Number         0  stubs.o ABSOLUTE
    _printf_ll                               0x00000000   Number         0  stubs.o ABSOLUTE
    _printf_lld                              0x00000000   Number         0  stubs.o ABSOLUTE
    _printf_lli                              0x00000000   Number         0  stubs.o ABSOLUTE
    _printf_llo                              0x00000000   Number         0  stubs.o ABSOLUTE
    _printf_llu                              0x00000000   Number         0  stubs.o ABSOLUTE
    _printf_llx                              0x00000000   Number         0  stubs.o ABSOLUTE
    _printf_longlong_dec                     0x00000000   Number         0  stubs.o ABSOLUTE
    _printf_longlong_hex                     0x00000000   Number         0  stubs.o ABSOLUTE
    _printf_longlong_oct                     0x00000000   Number         0  stubs.o ABSOLUTE
    _printf_ls                               0x00000000   Number         0  stubs.o ABSOLUTE
    _printf_mbtowc                           0x00000000   Number         0  stubs.o ABSOLUTE
    _printf_n                                0x00000000   Number         0  stubs.o ABSOLUTE
    _printf_o                                0x00000000   Number         0  stubs.o ABSOLUTE
    _printf_p                                0x00000000   Number         0  stubs.o ABSOLUTE
    _printf_percent                          0x00000000   Number         0  stubs.o ABSOLUTE
    _printf_pre_padding                      0x00000000   Number         0  stubs.o ABSOLUTE
    _printf_return_value                     0x00000000   Number         0  stubs.o ABSOLUTE
    _printf_s                                0x00000000   Number         0  stubs.o ABSOLUTE
    _printf_sizespec                         0x00000000   Number         0  stubs.o ABSOLUTE
    _printf_str                              0x00000000   Number         0  stubs.o ABSOLUTE
    _printf_truncate_signed                  0x00000000   Number         0  stubs.o ABSOLUTE
    _printf_truncate_unsigned                0x00000000   Number         0  stubs.o ABSOLUTE
    _printf_u                                0x00000000   Number         0  stubs.o ABSOLUTE
    _printf_wc                               0x00000000   Number         0  stubs.o ABSOLUTE
    _printf_wctomb                           0x00000000   Number         0  stubs.o ABSOLUTE
    _printf_widthprec                        0x00000000   Number         0  stubs.o ABSOLUTE
    _printf_x                                0x00000000   Number         0  stubs.o ABSOLUTE
    __cpp_initialize__aeabi_                  - Undefined Weak Reference
    __cxa_finalize                            - Undefined Weak Reference
    __decompress                              - Undefined Weak Reference
    _clock_init                               - Undefined Weak Reference
    _microlib_exit                            - Undefined Weak Reference
    __Vectors_Size                           0x00000188   Number         0  startup_stm32f4xx.o ABSOLUTE
    __Vectors                                0x08000000   Data           4  startup_stm32f4xx.o(RESET)
    __Vectors_End                            0x08000188   Data           0  startup_stm32f4xx.o(RESET)
    __main                                   0x08000189   Thumb Code     0  entry.o(.ARM.Collect$$$$00000000)
    _main_stk                                0x08000189   Thumb Code     0  entry2.o(.ARM.Collect$$$$00000001)
    _main_scatterload                        0x0800018d   Thumb Code     0  entry5.o(.ARM.Collect$$$$00000004)
    __main_after_scatterload                 0x08000191   Thumb Code     0  entry5.o(.ARM.Collect$$$$00000004)
    _main_clock                              0x08000191   Thumb Code     0  entry7b.o(.ARM.Collect$$$$00000008)
    _main_cpp_init                           0x08000191   Thumb Code     0  entry8b.o(.ARM.Collect$$$$0000000A)
    _main_init                               0x08000191   Thumb Code     0  entry9a.o(.ARM.Collect$$$$0000000B)
    __rt_final_cpp                           0x08000199   Thumb Code     0  entry10a.o(.ARM.Collect$$$$0000000D)
    __rt_final_exit                          0x08000199   Thumb Code     0  entry11a.o(.ARM.Collect$$$$0000000F)
    GUI_Color565                             0x0800019d   Thumb Code    28  ili9325_api.o(.text)
    GUI_Text                                 0x080001b9   Thumb Code    56  ili9325_api.o(.text)
    GUI_Line                                 0x080001f1   Thumb Code   508  ili9325_api.o(.text)
    GUI_Circle                               0x080003ed   Thumb Code   372  ili9325_api.o(.text)
    GUI_Rectangle                            0x08000561   Thumb Code   122  ili9325_api.o(.text)
    GUI_Square                               0x080005db   Thumb Code    40  ili9325_api.o(.text)
    Value_Display                            0x08000605   Thumb Code   298  main.o(.text)
    Picture_Display                          0x0800072f   Thumb Code    78  main.o(.text)
    Area_Judge                               0x0800077d   Thumb Code    88  main.o(.text)
    Task_6_imageprocessing                   0x080007d5   Thumb Code     2  main.o(.text)
    Task_5_imageprocessing                   0x080007d7   Thumb Code    34  main.o(.text)
    Task_4_imageprocessing                   0x080007f9   Thumb Code    34  main.o(.text)
    Task_3_imageprocessing                   0x0800081b   Thumb Code    34  main.o(.text)
    Task_2_imageprocessing                   0x0800083d   Thumb Code    18  main.o(.text)
    Task_1_imageprocessing                   0x0800084f   Thumb Code    30  main.o(.text)
    Task_0_imageprocessing                   0x0800086d   Thumb Code    30  main.o(.text)
    Task_scheduler                           0x0800088b   Thumb Code    66  main.o(.text)
    main                                     0x080008cd   Thumb Code   220  main.o(.text)
    DMA2_Stream1_IRQHandler                  0x080009a9   Thumb Code    52  main.o(.text)
    NMI_Handler                              0x08000a91   Thumb Code     2  stm32f4xx_it.o(.text)
    HardFault_Handler                        0x08000a93   Thumb Code     4  stm32f4xx_it.o(.text)
    MemManage_Handler                        0x08000a97   Thumb Code     4  stm32f4xx_it.o(.text)
    BusFault_Handler                         0x08000a9b   Thumb Code     4  stm32f4xx_it.o(.text)
    UsageFault_Handler                       0x08000a9f   Thumb Code     4  stm32f4xx_it.o(.text)
    SVC_Handler                              0x08000aa3   Thumb Code     2  stm32f4xx_it.o(.text)
    DebugMon_Handler                         0x08000aa5   Thumb Code     2  stm32f4xx_it.o(.text)
    PendSV_Handler                           0x08000aa7   Thumb Code     2  stm32f4xx_it.o(.text)
    delay_ms                                 0x08000aa9   Thumb Code    28  delay.o(.text)
    delay_us                                 0x08000ac5   Thumb Code    26  delay.o(.text)
    Led_Config                               0x08000ae1   Thumb Code    60  led.o(.text)
    LCD_CtrlLinesConfig                      0x08000b21   Thumb Code   338  ili9325.o(.text)
    LCD_FSMCConfig                           0x08000c73   Thumb Code    88  ili9325.o(.text)
    LCD_X_Init                               0x08000ccb   Thumb Code    12  ili9325.o(.text)
    LCD_WriteReg                             0x08000cd7   Thumb Code    10  ili9325.o(.text)
    LCD_ReadReg                              0x08000ce1   Thumb Code    10  ili9325.o(.text)
    LCD_ReadSta                              0x08000ceb   Thumb Code     6  ili9325.o(.text)
    LCD_WriteCommand                         0x08000cf1   Thumb Code     6  ili9325.o(.text)
    LCD_WriteRAM_Prepare                     0x08000cf7   Thumb Code     8  ili9325.o(.text)
    LCD_WriteRAM                             0x08000cff   Thumb Code     8  ili9325.o(.text)
    LCD_ReadRAM                              0x08000d07   Thumb Code    20  ili9325.o(.text)
    LCD_SetCursor                            0x08000d1b   Thumb Code    40  ili9325.o(.text)
    Delay_nms                                0x08000d43   Thumb Code    24  ili9325.o(.text)
    ili9320_SetCursor                        0x08000d5b   Thumb Code    96  ili9325.o(.text)
    ili9320_SetWindows                       0x08000dbb   Thumb Code    52  ili9325.o(.text)
    ili9320_Clear                            0x08000def   Thumb Code    38  ili9325.o(.text)
    ili9320_Delay                            0x08000e15   Thumb Code    10  ili9325.o(.text)
    ili9320_Initializtion                    0x08000e1f   Thumb Code  3010  ili9325.o(.text)
    ili9320_BGR2RGB                          0x080019e1   Thumb Code    26  ili9325.o(.text)
    ili9320_GetPoint                         0x080019fb   Thumb Code    26  ili9325.o(.text)
    ili9320_SetPoint                         0x08001a15   Thumb Code    42  ili9325.o(.text)
    ili9320_DrawPicture                      0x08001a3f   Thumb Code   184  ili9325.o(.text)
    ili9320_PutChar                          0x08001af7   Thumb Code   182  ili9325.o(.text)
    ili9320_BackLight                        0x08001bad   Thumb Code    28  ili9325.o(.text)
    OV_GPIO_Init                             0x08001bd1   Thumb Code   322  ov7725.o(.text)
    OV_DCMI_Init                             0x08001d13   Thumb Code    54  ov7725.o(.text)
    OV_DCMI_DMA_Init                         0x08001d49   Thumb Code   128  ov7725.o(.text)
    OV_Window_Set                            0x08001dc9   Thumb Code    94  ov7725.o(.text)
    OV_QVGAConfig                            0x08001e27   Thumb Code    46  ov7725.o(.text)
    OV_Start                                 0x08001e55   Thumb Code    24  ov7725.o(.text)
    OV_Stop                                  0x08001e6d   Thumb Code    24  ov7725.o(.text)
    OV_Init                                  0x08001e85   Thumb Code   104  ov7725.o(.text)
    SCCB_GPIO_Config                         0x08001f11   Thumb Code    48  sccb.o(.text)
    I2C_delay                                0x08001f41   Thumb Code    14  sccb.o(.text)
    I2C_Stop                                 0x08001f4f   Thumb Code    60  sccb.o(.text)
    I2C_Start                                0x08001f8b   Thumb Code    92  sccb.o(.text)
    I2C_Ack                                  0x08001fe7   Thumb Code    60  sccb.o(.text)
    I2C_NoAck                                0x08002023   Thumb Code    60  sccb.o(.text)
    I2C_WaitAck                              0x0800205f   Thumb Code    92  sccb.o(.text)
    I2C_SendByte                             0x080020bb   Thumb Code    94  sccb.o(.text)
    I2C_ReadByte                             0x08002119   Thumb Code    88  sccb.o(.text)
    WR_SENSOR_Reg                            0x08002171   Thumb Code    86  sccb.o(.text)
    RD_SENSOR_Reg                            0x080021c7   Thumb Code   118  sccb.o(.text)
    Fabs                                     0x08002241   Thumb Code    18  image.o(.text)
    Transfer1Gray                            0x08002253   Thumb Code   128  image.o(.text)
    Transfer2Gray                            0x080022d3   Thumb Code   172  image.o(.text)
    GrayImage_twovalue_processing            0x0800237f   Thumb Code   244  image.o(.text)
    Red_area_detection                       0x08002473   Thumb Code   292  image.o(.text)
    Car_dis_detection                        0x08002597   Thumb Code    34  image.o(.text)
    Twovalue_Processing                      0x080025b9   Thumb Code   106  image.o(.text)
    Image_normalization_detecting            0x08002623   Thumb Code    70  image.o(.text)
    Car_detection                            0x08002669   Thumb Code   128  image.o(.text)
    Direction_Calc                           0x080026e9   Thumb Code   866  image.o(.text)
    Vertical_calc                            0x08002a4b   Thumb Code   870  image.o(.text)
    usart_init                               0x08002dc1   Thumb Code   182  usart.o(.text)
    USART2_IRQHandler                        0x08002e77   Thumb Code   114  usart.o(.text)
    TIM3_Int_Init                            0x08002f05   Thumb Code    88  tim3.o(.text)
    Sending_task_5                           0x08002f5d   Thumb Code    98  tim3.o(.text)
    Sending_task_4                           0x08002fbf   Thumb Code    98  tim3.o(.text)
    Sending_task_3                           0x08003021   Thumb Code    98  tim3.o(.text)
    Sending_task_2                           0x08003083   Thumb Code    16  tim3.o(.text)
    Sending_task_1                           0x08003093   Thumb Code    74  tim3.o(.text)
    Sending_task_0                           0x080030dd   Thumb Code    58  tim3.o(.text)
    Sending_scheduler                        0x08003117   Thumb Code    58  tim3.o(.text)
    TIM3_IRQHandler                          0x08003151   Thumb Code    32  tim3.o(.text)
    number_show                              0x0800318d   Thumb Code    50  show_number.o(.text)
    float_number_show                        0x080031bf   Thumb Code    88  show_number.o(.text)
    TIM2_Int_Init                            0x08003229   Thumb Code    92  tim2.o(.text)
    TIM2_IRQHandler                          0x08003285   Thumb Code    24  tim2.o(.text)
    STMFLASH_ReadWord                        0x0800329d   Thumb Code     6  stmflash.o(.text)
    STMFLASH_GetFlashSector                  0x080032a3   Thumb Code   116  stmflash.o(.text)
    STMFLASH_Write                           0x08003317   Thumb Code   146  stmflash.o(.text)
    STMFLASH_Read                            0x080033a9   Thumb Code    32  stmflash.o(.text)
    NVIC_PriorityGroupConfig                 0x080033f9   Thumb Code    10  misc.o(.text)
    NVIC_Init                                0x08003403   Thumb Code   108  misc.o(.text)
    NVIC_SetVectorTable                      0x0800346f   Thumb Code    14  misc.o(.text)
    NVIC_SystemLPConfig                      0x0800347d   Thumb Code    34  misc.o(.text)
    SysTick_CLKSourceConfig                  0x0800349f   Thumb Code    40  misc.o(.text)
    GPIO_DeInit                              0x080034dd   Thumb Code   220  stm32f4xx_gpio.o(.text)
    GPIO_Init                                0x080035b9   Thumb Code   144  stm32f4xx_gpio.o(.text)
    GPIO_StructInit                          0x08003649   Thumb Code    18  stm32f4xx_gpio.o(.text)
    GPIO_PinLockConfig                       0x0800365b   Thumb Code    34  stm32f4xx_gpio.o(.text)
    GPIO_ReadInputDataBit                    0x0800367d   Thumb Code    18  stm32f4xx_gpio.o(.text)
    GPIO_ReadInputData                       0x0800368f   Thumb Code     8  stm32f4xx_gpio.o(.text)
    GPIO_ReadOutputDataBit                   0x08003697   Thumb Code    18  stm32f4xx_gpio.o(.text)
    GPIO_ReadOutputData                      0x080036a9   Thumb Code     8  stm32f4xx_gpio.o(.text)
    GPIO_SetBits                             0x080036b1   Thumb Code     4  stm32f4xx_gpio.o(.text)
    GPIO_ResetBits                           0x080036b5   Thumb Code     4  stm32f4xx_gpio.o(.text)
    GPIO_WriteBit                            0x080036b9   Thumb Code    10  stm32f4xx_gpio.o(.text)
    GPIO_Write                               0x080036c3   Thumb Code     4  stm32f4xx_gpio.o(.text)
    GPIO_ToggleBits                          0x080036c7   Thumb Code     8  stm32f4xx_gpio.o(.text)
    GPIO_PinAFConfig                         0x080036cf   Thumb Code    70  stm32f4xx_gpio.o(.text)
    RCC_DeInit                               0x08003739   Thumb Code    60  stm32f4xx_rcc.o(.text)
    RCC_HSEConfig                            0x08003775   Thumb Code    14  stm32f4xx_rcc.o(.text)
    RCC_GetFlagStatus                        0x08003783   Thumb Code    60  stm32f4xx_rcc.o(.text)
    RCC_WaitForHSEStartUp                    0x080037bf   Thumb Code    56  stm32f4xx_rcc.o(.text)
    RCC_AdjustHSICalibrationValue            0x080037f7   Thumb Code    20  stm32f4xx_rcc.o(.text)
    RCC_HSICmd                               0x0800380b   Thumb Code     6  stm32f4xx_rcc.o(.text)
    RCC_LSEConfig                            0x08003811   Thumb Code    46  stm32f4xx_rcc.o(.text)
    RCC_LSICmd                               0x0800383f   Thumb Code     6  stm32f4xx_rcc.o(.text)
    RCC_PLLConfig                            0x08003845   Thumb Code    32  stm32f4xx_rcc.o(.text)
    RCC_PLLCmd                               0x08003865   Thumb Code     6  stm32f4xx_rcc.o(.text)
    RCC_PLLI2SConfig                         0x0800386b   Thumb Code    14  stm32f4xx_rcc.o(.text)
    RCC_PLLI2SCmd                            0x08003879   Thumb Code     6  stm32f4xx_rcc.o(.text)
    RCC_ClockSecuritySystemCmd               0x0800387f   Thumb Code     6  stm32f4xx_rcc.o(.text)
    RCC_MCO1Config                           0x08003885   Thumb Code    28  stm32f4xx_rcc.o(.text)
    RCC_MCO2Config                           0x080038a1   Thumb Code    28  stm32f4xx_rcc.o(.text)
    RCC_SYSCLKConfig                         0x080038bd   Thumb Code    20  stm32f4xx_rcc.o(.text)
    RCC_GetSYSCLKSource                      0x080038d1   Thumb Code    12  stm32f4xx_rcc.o(.text)
    RCC_HCLKConfig                           0x080038dd   Thumb Code    20  stm32f4xx_rcc.o(.text)
    RCC_PCLK1Config                          0x080038f1   Thumb Code    20  stm32f4xx_rcc.o(.text)
    RCC_PCLK2Config                          0x08003905   Thumb Code    22  stm32f4xx_rcc.o(.text)
    RCC_GetClocksFreq                        0x0800391b   Thumb Code   222  stm32f4xx_rcc.o(.text)
    RCC_RTCCLKConfig                         0x080039f9   Thumb Code    54  stm32f4xx_rcc.o(.text)
    RCC_RTCCLKCmd                            0x08003a2f   Thumb Code     8  stm32f4xx_rcc.o(.text)
    RCC_BackupResetCmd                       0x08003a37   Thumb Code     8  stm32f4xx_rcc.o(.text)
    RCC_I2SCLKConfig                         0x08003a3f   Thumb Code     6  stm32f4xx_rcc.o(.text)
    RCC_AHB1PeriphClockCmd                   0x08003a45   Thumb Code    34  stm32f4xx_rcc.o(.text)
    RCC_AHB2PeriphClockCmd                   0x08003a67   Thumb Code    34  stm32f4xx_rcc.o(.text)
    RCC_AHB3PeriphClockCmd                   0x08003a89   Thumb Code    34  stm32f4xx_rcc.o(.text)
    RCC_APB1PeriphClockCmd                   0x08003aab   Thumb Code    34  stm32f4xx_rcc.o(.text)
    RCC_APB2PeriphClockCmd                   0x08003acd   Thumb Code    34  stm32f4xx_rcc.o(.text)
    RCC_AHB1PeriphResetCmd                   0x08003aef   Thumb Code    34  stm32f4xx_rcc.o(.text)
    RCC_AHB2PeriphResetCmd                   0x08003b11   Thumb Code    72  stm32f4xx_rcc.o(.text)
    RCC_AHB3PeriphResetCmd                   0x08003b59   Thumb Code    34  stm32f4xx_rcc.o(.text)
    RCC_APB1PeriphResetCmd                   0x08003b7b   Thumb Code    34  stm32f4xx_rcc.o(.text)
    RCC_APB2PeriphResetCmd                   0x08003b9d   Thumb Code    34  stm32f4xx_rcc.o(.text)
    RCC_AHB1PeriphClockLPModeCmd             0x08003bbf   Thumb Code    34  stm32f4xx_rcc.o(.text)
    RCC_AHB2PeriphClockLPModeCmd             0x08003be1   Thumb Code    34  stm32f4xx_rcc.o(.text)
    RCC_AHB3PeriphClockLPModeCmd             0x08003c03   Thumb Code    34  stm32f4xx_rcc.o(.text)
    RCC_APB1PeriphClockLPModeCmd             0x08003c25   Thumb Code    34  stm32f4xx_rcc.o(.text)
    RCC_APB2PeriphClockLPModeCmd             0x08003c47   Thumb Code    34  stm32f4xx_rcc.o(.text)
    RCC_ITConfig                             0x08003c69   Thumb Code    34  stm32f4xx_rcc.o(.text)
    RCC_ClearFlag                            0x08003c8b   Thumb Code    18  stm32f4xx_rcc.o(.text)
    RCC_GetITStatus                          0x08003c9d   Thumb Code    22  stm32f4xx_rcc.o(.text)
    RCC_ClearITPendingBit                    0x08003cb3   Thumb Code     8  stm32f4xx_rcc.o(.text)
    TIM_DeInit                               0x08003cc1   Thumb Code   346  stm32f4xx_tim.o(.text)
    TIM_TimeBaseInit                         0x08003e1b   Thumb Code   104  stm32f4xx_tim.o(.text)
    TIM_TimeBaseStructInit                   0x08003e83   Thumb Code    18  stm32f4xx_tim.o(.text)
    TIM_PrescalerConfig                      0x08003e95   Thumb Code     6  stm32f4xx_tim.o(.text)
    TIM_CounterModeConfig                    0x08003e9b   Thumb Code    18  stm32f4xx_tim.o(.text)
    TIM_SetCounter                           0x08003ead   Thumb Code     4  stm32f4xx_tim.o(.text)
    TIM_SetAutoreload                        0x08003eb1   Thumb Code     4  stm32f4xx_tim.o(.text)
    TIM_GetCounter                           0x08003eb5   Thumb Code     6  stm32f4xx_tim.o(.text)
    TIM_GetPrescaler                         0x08003ebb   Thumb Code     6  stm32f4xx_tim.o(.text)
    TIM_UpdateDisableConfig                  0x08003ec1   Thumb Code    24  stm32f4xx_tim.o(.text)
    TIM_UpdateRequestConfig                  0x08003ed9   Thumb Code    24  stm32f4xx_tim.o(.text)
    TIM_ARRPreloadConfig                     0x08003ef1   Thumb Code    24  stm32f4xx_tim.o(.text)
    TIM_SelectOnePulseMode                   0x08003f09   Thumb Code    18  stm32f4xx_tim.o(.text)
    TIM_SetClockDivision                     0x08003f1b   Thumb Code    18  stm32f4xx_tim.o(.text)
    TIM_Cmd                                  0x08003f2d   Thumb Code    24  stm32f4xx_tim.o(.text)
    TIM_OC1Init                              0x08003f45   Thumb Code   114  stm32f4xx_tim.o(.text)
    TIM_OC2Init                              0x08003fb7   Thumb Code   154  stm32f4xx_tim.o(.text)
    TIM_OC3Init                              0x08004051   Thumb Code   204  stm32f4xx_tim.o(.text)
    TIM_OC4Init                              0x0800411d   Thumb Code   112  stm32f4xx_tim.o(.text)
    TIM_OCStructInit                         0x0800418d   Thumb Code    20  stm32f4xx_tim.o(.text)
    TIM_SelectOCxM                           0x080041a1   Thumb Code    86  stm32f4xx_tim.o(.text)
    TIM_SetCompare1                          0x080041f7   Thumb Code     4  stm32f4xx_tim.o(.text)
    TIM_SetCompare2                          0x080041fb   Thumb Code     4  stm32f4xx_tim.o(.text)
    TIM_SetCompare3                          0x080041ff   Thumb Code     4  stm32f4xx_tim.o(.text)
    TIM_SetCompare4                          0x08004203   Thumb Code     4  stm32f4xx_tim.o(.text)
    TIM_ForcedOC1Config                      0x08004207   Thumb Code    18  stm32f4xx_tim.o(.text)
    TIM_ForcedOC2Config                      0x08004219   Thumb Code    26  stm32f4xx_tim.o(.text)
    TIM_ForcedOC3Config                      0x08004233   Thumb Code    18  stm32f4xx_tim.o(.text)
    TIM_ForcedOC4Config                      0x08004245   Thumb Code    26  stm32f4xx_tim.o(.text)
    TIM_OC1PreloadConfig                     0x0800425f   Thumb Code    18  stm32f4xx_tim.o(.text)
    TIM_OC2PreloadConfig                     0x08004271   Thumb Code    26  stm32f4xx_tim.o(.text)
    TIM_OC3PreloadConfig                     0x0800428b   Thumb Code    18  stm32f4xx_tim.o(.text)
    TIM_OC4PreloadConfig                     0x0800429d   Thumb Code    26  stm32f4xx_tim.o(.text)
    TIM_OC1FastConfig                        0x080042b7   Thumb Code    18  stm32f4xx_tim.o(.text)
    TIM_OC2FastConfig                        0x080042c9   Thumb Code    26  stm32f4xx_tim.o(.text)
    TIM_OC3FastConfig                        0x080042e3   Thumb Code    18  stm32f4xx_tim.o(.text)
    TIM_OC4FastConfig                        0x080042f5   Thumb Code    26  stm32f4xx_tim.o(.text)
    TIM_ClearOC1Ref                          0x0800430f   Thumb Code    18  stm32f4xx_tim.o(.text)
    TIM_ClearOC2Ref                          0x08004321   Thumb Code    24  stm32f4xx_tim.o(.text)
    TIM_ClearOC3Ref                          0x08004339   Thumb Code    18  stm32f4xx_tim.o(.text)
    TIM_ClearOC4Ref                          0x0800434b   Thumb Code    24  stm32f4xx_tim.o(.text)
    TIM_OC1PolarityConfig                    0x08004363   Thumb Code    18  stm32f4xx_tim.o(.text)
    TIM_OC1NPolarityConfig                   0x08004375   Thumb Code    18  stm32f4xx_tim.o(.text)
    TIM_OC2PolarityConfig                    0x08004387   Thumb Code    26  stm32f4xx_tim.o(.text)
    TIM_OC2NPolarityConfig                   0x080043a1   Thumb Code    26  stm32f4xx_tim.o(.text)
    TIM_OC3PolarityConfig                    0x080043bb   Thumb Code    26  stm32f4xx_tim.o(.text)
    TIM_OC3NPolarityConfig                   0x080043d5   Thumb Code    26  stm32f4xx_tim.o(.text)
    TIM_OC4PolarityConfig                    0x080043ef   Thumb Code    26  stm32f4xx_tim.o(.text)
    TIM_CCxCmd                               0x08004409   Thumb Code    30  stm32f4xx_tim.o(.text)
    TIM_CCxNCmd                              0x08004427   Thumb Code    30  stm32f4xx_tim.o(.text)
    TIM_SetIC4Prescaler                      0x08004445   Thumb Code    26  stm32f4xx_tim.o(.text)
    TIM_SetIC3Prescaler                      0x080044af   Thumb Code    18  stm32f4xx_tim.o(.text)
    TIM_SetIC2Prescaler                      0x08004509   Thumb Code    26  stm32f4xx_tim.o(.text)
    TIM_SetIC1Prescaler                      0x0800457d   Thumb Code    18  stm32f4xx_tim.o(.text)
    TIM_ICInit                               0x080045c9   Thumb Code   110  stm32f4xx_tim.o(.text)
    TIM_ICStructInit                         0x08004637   Thumb Code    18  stm32f4xx_tim.o(.text)
    TIM_PWMIConfig                           0x08004649   Thumb Code   124  stm32f4xx_tim.o(.text)
    TIM_GetCapture1                          0x080046c5   Thumb Code     6  stm32f4xx_tim.o(.text)
    TIM_GetCapture2                          0x080046cb   Thumb Code     6  stm32f4xx_tim.o(.text)
    TIM_GetCapture3                          0x080046d1   Thumb Code     6  stm32f4xx_tim.o(.text)
    TIM_GetCapture4                          0x080046d7   Thumb Code     6  stm32f4xx_tim.o(.text)
    TIM_BDTRConfig                           0x080046dd   Thumb Code    32  stm32f4xx_tim.o(.text)
    TIM_BDTRStructInit                       0x080046fd   Thumb Code    18  stm32f4xx_tim.o(.text)
    TIM_CtrlPWMOutputs                       0x0800470f   Thumb Code    30  stm32f4xx_tim.o(.text)
    TIM_SelectCOM                            0x0800472d   Thumb Code    24  stm32f4xx_tim.o(.text)
    TIM_CCPreloadControl                     0x08004745   Thumb Code    24  stm32f4xx_tim.o(.text)
    TIM_ITConfig                             0x0800475d   Thumb Code    18  stm32f4xx_tim.o(.text)
    TIM_GenerateEvent                        0x0800476f   Thumb Code     4  stm32f4xx_tim.o(.text)
    TIM_GetFlagStatus                        0x08004773   Thumb Code    18  stm32f4xx_tim.o(.text)
    TIM_ClearFlag                            0x08004785   Thumb Code     6  stm32f4xx_tim.o(.text)
    TIM_GetITStatus                          0x0800478b   Thumb Code    34  stm32f4xx_tim.o(.text)
    TIM_ClearITPendingBit                    0x080047ad   Thumb Code     6  stm32f4xx_tim.o(.text)
    TIM_DMAConfig                            0x080047b3   Thumb Code    10  stm32f4xx_tim.o(.text)
    TIM_DMACmd                               0x080047bd   Thumb Code    18  stm32f4xx_tim.o(.text)
    TIM_SelectCCDMA                          0x080047cf   Thumb Code    24  stm32f4xx_tim.o(.text)
    TIM_InternalClockConfig                  0x080047e7   Thumb Code    12  stm32f4xx_tim.o(.text)
    TIM_SelectInputTrigger                   0x080047f3   Thumb Code    18  stm32f4xx_tim.o(.text)
    TIM_ITRxExternalClockConfig              0x08004805   Thumb Code    24  stm32f4xx_tim.o(.text)
    TIM_TIxExternalClockConfig               0x0800481d   Thumb Code    62  stm32f4xx_tim.o(.text)
    TIM_ETRConfig                            0x0800485b   Thumb Code    28  stm32f4xx_tim.o(.text)
    TIM_ETRClockMode1Config                  0x08004877   Thumb Code    54  stm32f4xx_tim.o(.text)
    TIM_ETRClockMode2Config                  0x080048ad   Thumb Code    32  stm32f4xx_tim.o(.text)
    TIM_SelectOutputTrigger                  0x080048cd   Thumb Code    18  stm32f4xx_tim.o(.text)
    TIM_SelectSlaveMode                      0x080048df   Thumb Code    18  stm32f4xx_tim.o(.text)
    TIM_SelectMasterSlaveMode                0x080048f1   Thumb Code    18  stm32f4xx_tim.o(.text)
    TIM_EncoderInterfaceConfig               0x08004903   Thumb Code    66  stm32f4xx_tim.o(.text)
    TIM_SelectHallSensor                     0x08004945   Thumb Code    24  stm32f4xx_tim.o(.text)
    TIM_RemapConfig                          0x0800495d   Thumb Code     6  stm32f4xx_tim.o(.text)
    USART_DeInit                             0x08004965   Thumb Code   156  stm32f4xx_usart.o(.text)
    USART_Init                               0x08004a01   Thumb Code   204  stm32f4xx_usart.o(.text)
    USART_StructInit                         0x08004acd   Thumb Code    24  stm32f4xx_usart.o(.text)
    USART_ClockInit                          0x08004ae5   Thumb Code    32  stm32f4xx_usart.o(.text)
    USART_ClockStructInit                    0x08004b05   Thumb Code    12  stm32f4xx_usart.o(.text)
    USART_Cmd                                0x08004b11   Thumb Code    24  stm32f4xx_usart.o(.text)
    USART_SetPrescaler                       0x08004b29   Thumb Code    16  stm32f4xx_usart.o(.text)
    USART_OverSampling8Cmd                   0x08004b39   Thumb Code    22  stm32f4xx_usart.o(.text)
    USART_OneBitMethodCmd                    0x08004b4f   Thumb Code    24  stm32f4xx_usart.o(.text)
    USART_SendData                           0x08004b67   Thumb Code     8  stm32f4xx_usart.o(.text)
    USART_ReceiveData                        0x08004b6f   Thumb Code    10  stm32f4xx_usart.o(.text)
    USART_SetAddress                         0x08004b79   Thumb Code    18  stm32f4xx_usart.o(.text)
    USART_ReceiverWakeUpCmd                  0x08004b8b   Thumb Code    24  stm32f4xx_usart.o(.text)
    USART_WakeUpConfig                       0x08004ba3   Thumb Code    18  stm32f4xx_usart.o(.text)
    USART_LINBreakDetectLengthConfig         0x08004bb5   Thumb Code    18  stm32f4xx_usart.o(.text)
    USART_LINCmd                             0x08004bc7   Thumb Code    24  stm32f4xx_usart.o(.text)
    USART_SendBreak                          0x08004bdf   Thumb Code    10  stm32f4xx_usart.o(.text)
    USART_HalfDuplexCmd                      0x08004be9   Thumb Code    24  stm32f4xx_usart.o(.text)
    USART_SetGuardTime                       0x08004c01   Thumb Code    16  stm32f4xx_usart.o(.text)
    USART_SmartCardCmd                       0x08004c11   Thumb Code    24  stm32f4xx_usart.o(.text)
    USART_SmartCardNACKCmd                   0x08004c29   Thumb Code    24  stm32f4xx_usart.o(.text)
    USART_IrDAConfig                         0x08004c41   Thumb Code    18  stm32f4xx_usart.o(.text)
    USART_IrDACmd                            0x08004c53   Thumb Code    24  stm32f4xx_usart.o(.text)
    USART_DMACmd                             0x08004c6b   Thumb Code    18  stm32f4xx_usart.o(.text)
    USART_ITConfig                           0x08004c7d   Thumb Code    74  stm32f4xx_usart.o(.text)
    USART_GetFlagStatus                      0x08004cc7   Thumb Code    26  stm32f4xx_usart.o(.text)
    USART_ClearFlag                          0x08004ce1   Thumb Code    18  stm32f4xx_usart.o(.text)
    USART_GetITStatus                        0x08004cf3   Thumb Code   110  stm32f4xx_usart.o(.text)
    USART_ClearITPendingBit                  0x08004d61   Thumb Code    30  stm32f4xx_usart.o(.text)
    DCMI_DeInit                              0x08004d81   Thumb Code    24  stm32f4xx_dcmi.o(.text)
    DCMI_Init                                0x08004d99   Thumb Code    60  stm32f4xx_dcmi.o(.text)
    DCMI_StructInit                          0x08004dd5   Thumb Code    18  stm32f4xx_dcmi.o(.text)
    DCMI_CROPConfig                          0x08004de7   Thumb Code    26  stm32f4xx_dcmi.o(.text)
    DCMI_CROPCmd                             0x08004e01   Thumb Code    30  stm32f4xx_dcmi.o(.text)
    DCMI_SetEmbeddedSynchroCodes             0x08004e1f   Thumb Code    26  stm32f4xx_dcmi.o(.text)
    DCMI_JPEGCmd                             0x08004e39   Thumb Code    30  stm32f4xx_dcmi.o(.text)
    DCMI_Cmd                                 0x08004e57   Thumb Code    30  stm32f4xx_dcmi.o(.text)
    DCMI_CaptureCmd                          0x08004e75   Thumb Code    30  stm32f4xx_dcmi.o(.text)
    DCMI_ReadData                            0x08004e93   Thumb Code     6  stm32f4xx_dcmi.o(.text)
    DCMI_ITConfig                            0x08004e99   Thumb Code    30  stm32f4xx_dcmi.o(.text)
    DCMI_GetFlagStatus                       0x08004eb7   Thumb Code    44  stm32f4xx_dcmi.o(.text)
    DCMI_ClearFlag                           0x08004ee3   Thumb Code     6  stm32f4xx_dcmi.o(.text)
    DCMI_GetITStatus                         0x08004ee9   Thumb Code    24  stm32f4xx_dcmi.o(.text)
    DCMI_ClearITPendingBit                   0x08004f01   Thumb Code     6  stm32f4xx_dcmi.o(.text)
    DMA_DeInit                               0x08004f0d   Thumb Code   324  stm32f4xx_dma.o(.text)
    DMA_Init                                 0x08005051   Thumb Code    82  stm32f4xx_dma.o(.text)
    DMA_StructInit                           0x080050a3   Thumb Code    34  stm32f4xx_dma.o(.text)
    DMA_Cmd                                  0x080050c5   Thumb Code    22  stm32f4xx_dma.o(.text)
    DMA_PeriphIncOffsetSizeConfig            0x080050db   Thumb Code    22  stm32f4xx_dma.o(.text)
    DMA_FlowControllerConfig                 0x080050f1   Thumb Code    22  stm32f4xx_dma.o(.text)
    DMA_SetCurrDataCounter                   0x08005107   Thumb Code     4  stm32f4xx_dma.o(.text)
    DMA_GetCurrDataCounter                   0x0800510b   Thumb Code     8  stm32f4xx_dma.o(.text)
    DMA_DoubleBufferModeConfig               0x08005113   Thumb Code    24  stm32f4xx_dma.o(.text)
    DMA_DoubleBufferModeCmd                  0x0800512b   Thumb Code    22  stm32f4xx_dma.o(.text)
    DMA_MemoryTargetConfig                   0x08005141   Thumb Code    10  stm32f4xx_dma.o(.text)
    DMA_GetCurrentMemoryTarget               0x0800514b   Thumb Code    20  stm32f4xx_dma.o(.text)
    DMA_GetCmdStatus                         0x0800515f   Thumb Code    20  stm32f4xx_dma.o(.text)
    DMA_GetFIFOStatus                        0x08005173   Thumb Code    12  stm32f4xx_dma.o(.text)
    DMA_GetFlagStatus                        0x0800517f   Thumb Code    54  stm32f4xx_dma.o(.text)
    DMA_ClearFlag                            0x080051b5   Thumb Code    40  stm32f4xx_dma.o(.text)
    DMA_ITConfig                             0x080051dd   Thumb Code    58  stm32f4xx_dma.o(.text)
    DMA_GetITStatus                          0x08005217   Thumb Code    82  stm32f4xx_dma.o(.text)
    DMA_ClearITPendingBit                    0x08005269   Thumb Code    40  stm32f4xx_dma.o(.text)
    FSMC_NORSRAMDeInit                       0x080052b1   Thumb Code    56  stm32f4xx_fsmc.o(.text)
    FSMC_NORSRAMInit                         0x080052e9   Thumb Code   224  stm32f4xx_fsmc.o(.text)
    FSMC_NORSRAMStructInit                   0x080053c9   Thumb Code   114  stm32f4xx_fsmc.o(.text)
    FSMC_NORSRAMCmd                          0x0800543b   Thumb Code    46  stm32f4xx_fsmc.o(.text)
    FSMC_NANDDeInit                          0x08005469   Thumb Code    62  stm32f4xx_fsmc.o(.text)
    FSMC_NANDInit                            0x080054a7   Thumb Code   130  stm32f4xx_fsmc.o(.text)
    FSMC_NANDStructInit                      0x08005529   Thumb Code    54  stm32f4xx_fsmc.o(.text)
    FSMC_NANDCmd                             0x0800555f   Thumb Code    86  stm32f4xx_fsmc.o(.text)
    FSMC_NANDECCCmd                          0x080055b5   Thumb Code    86  stm32f4xx_fsmc.o(.text)
    FSMC_GetECC                              0x0800560b   Thumb Code    22  stm32f4xx_fsmc.o(.text)
    FSMC_PCCARDDeInit                        0x08005621   Thumb Code    40  stm32f4xx_fsmc.o(.text)
    FSMC_PCCARDInit                          0x08005649   Thumb Code   124  stm32f4xx_fsmc.o(.text)
    FSMC_PCCARDStructInit                    0x080056c5   Thumb Code    60  stm32f4xx_fsmc.o(.text)
    FSMC_PCCARDCmd                           0x08005701   Thumb Code    40  stm32f4xx_fsmc.o(.text)
    FSMC_ITConfig                            0x08005729   Thumb Code   128  stm32f4xx_fsmc.o(.text)
    FSMC_GetFlagStatus                       0x080057a9   Thumb Code    48  stm32f4xx_fsmc.o(.text)
    FSMC_ClearFlag                           0x080057d9   Thumb Code    62  stm32f4xx_fsmc.o(.text)
    FSMC_GetITStatus                         0x08005817   Thumb Code   110  stm32f4xx_fsmc.o(.text)
    FSMC_ClearITPendingBit                   0x08005885   Thumb Code    64  stm32f4xx_fsmc.o(.text)
    FLASH_SetLatency                         0x080058cd   Thumb Code     6  stm32f4xx_flash.o(.text)
    FLASH_PrefetchBufferCmd                  0x080058d3   Thumb Code    30  stm32f4xx_flash.o(.text)
    FLASH_InstructionCacheCmd                0x080058f1   Thumb Code    30  stm32f4xx_flash.o(.text)
    FLASH_DataCacheCmd                       0x0800590f   Thumb Code    30  stm32f4xx_flash.o(.text)
    FLASH_InstructionCacheReset              0x0800592d   Thumb Code    14  stm32f4xx_flash.o(.text)
    FLASH_DataCacheReset                     0x0800593b   Thumb Code    14  stm32f4xx_flash.o(.text)
    FLASH_Unlock                             0x08005949   Thumb Code    26  stm32f4xx_flash.o(.text)
    FLASH_Lock                               0x08005963   Thumb Code    18  stm32f4xx_flash.o(.text)
    FLASH_GetStatus                          0x08005975   Thumb Code    74  stm32f4xx_flash.o(.text)
    FLASH_WaitForLastOperation               0x080059bf   Thumb Code    34  stm32f4xx_flash.o(.text)
    FLASH_EraseSector                        0x080059e1   Thumb Code   140  stm32f4xx_flash.o(.text)
    FLASH_EraseAllSectors                    0x08005a6d   Thumb Code   112  stm32f4xx_flash.o(.text)
    FLASH_ProgramDoubleWord                  0x08005add   Thumb Code    88  stm32f4xx_flash.o(.text)
    FLASH_ProgramWord                        0x08005b35   Thumb Code    82  stm32f4xx_flash.o(.text)
    FLASH_ProgramHalfWord                    0x08005b87   Thumb Code    82  stm32f4xx_flash.o(.text)
    FLASH_ProgramByte                        0x08005bd9   Thumb Code    78  stm32f4xx_flash.o(.text)
    FLASH_OB_Unlock                          0x08005c27   Thumb Code    26  stm32f4xx_flash.o(.text)
    FLASH_OB_Lock                            0x08005c41   Thumb Code    18  stm32f4xx_flash.o(.text)
    FLASH_OB_WRPConfig                       0x08005c53   Thumb Code    54  stm32f4xx_flash.o(.text)
    FLASH_OB_RDPConfig                       0x08005c89   Thumb Code    24  stm32f4xx_flash.o(.text)
    FLASH_OB_UserConfig                      0x08005ca1   Thumb Code    68  stm32f4xx_flash.o(.text)
    FLASH_OB_BORConfig                       0x08005ce5   Thumb Code    26  stm32f4xx_flash.o(.text)
    FLASH_OB_Launch                          0x08005cff   Thumb Code    30  stm32f4xx_flash.o(.text)
    FLASH_OB_GetUser                         0x08005d1d   Thumb Code    12  stm32f4xx_flash.o(.text)
    FLASH_OB_GetWRP                          0x08005d29   Thumb Code     8  stm32f4xx_flash.o(.text)
    FLASH_OB_GetRDP                          0x08005d31   Thumb Code    20  stm32f4xx_flash.o(.text)
    FLASH_OB_GetBOR                          0x08005d45   Thumb Code    12  stm32f4xx_flash.o(.text)
    FLASH_ITConfig                           0x08005d51   Thumb Code    34  stm32f4xx_flash.o(.text)
    FLASH_GetFlagStatus                      0x08005d73   Thumb Code    22  stm32f4xx_flash.o(.text)
    FLASH_ClearFlag                          0x08005d89   Thumb Code     8  stm32f4xx_flash.o(.text)
    SystemInit                               0x08005e6f   Thumb Code    88  system_stm32f4xx.o(.text)
    SystemCoreClockUpdate                    0x08005ec7   Thumb Code   174  system_stm32f4xx.o(.text)
    Reset_Handler                            0x08005fa1   Thumb Code     8  startup_stm32f4xx.o(.text)
    SysTick_Handler                          0x08005fb9   Thumb Code     2  startup_stm32f4xx.o(.text)
    ADC_IRQHandler                           0x08005fbb   Thumb Code     0  startup_stm32f4xx.o(.text)
    CAN1_RX0_IRQHandler                      0x08005fbb   Thumb Code     0  startup_stm32f4xx.o(.text)
    CAN1_RX1_IRQHandler                      0x08005fbb   Thumb Code     0  startup_stm32f4xx.o(.text)
    CAN1_SCE_IRQHandler                      0x08005fbb   Thumb Code     0  startup_stm32f4xx.o(.text)
    CAN1_TX_IRQHandler                       0x08005fbb   Thumb Code     0  startup_stm32f4xx.o(.text)
    CAN2_RX0_IRQHandler                      0x08005fbb   Thumb Code     0  startup_stm32f4xx.o(.text)
    CAN2_RX1_IRQHandler                      0x08005fbb   Thumb Code     0  startup_stm32f4xx.o(.text)
    CAN2_SCE_IRQHandler                      0x08005fbb   Thumb Code     0  startup_stm32f4xx.o(.text)
    CAN2_TX_IRQHandler                       0x08005fbb   Thumb Code     0  startup_stm32f4xx.o(.text)
    CRYP_IRQHandler                          0x08005fbb   Thumb Code     0  startup_stm32f4xx.o(.text)
    DCMI_IRQHandler                          0x08005fbb   Thumb Code     0  startup_stm32f4xx.o(.text)
    DMA1_Stream0_IRQHandler                  0x08005fbb   Thumb Code     0  startup_stm32f4xx.o(.text)
    DMA1_Stream1_IRQHandler                  0x08005fbb   Thumb Code     0  startup_stm32f4xx.o(.text)
    DMA1_Stream2_IRQHandler                  0x08005fbb   Thumb Code     0  startup_stm32f4xx.o(.text)
    DMA1_Stream3_IRQHandler                  0x08005fbb   Thumb Code     0  startup_stm32f4xx.o(.text)
    DMA1_Stream4_IRQHandler                  0x08005fbb   Thumb Code     0  startup_stm32f4xx.o(.text)
    DMA1_Stream5_IRQHandler                  0x08005fbb   Thumb Code     0  startup_stm32f4xx.o(.text)
    DMA1_Stream6_IRQHandler                  0x08005fbb   Thumb Code     0  startup_stm32f4xx.o(.text)
    DMA1_Stream7_IRQHandler                  0x08005fbb   Thumb Code     0  startup_stm32f4xx.o(.text)
    DMA2_Stream0_IRQHandler                  0x08005fbb   Thumb Code     0  startup_stm32f4xx.o(.text)
    DMA2_Stream2_IRQHandler                  0x08005fbb   Thumb Code     0  startup_stm32f4xx.o(.text)
    DMA2_Stream3_IRQHandler                  0x08005fbb   Thumb Code     0  startup_stm32f4xx.o(.text)
    DMA2_Stream4_IRQHandler                  0x08005fbb   Thumb Code     0  startup_stm32f4xx.o(.text)
    DMA2_Stream5_IRQHandler                  0x08005fbb   Thumb Code     0  startup_stm32f4xx.o(.text)
    DMA2_Stream6_IRQHandler                  0x08005fbb   Thumb Code     0  startup_stm32f4xx.o(.text)
    DMA2_Stream7_IRQHandler                  0x08005fbb   Thumb Code     0  startup_stm32f4xx.o(.text)
    ETH_IRQHandler                           0x08005fbb   Thumb Code     0  startup_stm32f4xx.o(.text)
    ETH_WKUP_IRQHandler                      0x08005fbb   Thumb Code     0  startup_stm32f4xx.o(.text)
    EXTI0_IRQHandler                         0x08005fbb   Thumb Code     0  startup_stm32f4xx.o(.text)
    EXTI15_10_IRQHandler                     0x08005fbb   Thumb Code     0  startup_stm32f4xx.o(.text)
    EXTI1_IRQHandler                         0x08005fbb   Thumb Code     0  startup_stm32f4xx.o(.text)
    EXTI2_IRQHandler                         0x08005fbb   Thumb Code     0  startup_stm32f4xx.o(.text)
    EXTI3_IRQHandler                         0x08005fbb   Thumb Code     0  startup_stm32f4xx.o(.text)
    EXTI4_IRQHandler                         0x08005fbb   Thumb Code     0  startup_stm32f4xx.o(.text)
    EXTI9_5_IRQHandler                       0x08005fbb   Thumb Code     0  startup_stm32f4xx.o(.text)
    FLASH_IRQHandler                         0x08005fbb   Thumb Code     0  startup_stm32f4xx.o(.text)
    FPU_IRQHandler                           0x08005fbb   Thumb Code     0  startup_stm32f4xx.o(.text)
    FSMC_IRQHandler                          0x08005fbb   Thumb Code     0  startup_stm32f4xx.o(.text)
    HASH_RNG_IRQHandler                      0x08005fbb   Thumb Code     0  startup_stm32f4xx.o(.text)
    I2C1_ER_IRQHandler                       0x08005fbb   Thumb Code     0  startup_stm32f4xx.o(.text)
    I2C1_EV_IRQHandler                       0x08005fbb   Thumb Code     0  startup_stm32f4xx.o(.text)
    I2C2_ER_IRQHandler                       0x08005fbb   Thumb Code     0  startup_stm32f4xx.o(.text)
    I2C2_EV_IRQHandler                       0x08005fbb   Thumb Code     0  startup_stm32f4xx.o(.text)
    I2C3_ER_IRQHandler                       0x08005fbb   Thumb Code     0  startup_stm32f4xx.o(.text)
    I2C3_EV_IRQHandler                       0x08005fbb   Thumb Code     0  startup_stm32f4xx.o(.text)
    OTG_FS_IRQHandler                        0x08005fbb   Thumb Code     0  startup_stm32f4xx.o(.text)
    OTG_FS_WKUP_IRQHandler                   0x08005fbb   Thumb Code     0  startup_stm32f4xx.o(.text)
    OTG_HS_EP1_IN_IRQHandler                 0x08005fbb   Thumb Code     0  startup_stm32f4xx.o(.text)
    OTG_HS_EP1_OUT_IRQHandler                0x08005fbb   Thumb Code     0  startup_stm32f4xx.o(.text)
    OTG_HS_IRQHandler                        0x08005fbb   Thumb Code     0  startup_stm32f4xx.o(.text)
    OTG_HS_WKUP_IRQHandler                   0x08005fbb   Thumb Code     0  startup_stm32f4xx.o(.text)
    PVD_IRQHandler                           0x08005fbb   Thumb Code     0  startup_stm32f4xx.o(.text)
    RCC_IRQHandler                           0x08005fbb   Thumb Code     0  startup_stm32f4xx.o(.text)
    RTC_Alarm_IRQHandler                     0x08005fbb   Thumb Code     0  startup_stm32f4xx.o(.text)
    RTC_WKUP_IRQHandler                      0x08005fbb   Thumb Code     0  startup_stm32f4xx.o(.text)
    SDIO_IRQHandler                          0x08005fbb   Thumb Code     0  startup_stm32f4xx.o(.text)
    SPI1_IRQHandler                          0x08005fbb   Thumb Code     0  startup_stm32f4xx.o(.text)
    SPI2_IRQHandler                          0x08005fbb   Thumb Code     0  startup_stm32f4xx.o(.text)
    SPI3_IRQHandler                          0x08005fbb   Thumb Code     0  startup_stm32f4xx.o(.text)
    TAMP_STAMP_IRQHandler                    0x08005fbb   Thumb Code     0  startup_stm32f4xx.o(.text)
    TIM1_BRK_TIM9_IRQHandler                 0x08005fbb   Thumb Code     0  startup_stm32f4xx.o(.text)
    TIM1_CC_IRQHandler                       0x08005fbb   Thumb Code     0  startup_stm32f4xx.o(.text)
    TIM1_TRG_COM_TIM11_IRQHandler            0x08005fbb   Thumb Code     0  startup_stm32f4xx.o(.text)
    TIM1_UP_TIM10_IRQHandler                 0x08005fbb   Thumb Code     0  startup_stm32f4xx.o(.text)
    TIM4_IRQHandler                          0x08005fbb   Thumb Code     0  startup_stm32f4xx.o(.text)
    TIM5_IRQHandler                          0x08005fbb   Thumb Code     0  startup_stm32f4xx.o(.text)
    TIM6_DAC_IRQHandler                      0x08005fbb   Thumb Code     0  startup_stm32f4xx.o(.text)
    TIM7_IRQHandler                          0x08005fbb   Thumb Code     0  startup_stm32f4xx.o(.text)
    TIM8_BRK_TIM12_IRQHandler                0x08005fbb   Thumb Code     0  startup_stm32f4xx.o(.text)
    TIM8_CC_IRQHandler                       0x08005fbb   Thumb Code     0  startup_stm32f4xx.o(.text)
    TIM8_TRG_COM_TIM14_IRQHandler            0x08005fbb   Thumb Code     0  startup_stm32f4xx.o(.text)
    TIM8_UP_TIM13_IRQHandler                 0x08005fbb   Thumb Code     0  startup_stm32f4xx.o(.text)
    UART4_IRQHandler                         0x08005fbb   Thumb Code     0  startup_stm32f4xx.o(.text)
    UART5_IRQHandler                         0x08005fbb   Thumb Code     0  startup_stm32f4xx.o(.text)
    USART1_IRQHandler                        0x08005fbb   Thumb Code     0  startup_stm32f4xx.o(.text)
    USART3_IRQHandler                        0x08005fbb   Thumb Code     0  startup_stm32f4xx.o(.text)
    USART6_IRQHandler                        0x08005fbb   Thumb Code     0  startup_stm32f4xx.o(.text)
    WWDG_IRQHandler                          0x08005fbb   Thumb Code     0  startup_stm32f4xx.o(.text)
    __aeabi_ddiv                             0x08005fc5   Thumb Code   222  ddiv.o(.text)
    __aeabi_i2d                              0x080060a3   Thumb Code    34  dflti.o(.text)
    __aeabi_d2iz                             0x080060c5   Thumb Code    62  dfixi.o(.text)
    __aeabi_d2uiz                            0x08006103   Thumb Code    50  dfixui.o(.text)
    __aeabi_f2d                              0x08006135   Thumb Code    38  f2d.o(.text)
    __aeabi_uidiv                            0x0800615b   Thumb Code     0  uidiv.o(.text)
    __aeabi_uidivmod                         0x0800615b   Thumb Code    44  uidiv.o(.text)
    __aeabi_uldivmod                         0x08006187   Thumb Code    98  uldiv.o(.text)
    __aeabi_llsr                             0x080061e9   Thumb Code    32  llushr.o(.text)
    _ll_ushift_r                             0x080061e9   Thumb Code     0  llushr.o(.text)
    __I$use$fp                               0x08006209   Thumb Code     0  iusefp.o(.text)
    _double_round                            0x08006209   Thumb Code    26  depilogue.o(.text)
    _double_epilogue                         0x08006223   Thumb Code   164  depilogue.o(.text)
    __aeabi_dadd                             0x080062c7   Thumb Code   322  dadd.o(.text)
    __aeabi_dsub                             0x08006409   Thumb Code     6  dadd.o(.text)
    __aeabi_drsub                            0x0800640f   Thumb Code     6  dadd.o(.text)
    __aeabi_dmul                             0x08006415   Thumb Code   228  dmul.o(.text)
    __aeabi_d2ulz                            0x080064f9   Thumb Code    48  dfixul.o(.text)
    __aeabi_cdrcmple                         0x08006529   Thumb Code    38  cdrcmple.o(.text)
    __scatterload                            0x08006551   Thumb Code    28  init.o(.text)
    __scatterload_rt2                        0x08006551   Thumb Code     0  init.o(.text)
    __aeabi_llsl                             0x08006575   Thumb Code    30  llshl.o(.text)
    _ll_shift_l                              0x08006575   Thumb Code     0  llshl.o(.text)
    __aeabi_lasr                             0x08006593   Thumb Code    36  llsshr.o(.text)
    _ll_sshift_r                             0x08006593   Thumb Code     0  llsshr.o(.text)
    __0sprintf                               0x080065b9   Thumb Code    34  printfa.o(i.__0sprintf)
    __1sprintf                               0x080065b9   Thumb Code     0  printfa.o(i.__0sprintf)
    __2sprintf                               0x080065b9   Thumb Code     0  printfa.o(i.__0sprintf)
    __c89sprintf                             0x080065b9   Thumb Code     0  printfa.o(i.__0sprintf)
    sprintf                                  0x080065b9   Thumb Code     0  printfa.o(i.__0sprintf)
    __scatterload_copy                       0x080065e1   Thumb Code    14  handlers.o(i.__scatterload_copy)
    __scatterload_null                       0x080065ef   Thumb Code     2  handlers.o(i.__scatterload_null)
    __scatterload_zeroinit                   0x080065f1   Thumb Code    14  handlers.o(i.__scatterload_zeroinit)
    ascii_8x16                               0x08006eac   Data        1536  ili9325.o(.constdata)
    ASCII_Table_16x24                        0x080074ac   Data        4560  ili9325.o(.constdata)
    Region$$Table$$Base                      0x080087b8   Number         0  anon$$obj.o(Region$$Table)
    Region$$Table$$Limit                     0x080087d8   Number         0  anon$$obj.o(Region$$Table)
    UpdataTFT_flag                           0x20000000   Data           1  main.o(.data)
    turn_flag                                0x20000004   Data           4  main.o(.data)
    read_flash_flag                          0x20000008   Data           4  main.o(.data)
    write_flash_flag                         0x2000000c   Data           4  main.o(.data)
    dwqdqw                                   0x20000010   Data           1  main.o(.data)
    TEXT_Buffer                              0x20000011   Data           2  main.o(.data)
    area_flag                                0x20000014   Data           4  main.o(.data)
    datatemp                                 0x20000018   Data           2  main.o(.data)
    DeviceCode                               0x2000001a   Data           2  ili9325.o(.data)
    Gray_Image_Buffer                        0x2000001c   Data           4  ov7725.o(.data)
    black_num                                0x20000020   Data           4  image.o(.data)
    blank_detection_flag                     0x20000024   Data           4  image.o(.data)
    Thres                                    0x20000028   Data           4  image.o(.data)
    car_start_detection_flag                 0x2000002c   Data           4  image.o(.data)
    color_Thres                              0x20000030   Data           4  image.o(.data)
    dis_detection_flag                       0x20000034   Data           4  image.o(.data)
    switch_mode_flag                         0x20000038   Data           4  image.o(.data)
    Line_count                               0x2000003c   Data           4  image.o(.data)
    Line_detection_flag                      0x20000040   Data           4  image.o(.data)
    err                                      0x20000044   Data           4  image.o(.data)
    Line_flag                                0x20000048   Data           4  image.o(.data)
    off_count_flag                           0x2000004c   Data           4  image.o(.data)
    end_mode2_flag                           0x20000050   Data           4  image.o(.data)
    open_mode2_flag                          0x20000054   Data           4  image.o(.data)
    Horizontal_Column_BlackMidpoint          0x20000058   Data           4  image.o(.data)
    First_tar_Column                         0x2000005c   Data           4  image.o(.data)
    Last_tar_Column                          0x20000060   Data           4  image.o(.data)
    r                                        0x20000064   Data           1  image.o(.data)
    g                                        0x20000065   Data           1  image.o(.data)
    b                                        0x20000066   Data           1  image.o(.data)
    First_Column_BlackMidpoint               0x20000067   Data           1  image.o(.data)
    Last_Column_BlackMidpoint                0x20000068   Data           1  image.o(.data)
    middle_Column_BlackMidpoint              0x20000069   Data           1  image.o(.data)
    First_Row_BlackMidpoint                  0x2000006c   Data           4  image.o(.data)
    Last_Row_BlackMidpoint                   0x20000070   Data           4  image.o(.data)
    Vertical_Row_BlackMidpoint               0x20000074   Data           4  image.o(.data)
    Temp                                     0x20000078   Data           1  usart.o(.data)
    Rotor_attitude                           0x2000007c   Data           4  usart.o(.data)
    PITCH                                    0x20000080   Data           4  usart.o(.data)
    Task_flag                                0x20000084   Data           4  usart.o(.data)
    stay_altitude_flag                       0x20000088   Data           4  usart.o(.data)
    Start_line_detection_flag                0x2000008c   Data           4  usart.o(.data)
    move_forward_flag                        0x20000090   Data           4  usart.o(.data)
    change_flag                              0x20000094   Data           1  tim3.o(.data)
    flag                                     0x20000098   Data           4  tim3.o(.data)
    Down_Flag                                0x2000009c   Data           4  tim3.o(.data)
    Down_Flag_Count                          0x200000a0   Data           4  tim3.o(.data)
    speed                                    0x200000a4   Data           4  tim3.o(.data)
    flag_baotou                              0x200000a8   Data           4  tim3.o(.data)
    flag_send                                0x200000ac   Data           4  tim3.o(.data)
    last_point                               0x200000b0   Data           4  tim3.o(.data)
    SystemCoreClock                          0x200000c4   Data           4  system_stm32f4xx.o(.data)
    AHBPrescTable                            0x200000c8   Data          16  system_stm32f4xx.o(.data)
    Image                                    0x200000d8   Data       128000  ov7725.o(.bss)
    __initial_sp                             0x2001f8d8   Data           0  startup_stm32f4xx.o(STACK)



==============================================================================

Memory Map of the image

  Image Entry point : 0x08000189

  Load Region LR_IROM1 (Base: 0x08000000, Size: 0x000088b0, Max: 0x00100000, ABSOLUTE)

    Execution Region ER_IROM1 (Base: 0x08000000, Size: 0x000087d8, Max: 0x00100000, ABSOLUTE)

    Base Addr    Size         Type   Attr      Idx    E Section Name        Object

    0x08000000   0x00000188   Data   RO          812    RESET               startup_stm32f4xx.o
    0x08000188   0x00000000   Code   RO          817  * .ARM.Collect$$$$00000000  mc_w.l(entry.o)
    0x08000188   0x00000004   Code   RO         1091    .ARM.Collect$$$$00000001  mc_w.l(entry2.o)
    0x0800018c   0x00000004   Code   RO         1094    .ARM.Collect$$$$00000004  mc_w.l(entry5.o)
    0x08000190   0x00000000   Code   RO         1096    .ARM.Collect$$$$00000008  mc_w.l(entry7b.o)
    0x08000190   0x00000000   Code   RO         1098    .ARM.Collect$$$$0000000A  mc_w.l(entry8b.o)
    0x08000190   0x00000008   Code   RO         1099    .ARM.Collect$$$$0000000B  mc_w.l(entry9a.o)
    0x08000198   0x00000000   Code   RO         1101    .ARM.Collect$$$$0000000D  mc_w.l(entry10a.o)
    0x08000198   0x00000000   Code   RO         1103    .ARM.Collect$$$$0000000F  mc_w.l(entry11a.o)
    0x08000198   0x00000004   Code   RO         1092    .ARM.Collect$$$$00002712  mc_w.l(entry2.o)
    0x0800019c   0x00000466   Code   RO            3    .text               ili9325_api.o
    0x08000602   0x00000002   PAD
    0x08000604   0x0000048c   Code   RO           88    .text               main.o
    0x08000a90   0x00000018   Code   RO          178    .text               stm32f4xx_it.o
    0x08000aa8   0x00000036   Code   RO          201    .text               delay.o
    0x08000ade   0x00000002   PAD
    0x08000ae0   0x00000040   Code   RO          221    .text               led.o
    0x08000b20   0x000010b0   Code   RO          241    .text               ili9325.o
    0x08001bd0   0x00000340   Code   RO          271    .text               ov7725.o
    0x08001f10   0x00000330   Code   RO          307    .text               sccb.o
    0x08002240   0x00000b80   Code   RO          327    .text               image.o
    0x08002dc0   0x00000144   Code   RO          422    .text               usart.o
    0x08002f04   0x00000288   Code   RO          450    .text               tim3.o
    0x0800318c   0x0000009c   Code   RO          477    .text               show_number.o
    0x08003228   0x00000074   Code   RO          498    .text               tim2.o
    0x0800329c   0x0000015c   Code   RO          521    .text               stmflash.o
    0x080033f8   0x000000e4   Code   RO          544    .text               misc.o
    0x080034dc   0x0000025c   Code   RO          584    .text               stm32f4xx_gpio.o
    0x08003738   0x00000588   Code   RO          604    .text               stm32f4xx_rcc.o
    0x08003cc0   0x00000ca2   Code   RO          626    .text               stm32f4xx_tim.o
    0x08004962   0x00000002   PAD
    0x08004964   0x0000041a   Code   RO          646    .text               stm32f4xx_usart.o
    0x08004d7e   0x00000002   PAD
    0x08004d80   0x0000018c   Code   RO          706    .text               stm32f4xx_dcmi.o
    0x08004f0c   0x000003a4   Code   RO          726    .text               stm32f4xx_dma.o
    0x080052b0   0x0000061c   Code   RO          746    .text               stm32f4xx_fsmc.o
    0x080058cc   0x000004c8   Code   RO          766    .text               stm32f4xx_flash.o
    0x08005d94   0x0000020c   Code   RO          786    .text               system_stm32f4xx.o
    0x08005fa0   0x00000024   Code   RO          813    .text               startup_stm32f4xx.o
    0x08005fc4   0x000000de   Code   RO         1081    .text               mf_w.l(ddiv.o)
    0x080060a2   0x00000022   Code   RO         1083    .text               mf_w.l(dflti.o)
    0x080060c4   0x0000003e   Code   RO         1085    .text               mf_w.l(dfixi.o)
    0x08006102   0x00000032   Code   RO         1087    .text               mf_w.l(dfixui.o)
    0x08006134   0x00000026   Code   RO         1089    .text               mf_w.l(f2d.o)
    0x0800615a   0x0000002c   Code   RO         1108    .text               mc_w.l(uidiv.o)
    0x08006186   0x00000062   Code   RO         1110    .text               mc_w.l(uldiv.o)
    0x080061e8   0x00000020   Code   RO         1112    .text               mc_w.l(llushr.o)
    0x08006208   0x00000000   Code   RO         1114    .text               mc_w.l(iusefp.o)
    0x08006208   0x000000be   Code   RO         1115    .text               mf_w.l(depilogue.o)
    0x080062c6   0x0000014e   Code   RO         1117    .text               mf_w.l(dadd.o)
    0x08006414   0x000000e4   Code   RO         1119    .text               mf_w.l(dmul.o)
    0x080064f8   0x00000030   Code   RO         1121    .text               mf_w.l(dfixul.o)
    0x08006528   0x00000028   Code   RO         1123    .text               mf_w.l(cdrcmple.o)
    0x08006550   0x00000024   Code   RO         1125    .text               mc_w.l(init.o)
    0x08006574   0x0000001e   Code   RO         1128    .text               mc_w.l(llshl.o)
    0x08006592   0x00000024   Code   RO         1130    .text               mc_w.l(llsshr.o)
    0x080065b6   0x00000002   PAD
    0x080065b8   0x00000028   Code   RO         1055    i.__0sprintf        mc_w.l(printfa.o)
    0x080065e0   0x0000000e   Code   RO         1135    i.__scatterload_copy  mc_w.l(handlers.o)
    0x080065ee   0x00000002   Code   RO         1136    i.__scatterload_null  mc_w.l(handlers.o)
    0x080065f0   0x0000000e   Code   RO         1137    i.__scatterload_zeroinit  mc_w.l(handlers.o)
    0x080065fe   0x00000002   PAD
    0x08006600   0x0000015c   Code   RO         1060    i._fp_digits        mc_w.l(printfa.o)
    0x0800675c   0x000006f0   Code   RO         1061    i._printf_core      mc_w.l(printfa.o)
    0x08006e4c   0x00000026   Code   RO         1062    i._printf_post_padding  mc_w.l(printfa.o)
    0x08006e72   0x00000030   Code   RO         1063    i._printf_pre_padding  mc_w.l(printfa.o)
    0x08006ea2   0x0000000a   Code   RO         1065    i._sputc            mc_w.l(printfa.o)
    0x08006eac   0x000017d0   Data   RO          242    .constdata          ili9325.o
    0x0800867c   0x00000130   Data   RO          273    .constdata          ov7725.o
    0x080087ac   0x0000000c   Data   RO          478    .constdata          show_number.o
    0x080087b8   0x00000020   Data   RO         1133    Region$$Table       anon$$obj.o


    Execution Region RW_IRAM1 (Base: 0x20000000, Size: 0x0001f8d8, Max: 0x00020000, ABSOLUTE)

    Base Addr    Size         Type   Attr      Idx    E Section Name        Object

    0x20000000   0x0000001a   Data   RW           90    .data               main.o
    0x2000001a   0x00000002   Data   RW          243    .data               ili9325.o
    0x2000001c   0x00000004   Data   RW          274    .data               ov7725.o
    0x20000020   0x00000058   Data   RW          330    .data               image.o
    0x20000078   0x0000001c   Data   RW          423    .data               usart.o
    0x20000094   0x00000020   Data   RW          451    .data               tim3.o
    0x200000b4   0x00000010   Data   RW          605    .data               stm32f4xx_rcc.o
    0x200000c4   0x00000014   Data   RW          787    .data               system_stm32f4xx.o
    0x200000d8   0x0001f400   Zero   RW          272    .bss                ov7725.o
    0x2001f4d8   0x00000400   Zero   RW          810    STACK               startup_stm32f4xx.o


==============================================================================

Image component sizes


      Code (inc. data)   RO Data    RW Data    ZI Data      Debug   Object Name

        54          0          0          0          0       1040   delay.o
      4272         44       6096          2          0      17757   ili9325.o
      1126          0          0          0          0     277189   ili9325_api.o
      2944         86          0         88          0       7750   image.o
        64          4          0          0          0        753   led.o
      1164        188          0         26          0       9322   main.o
       228         22          0          0          0       2457   misc.o
       832         36        304          4     128000       3648   ov7725.o
       816          4          0          0          0       3124   sccb.o
       156         18         12          0          0       1228   show_number.o
        36          8        392          0       1024        952   startup_stm32f4xx.o
       396          6          0          0          0       4094   stm32f4xx_dcmi.o
       932         32          0          0          0       6937   stm32f4xx_dma.o
      1224         24          0          0          0       7545   stm32f4xx_flash.o
      1564         58          0          0          0       6047   stm32f4xx_fsmc.o
       604         36          0          0          0       4701   stm32f4xx_gpio.o
        24          0          0          0          0       1390   stm32f4xx_it.o
      1416         48          0         16          0      11855   stm32f4xx_rcc.o
      3234         60          0          0          0      22936   stm32f4xx_tim.o
      1050         26          0          0          0       8412   stm32f4xx_usart.o
       348         48          0          0          0       8245   stmflash.o
       524         44          0         20          0       2607   system_stm32f4xx.o
       116          0          0          0          0       1024   tim2.o
       648         34          0         32          0       2944   tim3.o
       324         28          0         28          0       1872   usart.o

    ----------------------------------------------------------------------
     24104        854       6836        216     129024     415829   Object Totals
         0          0         32          0          0          0   (incl. Generated)
         8          0          0          0          0          0   (incl. Padding)

    ----------------------------------------------------------------------

      Code (inc. data)   RO Data    RW Data    ZI Data      Debug   Library Member Name

         0          0          0          0          0          0   entry.o
         0          0          0          0          0          0   entry10a.o
         0          0          0          0          0          0   entry11a.o
         8          4          0          0          0          0   entry2.o
         4          0          0          0          0          0   entry5.o
         0          0          0          0          0          0   entry7b.o
         0          0          0          0          0          0   entry8b.o
         8          4          0          0          0          0   entry9a.o
        30          0          0          0          0          0   handlers.o
        36          8          0          0          0         68   init.o
         0          0          0          0          0          0   iusefp.o
        30          0          0          0          0         68   llshl.o
        36          0          0          0          0         68   llsshr.o
        32          0          0          0          0         68   llushr.o
      2260         86          0          0          0        512   printfa.o
        44          0          0          0          0         80   uidiv.o
        98          0          0          0          0         92   uldiv.o
        40          2          0          0          0         68   cdrcmple.o
       334          0          0          0          0        148   dadd.o
       222          0          0          0          0        100   ddiv.o
       190          0          0          0          0        176   depilogue.o
        62          0          0          0          0         80   dfixi.o
        50          0          0          0          0         76   dfixui.o
        48          0          0          0          0         68   dfixul.o
        34          0          0          0          0         76   dflti.o
       228          0          0          0          0         96   dmul.o
        38          0          0          0          0         68   f2d.o

    ----------------------------------------------------------------------
      3836        104          0          0          0       1912   Library Totals
         4          0          0          0          0          0   (incl. Padding)

    ----------------------------------------------------------------------

      Code (inc. data)   RO Data    RW Data    ZI Data      Debug   Library Name

      2586        102          0          0          0        956   mc_w.l
      1246          2          0          0          0        956   mf_w.l

    ----------------------------------------------------------------------
      3836        104          0          0          0       1912   Library Totals

    ----------------------------------------------------------------------

==============================================================================


      Code (inc. data)   RO Data    RW Data    ZI Data      Debug   

     27940        958       6836        216     129024     411353   Grand Totals
     27940        958       6836        216     129024     411353   ELF Image Totals
     27940        958       6836        216          0          0   ROM Totals

==============================================================================

    Total RO  Size (Code + RO Data)                34776 (  33.96kB)
    Total RW  Size (RW Data + ZI Data)            129240 ( 126.21kB)
    Total ROM Size (Code + RO Data + RW Data)      34992 (  34.17kB)

==============================================================================

