<html>
<body>
<pre>
<h1>礦ision Build Log</h1>
<h2>Tool Versions:</h2>
IDE-Version: μVision V5.24.2.0
Copyright (C) 2017 ARM Ltd and ARM Germany GmbH. All rights reserved.
License Information: 1 ASUS, 1, LIC=----
 
Tool Versions:
Toolchain:       MDK-Lite  Version: 5.24.1
Toolchain Path:  D:\MDK-ARM5.24\ARM\ARMCC\Bin
C Compiler:      Armcc.exe V5.06 update 5 (build 528)
Assembler:       Armasm.exe V5.06 update 5 (build 528)
Linker/Locator:  ArmLink.exe V5.06 update 5 (build 528)
Library Manager: ArmAr.exe V5.06 update 5 (build 528)
Hex Converter:   FromElf.exe V5.06 update 5 (build 528)
CPU DLL:         SARMCM3.DLL V5.24.1
Dialog DLL:      DCM.DLL V1.16.0.0
Target DLL:      UL2CM3.DLL V1.160.3.0
Dialog DLL:      TCM.DLL V1.32.0.0
 
<h2>Project:</h2>
E:\本科比赛资料\2017电子设计国赛\2.四旋翼飞行器\@1.V1飞控代码 - (核心)\17年飞行器题目代码\17年飞行器最终代码\f407_fc_ano_匿名核心8.12 - 副本\F407_FC_ANO_杜（成品机）_改\F407_FC_ANO\F407_FC.uvprojx
Project File Date:  02/19/2018

<h2>Output:</h2>
*** Using Compiler 'V5.06 update 5 (build 528)', folder: 'D:\MDK-ARM5.24\ARM\ARMCC\Bin'
Build target 'Anopilot'
compiling stm32f4xx_it.c...
.\drivers\Key.h(6): warning:  #1295-D: Deprecated declaration KEY_Init - give arg types
  void KEY_Init()  ;
.\drivers\Key.h(7): warning:  #1295-D: Deprecated declaration Key_func - give arg types
  void Key_func();
applications\stm32f4xx_it.c: 2 warnings, 0 errors
compiling main.c...
.\drivers\Key.h(6): warning:  #1295-D: Deprecated declaration KEY_Init - give arg types
  void KEY_Init()  ;
.\drivers\Key.h(7): warning:  #1295-D: Deprecated declaration Key_func - give arg types
  void Key_func();
applications\main.c: 2 warnings, 0 errors
compiling scheduler.c...
.\drivers\Key.h(6): warning:  #1295-D: Deprecated declaration KEY_Init - give arg types
  void KEY_Init()  ;
.\drivers\Key.h(7): warning:  #1295-D: Deprecated declaration Key_func - give arg types
  void Key_func();
.\drivers\led.h(32): warning:  #1295-D: Deprecated declaration KEY_Init - give arg types
  void KEY_Init();
.\drivers\led.h(33): warning:  #1295-D: Deprecated declaration Buzzer_Init - give arg types
  void Buzzer_Init();
.\drivers\led.h(34): warning:  #1295-D: Deprecated declaration Key_func - give arg types
  void Key_func();
.\drivers\communication.h(8): warning:  #1-D: last line of file ends without a newline
  extern int Vertical_Row_BlackMidpoint;
applications\ctrl.h(45): warning:  #1295-D: Deprecated declaration CTRL_3 - give arg types
  void CTRL_3();
applications\ctrl.h(53): warning:  #1295-D: Deprecated declaration Task_0 - give arg types
  void Task_0();
applications\ctrl.h(54): warning:  #1295-D: Deprecated declaration Task_1 - give arg types
  void Task_1();
applications\ctrl.h(55): warning:  #1295-D: Deprecated declaration Task_2 - give arg types
  void Task_2();
applications\ctrl.h(56): warning:  #1295-D: Deprecated declaration Task_3 - give arg types
  void Task_3();
applications\ctrl.h(57): warning:  #1295-D: Deprecated declaration Task_4 - give arg types
  void Task_4();
applications\ctrl.h(58): warning:  #1295-D: Deprecated declaration Task_5 - give arg types
  void Task_5();
applications\ctrl.h(59): warning:  #1295-D: Deprecated declaration Task_6 - give arg types
  void Task_6();
applications\ctrl.h(62): warning:  #1295-D: Deprecated declaration Ruisa_commun - give arg types
  void Ruisa_commun();
applications\ctrl.h(63): warning:  #1295-D: Deprecated declaration Turn_func_moveright - give arg types
  void Turn_func_moveright();
applications\ctrl.h(64): warning:  #1295-D: Deprecated declaration Turn_func_moveleft - give arg types
  void Turn_func_moveleft();
applications\ctrl.h(66): warning:  #1295-D: Deprecated declaration fly_buffer_func - give arg types
  void fly_buffer_func();
applications\scheduler.c: 18 warnings, 0 errors
compiling init.c...
.\drivers\Key.h(6): warning:  #1295-D: Deprecated declaration KEY_Init - give arg types
  void KEY_Init()  ;
.\drivers\Key.h(7): warning:  #1295-D: Deprecated declaration Key_func - give arg types
  void Key_func();
.\drivers\led.h(32): warning:  #1295-D: Deprecated declaration KEY_Init - give arg types
  void KEY_Init();
.\drivers\led.h(33): warning:  #1295-D: Deprecated declaration Buzzer_Init - give arg types
  void Buzzer_Init();
.\drivers\led.h(34): warning:  #1295-D: Deprecated declaration Key_func - give arg types
  void Key_func();
.\drivers\communication.h(8): warning:  #1-D: last line of file ends without a newline
  extern int Vertical_Row_BlackMidpoint;
applications\ctrl.h(45): warning:  #1295-D: Deprecated declaration CTRL_3 - give arg types
  void CTRL_3();
applications\ctrl.h(53): warning:  #1295-D: Deprecated declaration Task_0 - give arg types
  void Task_0();
applications\ctrl.h(54): warning:  #1295-D: Deprecated declaration Task_1 - give arg types
  void Task_1();
applications\ctrl.h(55): warning:  #1295-D: Deprecated declaration Task_2 - give arg types
  void Task_2();
applications\ctrl.h(56): warning:  #1295-D: Deprecated declaration Task_3 - give arg types
  void Task_3();
applications\ctrl.h(57): warning:  #1295-D: Deprecated declaration Task_4 - give arg types
  void Task_4();
applications\ctrl.h(58): warning:  #1295-D: Deprecated declaration Task_5 - give arg types
  void Task_5();
applications\ctrl.h(59): warning:  #1295-D: Deprecated declaration Task_6 - give arg types
  void Task_6();
applications\ctrl.h(62): warning:  #1295-D: Deprecated declaration Ruisa_commun - give arg types
  void Ruisa_commun();
applications\ctrl.h(63): warning:  #1295-D: Deprecated declaration Turn_func_moveright - give arg types
  void Turn_func_moveright();
applications\ctrl.h(64): warning:  #1295-D: Deprecated declaration Turn_func_moveleft - give arg types
  void Turn_func_moveleft();
applications\ctrl.h(66): warning:  #1295-D: Deprecated declaration fly_buffer_func - give arg types
  void fly_buffer_func();
.\drivers\communication.h(8): warning:  #1-D: last line of file ends without a newline
  extern int Vertical_Row_BlackMidpoint;
applications\init.c: 19 warnings, 0 errors
compiling parameter.c...
.\drivers\Key.h(6): warning:  #1295-D: Deprecated declaration KEY_Init - give arg types
  void KEY_Init()  ;
.\drivers\Key.h(7): warning:  #1295-D: Deprecated declaration Key_func - give arg types
  void Key_func();
.\drivers\communication.h(8): warning:  #1-D: last line of file ends without a newline
  extern int Vertical_Row_BlackMidpoint;
.\drivers\led.h(32): warning:  #1295-D: Deprecated declaration KEY_Init - give arg types
  void KEY_Init();
.\drivers\led.h(33): warning:  #1295-D: Deprecated declaration Buzzer_Init - give arg types
  void Buzzer_Init();
.\drivers\led.h(34): warning:  #1295-D: Deprecated declaration Key_func - give arg types
  void Key_func();
applications\ctrl.h(45): warning:  #1295-D: Deprecated declaration CTRL_3 - give arg types
  void CTRL_3();
applications\ctrl.h(53): warning:  #1295-D: Deprecated declaration Task_0 - give arg types
  void Task_0();
applications\ctrl.h(54): warning:  #1295-D: Deprecated declaration Task_1 - give arg types
  void Task_1();
applications\ctrl.h(55): warning:  #1295-D: Deprecated declaration Task_2 - give arg types
  void Task_2();
applications\ctrl.h(56): warning:  #1295-D: Deprecated declaration Task_3 - give arg types
  void Task_3();
applications\ctrl.h(57): warning:  #1295-D: Deprecated declaration Task_4 - give arg types
  void Task_4();
applications\ctrl.h(58): warning:  #1295-D: Deprecated declaration Task_5 - give arg types
  void Task_5();
applications\ctrl.h(59): warning:  #1295-D: Deprecated declaration Task_6 - give arg types
  void Task_6();
applications\ctrl.h(62): warning:  #1295-D: Deprecated declaration Ruisa_commun - give arg types
  void Ruisa_commun();
applications\ctrl.h(63): warning:  #1295-D: Deprecated declaration Turn_func_moveright - give arg types
  void Turn_func_moveright();
applications\ctrl.h(64): warning:  #1295-D: Deprecated declaration Turn_func_moveleft - give arg types
  void Turn_func_moveleft();
applications\ctrl.h(66): warning:  #1295-D: Deprecated declaration fly_buffer_func - give arg types
  void fly_buffer_func();
applications\parameter.c: 18 warnings, 0 errors
compiling ctrl.c...
.\drivers\Key.h(6): warning:  #1295-D: Deprecated declaration KEY_Init - give arg types
  void KEY_Init()  ;
.\drivers\Key.h(7): warning:  #1295-D: Deprecated declaration Key_func - give arg types
  void Key_func();
.\drivers\communication.h(8): warning:  #1-D: last line of file ends without a newline
  extern int Vertical_Row_BlackMidpoint;
.\drivers\led.h(32): warning:  #1295-D: Deprecated declaration KEY_Init - give arg types
  void KEY_Init();
.\drivers\led.h(33): warning:  #1295-D: Deprecated declaration Buzzer_Init - give arg types
  void Buzzer_Init();
.\drivers\led.h(34): warning:  #1295-D: Deprecated declaration Key_func - give arg types
  void Key_func();
applications\ctrl.h(45): warning:  #1295-D: Deprecated declaration CTRL_3 - give arg types
  void CTRL_3();
applications\ctrl.h(53): warning:  #1295-D: Deprecated declaration Task_0 - give arg types
  void Task_0();
applications\ctrl.h(54): warning:  #1295-D: Deprecated declaration Task_1 - give arg types
  void Task_1();
applications\ctrl.h(55): warning:  #1295-D: Deprecated declaration Task_2 - give arg types
  void Task_2();
applications\ctrl.h(56): warning:  #1295-D: Deprecated declaration Task_3 - give arg types
  void Task_3();
applications\ctrl.h(57): warning:  #1295-D: Deprecated declaration Task_4 - give arg types
  void Task_4();
applications\ctrl.h(58): warning:  #1295-D: Deprecated declaration Task_5 - give arg types
  void Task_5();
applications\ctrl.h(59): warning:  #1295-D: Deprecated declaration Task_6 - give arg types
  void Task_6();
applications\ctrl.h(62): warning:  #1295-D: Deprecated declaration Ruisa_commun - give arg types
  void Ruisa_commun();
applications\ctrl.h(63): warning:  #1295-D: Deprecated declaration Turn_func_moveright - give arg types
  void Turn_func_moveright();
applications\ctrl.h(64): warning:  #1295-D: Deprecated declaration Turn_func_moveleft - give arg types
  void Turn_func_moveleft();
applications\ctrl.h(66): warning:  #1295-D: Deprecated declaration fly_buffer_func - give arg types
  void fly_buffer_func();
applications\ctrl.c(535): warning:  #1035-D: single-precision operand implicitly converted to double-precision
  		Dout = - move_speed * 0.9;
applications\ctrl.c(536): warning:  #1035-D: single-precision operand implicitly converted to double-precision
  		if(Pout >= 2.4 )   // 5 
applications\ctrl.c(556): warning:  #1035-D: single-precision operand implicitly converted to double-precision
  		Dout = - qh_move_speed * 0.9;
applications\ctrl.c(557): warning:  #1035-D: single-precision operand implicitly converted to double-precision
  		if(Pout >= 2.4 )   // 5 
applications\ctrl.c(591): warning:  #1035-D: single-precision operand implicitly converted to double-precision
  		Dout = - move_speed * 0.9;
applications\ctrl.c(592): warning:  #1035-D: single-precision operand implicitly converted to double-precision
  		if(Pout >= 1.9 )   // 2.4 !!!
applications\ctrl.c(613): warning:  #1035-D: single-precision operand implicitly converted to double-precision
  		Dout = - qh_move_speed * 0.9;
applications\ctrl.c(614): warning:  #1035-D: single-precision operand implicitly converted to double-precision
  		if(Pout >= 1.9 )   // 2.4 !!!
applications\ctrl.c(639): warning:  #1035-D: single-precision operand implicitly converted to double-precision
  		Dout = - move_speed * 0.9;
applications\ctrl.c(640): warning:  #1035-D: single-precision operand implicitly converted to double-precision
  		if(Pout >= 2.4 )   // 5 
applications\ctrl.c(661): warning:  #1035-D: single-precision operand implicitly converted to double-precision
  		Dout = - qh_move_speed * 0.9;
applications\ctrl.c(662): warning:  #1035-D: single-precision operand implicitly converted to double-precision
  		if(Pout >= 2.4 )   // 5 
applications\ctrl.c(687): warning:  #1035-D: single-precision operand implicitly converted to double-precision
  		Dout = - move_speed * 0.9;
applications\ctrl.c(688): warning:  #1035-D: single-precision operand implicitly converted to double-precision
  		if(Pout >= 2.4 )   // 5 
applications\ctrl.c(709): warning:  #1035-D: single-precision operand implicitly converted to double-precision
  		Dout = - qh_move_speed * 0.9;
applications\ctrl.c(710): warning:  #1035-D: single-precision operand implicitly converted to double-precision
  	  if(Pout >= 2.4 )   // 2.4 !!!
applications\ctrl.c: 34 warnings, 0 errors
compiling imu.c...
.\drivers\Key.h(6): warning:  #1295-D: Deprecated declaration KEY_Init - give arg types
  void KEY_Init()  ;
.\drivers\Key.h(7): warning:  #1295-D: Deprecated declaration Key_func - give arg types
  void Key_func();
applications\imu.c: 2 warnings, 0 errors
compiling mymath.c...
compiling data_transfer.c...
.\drivers\Key.h(6): warning:  #1295-D: Deprecated declaration KEY_Init - give arg types
  void KEY_Init()  ;
.\drivers\Key.h(7): warning:  #1295-D: Deprecated declaration Key_func - give arg types
  void Key_func();
.\drivers\communication.h(8): warning:  #1-D: last line of file ends without a newline
  extern int Vertical_Row_BlackMidpoint;
.\drivers\led.h(32): warning:  #1295-D: Deprecated declaration KEY_Init - give arg types
  void KEY_Init();
.\drivers\led.h(33): warning:  #1295-D: Deprecated declaration Buzzer_Init - give arg types
  void Buzzer_Init();
.\drivers\led.h(34): warning:  #1295-D: Deprecated declaration Key_func - give arg types
  void Key_func();
applications\ctrl.h(45): warning:  #1295-D: Deprecated declaration CTRL_3 - give arg types
  void CTRL_3();
applications\ctrl.h(53): warning:  #1295-D: Deprecated declaration Task_0 - give arg types
  void Task_0();
applications\ctrl.h(54): warning:  #1295-D: Deprecated declaration Task_1 - give arg types
  void Task_1();
applications\ctrl.h(55): warning:  #1295-D: Deprecated declaration Task_2 - give arg types
  void Task_2();
applications\ctrl.h(56): warning:  #1295-D: Deprecated declaration Task_3 - give arg types
  void Task_3();
applications\ctrl.h(57): warning:  #1295-D: Deprecated declaration Task_4 - give arg types
  void Task_4();
applications\ctrl.h(58): warning:  #1295-D: Deprecated declaration Task_5 - give arg types
  void Task_5();
applications\ctrl.h(59): warning:  #1295-D: Deprecated declaration Task_6 - give arg types
  void Task_6();
applications\ctrl.h(62): warning:  #1295-D: Deprecated declaration Ruisa_commun - give arg types
  void Ruisa_commun();
applications\ctrl.h(63): warning:  #1295-D: Deprecated declaration Turn_func_moveright - give arg types
  void Turn_func_moveright();
applications\ctrl.h(64): warning:  #1295-D: Deprecated declaration Turn_func_moveleft - give arg types
  void Turn_func_moveleft();
applications\ctrl.h(66): warning:  #1295-D: Deprecated declaration fly_buffer_func - give arg types
  void fly_buffer_func();
applications\data_transfer.c: 18 warnings, 0 errors
compiling rc.c...
.\drivers\Key.h(6): warning:  #1295-D: Deprecated declaration KEY_Init - give arg types
  void KEY_Init()  ;
.\drivers\Key.h(7): warning:  #1295-D: Deprecated declaration Key_func - give arg types
  void Key_func();
applications\rc.c: 2 warnings, 0 errors
compiling usb_config.c...
compiling version.c...
compiling usbd_user_hid.c...
compiling filter.c...
.\drivers\Key.h(6): warning:  #1295-D: Deprecated declaration KEY_Init - give arg types
  void KEY_Init()  ;
.\drivers\Key.h(7): warning:  #1295-D: Deprecated declaration Key_func - give arg types
  void Key_func();
applications\filter.c: 2 warnings, 0 errors
compiling height_ctrl.c...
.\drivers\Key.h(6): warning:  #1295-D: Deprecated declaration KEY_Init - give arg types
  void KEY_Init()  ;
.\drivers\Key.h(7): warning:  #1295-D: Deprecated declaration Key_func - give arg types
  void Key_func();
.\drivers\communication.h(8): warning:  #1-D: last line of file ends without a newline
  extern int Vertical_Row_BlackMidpoint;
.\drivers\led.h(32): warning:  #1295-D: Deprecated declaration KEY_Init - give arg types
  void KEY_Init();
.\drivers\led.h(33): warning:  #1295-D: Deprecated declaration Buzzer_Init - give arg types
  void Buzzer_Init();
.\drivers\led.h(34): warning:  #1295-D: Deprecated declaration Key_func - give arg types
  void Key_func();
applications\ctrl.h(45): warning:  #1295-D: Deprecated declaration CTRL_3 - give arg types
  void CTRL_3();
applications\ctrl.h(53): warning:  #1295-D: Deprecated declaration Task_0 - give arg types
  void Task_0();
applications\ctrl.h(54): warning:  #1295-D: Deprecated declaration Task_1 - give arg types
  void Task_1();
applications\ctrl.h(55): warning:  #1295-D: Deprecated declaration Task_2 - give arg types
  void Task_2();
applications\ctrl.h(56): warning:  #1295-D: Deprecated declaration Task_3 - give arg types
  void Task_3();
applications\ctrl.h(57): warning:  #1295-D: Deprecated declaration Task_4 - give arg types
  void Task_4();
applications\ctrl.h(58): warning:  #1295-D: Deprecated declaration Task_5 - give arg types
  void Task_5();
applications\ctrl.h(59): warning:  #1295-D: Deprecated declaration Task_6 - give arg types
  void Task_6();
applications\ctrl.h(62): warning:  #1295-D: Deprecated declaration Ruisa_commun - give arg types
  void Ruisa_commun();
applications\ctrl.h(63): warning:  #1295-D: Deprecated declaration Turn_func_moveright - give arg types
  void Turn_func_moveright();
applications\ctrl.h(64): warning:  #1295-D: Deprecated declaration Turn_func_moveleft - give arg types
  void Turn_func_moveleft();
applications\ctrl.h(66): warning:  #1295-D: Deprecated declaration fly_buffer_func - give arg types
  void fly_buffer_func();
applications\height_ctrl.c: 18 warnings, 0 errors
compiling time.c...
.\drivers\Key.h(6): warning:  #1295-D: Deprecated declaration KEY_Init - give arg types
  void KEY_Init()  ;
.\drivers\Key.h(7): warning:  #1295-D: Deprecated declaration Key_func - give arg types
  void Key_func();
drivers\time.c: 2 warnings, 0 errors
compiling pwm_in.c...
.\drivers\Key.h(6): warning:  #1295-D: Deprecated declaration KEY_Init - give arg types
  void KEY_Init()  ;
.\drivers\Key.h(7): warning:  #1295-D: Deprecated declaration Key_func - give arg types
  void Key_func();
drivers\pwm_in.c: 2 warnings, 0 errors
compiling i2c_soft.c...
compiling pwm_out.c...
.\drivers\Key.h(6): warning:  #1295-D: Deprecated declaration KEY_Init - give arg types
  void KEY_Init()  ;
.\drivers\Key.h(7): warning:  #1295-D: Deprecated declaration Key_func - give arg types
  void Key_func();
drivers\pwm_out.c: 2 warnings, 0 errors
compiling mpu6050.c...
.\drivers\Key.h(6): warning:  #1295-D: Deprecated declaration KEY_Init - give arg types
  void KEY_Init()  ;
.\drivers\Key.h(7): warning:  #1295-D: Deprecated declaration Key_func - give arg types
  void Key_func();
drivers\mpu6050.c: 2 warnings, 0 errors
compiling ak8975.c...
.\drivers\Key.h(6): warning:  #1295-D: Deprecated declaration KEY_Init - give arg types
  void KEY_Init()  ;
.\drivers\Key.h(7): warning:  #1295-D: Deprecated declaration Key_func - give arg types
  void Key_func();
drivers\ak8975.c: 2 warnings, 0 errors
compiling led.c...
drivers\led.h(32): warning:  #1295-D: Deprecated declaration KEY_Init - give arg types
  void KEY_Init();
drivers\led.h(33): warning:  #1295-D: Deprecated declaration Buzzer_Init - give arg types
  void Buzzer_Init();
drivers\led.h(34): warning:  #1295-D: Deprecated declaration Key_func - give arg types
  void Key_func();
.\drivers\Key.h(6): warning:  #1295-D: Deprecated declaration KEY_Init - give arg types
  void KEY_Init()  ;
.\drivers\Key.h(7): warning:  #1295-D: Deprecated declaration Key_func - give arg types
  void Key_func();
drivers\led.c: 5 warnings, 0 errors
compiling ms5611.c...
.\drivers\Key.h(6): warning:  #1295-D: Deprecated declaration KEY_Init - give arg types
  void KEY_Init()  ;
.\drivers\Key.h(7): warning:  #1295-D: Deprecated declaration Key_func - give arg types
  void Key_func();
drivers\ms5611.c: 2 warnings, 0 errors
compiling usart.c...
drivers\usart.c(102): warning:  #550-D: variable "com_data"  was set but never used
  	u8 com_data;
drivers\usart.c: 1 warning, 0 errors
compiling usbd_STM32F4xx_FS.c...
compiling drv_w25qxx.c...
drivers\drv_w25qxx.c(211): warning:  #177-D: function "Flash_WriteDisable"  was declared but never referenced
  static void Flash_WriteDisable(void)
drivers\drv_w25qxx.c(82): warning:  #177-D: function "Flash_Transfer"  was declared but never referenced
  static uint32_t Flash_Transfer(uint8_t *send_buffer,uint8_t *recv_buffer,uint32_t len)
drivers\drv_w25qxx.c: 2 warnings, 0 errors
compiling ultrasonic.c...
.\drivers\Key.h(6): warning:  #1295-D: Deprecated declaration KEY_Init - give arg types
  void KEY_Init()  ;
.\drivers\Key.h(7): warning:  #1295-D: Deprecated declaration Key_func - give arg types
  void Key_func();
drivers\ultrasonic.c(34): warning:  #9-D: nested comment is not allowed
  //////////////////////////////////////////////*/	
drivers\ultrasonic.c: 3 warnings, 0 errors
compiling communication.c...
drivers\communication.h(8): warning:  #1-D: last line of file ends without a newline
  extern int Vertical_Row_BlackMidpoint;
drivers\communication.c: 1 warning, 0 errors
compiling misc.c...
compiling stm32f4xx_dbgmcu.c...
compiling stm32f4xx_adc.c...
compiling stm32f4xx_dma.c...
compiling stm32f4xx_exti.c...
compiling stm32f4xx_flash.c...
compiling stm32f4xx_gpio.c...
compiling stm32f4xx_i2c.c...
compiling stm32f4xx_pwr.c...
compiling stm32f4xx_rcc.c...
compiling stm32f4xx_spi.c...
compiling stm32f4xx_syscfg.c...
compiling system_stm32f4xx.c...
compiling stm32f4xx_usart.c...
assembling startup_stm32f4xx.s...
compiling stm32f4xx_tim.c...
compiling usbd_core_hid.c...
compiling usbd_core.c...
compiling usbd_hid.c...
compiling diskio.c...
compiling ff.c...
linking...
Program Size: Code=91340 RO-data=916 RW-data=2128 ZI-data=14704  
FromELF: creating hex file...
After Build - User command #1: fromelf --bin .\build\F407_FC.axf --output TEST.ANO
".\build\F407_FC.axf" - 0 Error(s), 159 Warning(s).

<h2>Software Packages used:</h2>

Package Vendor: Keil
                http://www.keil.com/pack/Keil.STM32F4xx_DFP.2.11.0.pack
                Keil.STM32F4xx_DFP.2.11.0
                STMicroelectronics STM32F4 Series Device Support, Drivers and Examples

<h2>Collection of Component include folders:</h2>
  .\RTE\_Anopilot
  D:\MDK-ARM5.24\ARM\PACK\Keil\STM32F4xx_DFP\2.11.0\Drivers\CMSIS\Device\ST\STM32F4xx\Include

<h2>Collection of Component Files used:</h2>
Build Time Elapsed:  00:00:35
</pre>
</body>
</html>
