Component: ARM Compiler 5.06 update 5 (build 528) Tool: armlink [4d35e2]

==============================================================================

Section Cross References

    main.o(.text) refers to init.o(.text) for All_Init
    main.o(.text) refers to scheduler.o(.text) for Duty_Loop
    main.o(.text) refers to main.o(.data) for Init_Finish
    stm32f4xx_it.o(.text) refers to time.o(.text) for sys_time
    stm32f4xx_it.o(.text) refers to usart.o(.text) for Usart2_IRQ
    stm32f4xx_it.o(.text) refers to time.o(.data) for sysTickUptime
    scheduler.o(.text) refers to time.o(.text) for Get_Cycle_T
    scheduler.o(.text) refers to led.o(.text) for LED_Display
    scheduler.o(.text) refers to mpu6050.o(.text) for MPU6050_Read
    scheduler.o(.text) refers to ctrl.o(.text) for Task_scheduler
    scheduler.o(.text) refers to imu.o(.text) for IMUupdate
    scheduler.o(.text) refers to ak8975.o(.text) for ANO_AK8975_Read
    scheduler.o(.text) refers to parameter.o(.text) for Parameter_Save
    scheduler.o(.text) refers to rc.o(.text) for Mode
    scheduler.o(.text) refers to ultrasonic.o(.text) for Ultra_Duty
    scheduler.o(.text) refers to scheduler.o(.bss) for loop
    scheduler.o(.text) refers to led.o(.data) for LED_Brightness
    scheduler.o(.text) refers to ctrl.o(.data) for Task_flag
    scheduler.o(.text) refers to scheduler.o(.data) for start_mpu_flag
    scheduler.o(.text) refers to mpu6050.o(.bss) for mpu6050
    scheduler.o(.text) refers to imu.o(.data) for Yaw
    scheduler.o(.text) refers to height_ctrl.o(.data) for start_ctrl3_flag
    scheduler.o(.text) refers to time.o(.data) for time_1ms
    init.o(.text) refers to misc.o(.text) for NVIC_PriorityGroupConfig
    init.o(.text) refers to time.o(.text) for SysTick_Configuration
    init.o(.text) refers to i2c_soft.o(.text) for I2c_Soft_Init
    init.o(.text) refers to pwm_in.o(.text) for PWM_IN_Init
    init.o(.text) refers to pwm_out.o(.text) for PWM_Out_Init
    init.o(.text) refers to usbd_user_hid.o(.text) for Usb_Hid_Init
    init.o(.text) refers to ms5611.o(.text) for MS5611_Init
    init.o(.text) refers to mpu6050.o(.text) for MPU6050_Init
    init.o(.text) refers to led.o(.text) for LED_Init
    init.o(.text) refers to usart.o(.text) for Usart2_Init
    init.o(.text) refers to communication.o(.text) for Usart1_Init
    init.o(.text) refers to parameter.o(.text) for Para_Init
    init.o(.text) refers to ultrasonic.o(.text) for Ultrasonic_Init
    init.o(.text) refers to ak8975.o(.text) for ANO_AK8975_Run
    init.o(.text) refers to mpu6050.o(.bss) for mpu6050
    init.o(.text) refers to ak8975.o(.data) for ak8975_ok
    init.o(.text) refers to mpu6050.o(.data) for mpu6050_ok
    init.o(.text) refers to ms5611.o(.data) for ms5611_ok
    parameter.o(.text) refers to ff.o(.text) for f_mount
    parameter.o(.text) refers to ctrl.o(.text) for Ctrl_Para_Init
    parameter.o(.text) refers to height_ctrl.o(.text) for WZ_Speed_PID_Init
    parameter.o(.text) refers to parameter.o(.bss) for fs
    parameter.o(.text) refers to mpu6050.o(.bss) for mpu6050
    parameter.o(.text) refers to ak8975.o(.data) for ak8975
    parameter.o(.text) refers to ctrl.o(.bss) for ctrl_1
    parameter.o(.text) refers to parameter.o(.data) for flash_init_error
    parameter.o(.text) refers to data_transfer.o(.data) for flash_save_en_cnt
    parameter.o(.text) refers to ctrl.o(.data) for fly_ready
    ctrl.o(.text) refers to stm32f4xx_usart.o(.text) for USART_SendData
    ctrl.o(.text) refers to stm32f4xx_gpio.o(.text) for GPIO_SetBits
    ctrl.o(.text) refers to ctrl.o(.bss) for ctrl_1
    ctrl.o(.text) refers to ctrl.o(.data) for SendData_count
    ctrl.o(.text) refers to height_ctrl.o(.data) for start_ctrl3_flag
    ctrl.o(.text) refers to communication.o(.data) for dis_detection_flag
    ctrl.o(.text) refers to usart.o(.data) for Buzzer_start_flag
    ctrl.o(.text) refers to dflti.o(.text) for __aeabi_i2d
    ctrl.o(.text) refers to dmul.o(.text) for __aeabi_dmul
    ctrl.o(.text) refers to d2f.o(.text) for __aeabi_d2f
    ctrl.o(.text) refers to f2d.o(.text) for __aeabi_f2d
    ctrl.o(.text) refers to cdrcmple.o(.text) for __aeabi_cdrcmple
    ctrl.o(.text) refers to cdcmple.o(.text) for __aeabi_cdcmple
    ctrl.o(.text) refers to mymath.o(.text) for To_180_degrees
    ctrl.o(.text) refers to imu.o(.data) for Roll
    ctrl.o(.text) refers to pwm_out.o(.text) for SetPwm
    ctrl.o(.text) refers to height_ctrl.o(.text) for Height_Ctrl
    ctrl.o(.text) refers to rc.o(.bss) for CH_filter
    ctrl.o(.text) refers to mpu6050.o(.bss) for mpu6050
    ctrl.o(.text) refers to scheduler.o(.data) for start_mpu_flag
    imu.o(.text) refers to mymath.o(.text) for my_sqrt
    imu.o(.text) refers to filter.o(.text) for simple_3d_trans
    imu.o(.text) refers to ak8975.o(.data) for ak8975
    imu.o(.text) refers to imu.o(.data) for mag_norm_xyz
    imu.o(.text) refers to imu.o(.bss) for mag_tmp
    imu.o(.text) refers to f2d.o(.text) for __aeabi_f2d
[...]
    GPIO_WriteBit                            0x0800b623   Thumb Code   200  stm32f4xx_gpio.o(.text)
    GPIO_Write                               0x0800b6eb   Thumb Code    78  stm32f4xx_gpio.o(.text)
    GPIO_ToggleBits                          0x0800b739   Thumb Code    82  stm32f4xx_gpio.o(.text)
    GPIO_PinAFConfig                         0x0800b78b   Thumb Code   384  stm32f4xx_gpio.o(.text)
    RCC_DeInit                               0x0800b90d   Thumb Code    60  stm32f4xx_rcc.o(.text)
    RCC_HSEConfig                            0x0800b949   Thumb Code    38  stm32f4xx_rcc.o(.text)
    RCC_GetFlagStatus                        0x0800b96f   Thumb Code   130  stm32f4xx_rcc.o(.text)
    RCC_WaitForHSEStartUp                    0x0800b9f1   Thumb Code    56  stm32f4xx_rcc.o(.text)
    RCC_AdjustHSICalibrationValue            0x0800ba29   Thumb Code    38  stm32f4xx_rcc.o(.text)
    RCC_HSICmd                               0x0800ba4f   Thumb Code    28  stm32f4xx_rcc.o(.text)
    RCC_LSEConfig                            0x0800ba6b   Thumb Code    72  stm32f4xx_rcc.o(.text)
    RCC_LSICmd                               0x0800bab3   Thumb Code    28  stm32f4xx_rcc.o(.text)
    RCC_PLLConfig                            0x0800bacf   Thumb Code   156  stm32f4xx_rcc.o(.text)
    RCC_PLLCmd                               0x0800bb6b   Thumb Code    28  stm32f4xx_rcc.o(.text)
    RCC_PLLI2SConfig                         0x0800bb87   Thumb Code    62  stm32f4xx_rcc.o(.text)
    RCC_PLLI2SCmd                            0x0800bbc5   Thumb Code    28  stm32f4xx_rcc.o(.text)
    RCC_ClockSecuritySystemCmd               0x0800bbe1   Thumb Code    28  stm32f4xx_rcc.o(.text)
    RCC_MCO1Config                           0x0800bbfd   Thumb Code   102  stm32f4xx_rcc.o(.text)
    RCC_MCO2Config                           0x0800bc63   Thumb Code   102  stm32f4xx_rcc.o(.text)
    RCC_SYSCLKConfig                         0x0800bcc9   Thumb Code   124  stm32f4xx_rcc.o(.text)
    RCC_GetSYSCLKSource                      0x0800bd45   Thumb Code    10  stm32f4xx_rcc.o(.text)
    RCC_HCLKConfig                           0x0800bd4f   Thumb Code    68  stm32f4xx_rcc.o(.text)
    RCC_PCLK1Config                          0x0800bd93   Thumb Code    60  stm32f4xx_rcc.o(.text)
    RCC_PCLK2Config                          0x0800bdcf   Thumb Code    62  stm32f4xx_rcc.o(.text)
    RCC_GetClocksFreq                        0x0800be0d   Thumb Code   214  stm32f4xx_rcc.o(.text)
    RCC_RTCCLKConfig                         0x0800bee3   Thumb Code   262  stm32f4xx_rcc.o(.text)
    RCC_RTCCLKCmd                            0x0800bfe9   Thumb Code    30  stm32f4xx_rcc.o(.text)
    RCC_BackupResetCmd                       0x0800c007   Thumb Code    32  stm32f4xx_rcc.o(.text)
    RCC_I2SCLKConfig                         0x0800c027   Thumb Code    30  stm32f4xx_rcc.o(.text)
    RCC_AHB1PeriphClockCmd                   0x0800c045   Thumb Code    82  stm32f4xx_rcc.o(.text)
    RCC_AHB2PeriphClockCmd                   0x0800c097   Thumb Code    82  stm32f4xx_rcc.o(.text)
    RCC_AHB3PeriphClockCmd                   0x0800c0e9   Thumb Code   232  stm32f4xx_rcc.o(.text)
    RCC_APB1PeriphClockCmd                   0x0800c1d1   Thumb Code    82  stm32f4xx_rcc.o(.text)
    RCC_APB2PeriphClockCmd                   0x0800c223   Thumb Code    82  stm32f4xx_rcc.o(.text)
    RCC_AHB1PeriphResetCmd                   0x0800c275   Thumb Code    82  stm32f4xx_rcc.o(.text)
    RCC_AHB2PeriphResetCmd                   0x0800c2c7   Thumb Code    82  stm32f4xx_rcc.o(.text)
    RCC_AHB3PeriphResetCmd                   0x0800c319   Thumb Code    82  stm32f4xx_rcc.o(.text)
    RCC_APB1PeriphResetCmd                   0x0800c36b   Thumb Code    82  stm32f4xx_rcc.o(.text)
    RCC_APB2PeriphResetCmd                   0x0800c3bd   Thumb Code    82  stm32f4xx_rcc.o(.text)
    RCC_AHB1PeriphClockLPModeCmd             0x0800c40f   Thumb Code    82  stm32f4xx_rcc.o(.text)
    RCC_AHB2PeriphClockLPModeCmd             0x0800c461   Thumb Code    82  stm32f4xx_rcc.o(.text)
    RCC_AHB3PeriphClockLPModeCmd             0x0800c4b3   Thumb Code    82  stm32f4xx_rcc.o(.text)
    RCC_APB1PeriphClockLPModeCmd             0x0800c505   Thumb Code    82  stm32f4xx_rcc.o(.text)
    RCC_APB2PeriphClockLPModeCmd             0x0800c557   Thumb Code   106  stm32f4xx_rcc.o(.text)
    RCC_ITConfig                             0x0800c5c1   Thumb Code    74  stm32f4xx_rcc.o(.text)
    RCC_ClearFlag                            0x0800c60b   Thumb Code    18  stm32f4xx_rcc.o(.text)
    RCC_GetITStatus                          0x0800c61d   Thumb Code    68  stm32f4xx_rcc.o(.text)
    RCC_ClearITPendingBit                    0x0800c661   Thumb Code    34  stm32f4xx_rcc.o(.text)
    SPI_I2S_DeInit                           0x0800c689   Thumb Code   104  stm32f4xx_spi.o(.text)
    SPI_Init                                 0x0800c6f1   Thumb Code   348  stm32f4xx_spi.o(.text)
    I2S_Init                                 0x0800c84d   Thumb Code   508  stm32f4xx_spi.o(.text)
    SPI_StructInit                           0x0800ca49   Thumb Code    24  stm32f4xx_spi.o(.text)
    I2S_StructInit                           0x0800ca61   Thumb Code   104  stm32f4xx_spi.o(.text)
    SPI_Cmd                                  0x0800cac9   Thumb Code    82  stm32f4xx_spi.o(.text)
    I2S_Cmd                                  0x0800cb1b   Thumb Code    88  stm32f4xx_spi.o(.text)
    SPI_DataSizeConfig                       0x0800cb73   Thumb Code    78  stm32f4xx_spi.o(.text)
    SPI_BiDirectionalLineConfig              0x0800cbc1   Thumb Code    94  stm32f4xx_spi.o(.text)
    SPI_NSSInternalSoftwareConfig            0x0800cc1f   Thumb Code    96  stm32f4xx_spi.o(.text)
    SPI_SSOutputCmd                          0x0800cc7f   Thumb Code    82  stm32f4xx_spi.o(.text)
    SPI_TIModeCmd                            0x0800ccd1   Thumb Code    82  stm32f4xx_spi.o(.text)
    I2S_FullDuplexConfig                     0x0800cd23   Thumb Code   258  stm32f4xx_spi.o(.text)
    SPI_I2S_ReceiveData                      0x0800ce25   Thumb Code    52  stm32f4xx_spi.o(.text)
    SPI_I2S_SendData                         0x0800ce59   Thumb Code    54  stm32f4xx_spi.o(.text)
    SPI_CalculateCRC                         0x0800ce8f   Thumb Code    98  stm32f4xx_spi.o(.text)
    SPI_TransmitCRC                          0x0800cef1   Thumb Code    46  stm32f4xx_spi.o(.text)
    SPI_GetCRC                               0x0800cf1f   Thumb Code    74  stm32f4xx_spi.o(.text)
    SPI_GetCRCPolynomial                     0x0800cf69   Thumb Code    40  stm32f4xx_spi.o(.text)
    SPI_I2S_DMACmd                           0x0800cf91   Thumb Code   114  stm32f4xx_spi.o(.text)
    SPI_I2S_ITConfig                         0x0800d003   Thumb Code   138  stm32f4xx_spi.o(.text)
    SPI_I2S_GetFlagStatus                    0x0800d08d   Thumb Code   120  stm32f4xx_spi.o(.text)
    SPI_I2S_ClearFlag                        0x0800d105   Thumb Code    74  stm32f4xx_spi.o(.text)
    SPI_I2S_GetITStatus                      0x0800d14f   Thumb Code   154  stm32f4xx_spi.o(.text)
    SPI_I2S_ClearITPendingBit                0x0800d1e9   Thumb Code    86  stm32f4xx_spi.o(.text)
    TIM_DeInit                               0x0800d251   Thumb Code   440  stm32f4xx_tim.o(.text)
    TIM_TimeBaseInit                         0x0800d409   Thumb Code   278  stm32f4xx_tim.o(.text)
    TIM_TimeBaseStructInit                   0x0800d51f   Thumb Code    18  stm32f4xx_tim.o(.text)
    TIM_PrescalerConfig                      0x0800d531   Thumb Code   128  stm32f4xx_tim.o(.text)
    TIM_CounterModeConfig                    0x0800d5b1   Thumb Code   100  stm32f4xx_tim.o(.text)
    TIM_SetCounter                           0x0800d615   Thumb Code   222  stm32f4xx_tim.o(.text)
    TIM_SetAutoreload                        0x0800d6f3   Thumb Code   108  stm32f4xx_tim.o(.text)
    TIM_GetCounter                           0x0800d75f   Thumb Code   106  stm32f4xx_tim.o(.text)
    TIM_GetPrescaler                         0x0800d7c9   Thumb Code   106  stm32f4xx_tim.o(.text)
    TIM_UpdateDisableConfig                  0x0800d833   Thumb Code   148  stm32f4xx_tim.o(.text)
    TIM_UpdateRequestConfig                  0x0800d8c7   Thumb Code   148  stm32f4xx_tim.o(.text)
    TIM_ARRPreloadConfig                     0x0800d95b   Thumb Code   148  stm32f4xx_tim.o(.text)
    TIM_SelectOnePulseMode                   0x0800d9ef   Thumb Code   142  stm32f4xx_tim.o(.text)
    TIM_SetClockDivision                     0x0800da7d   Thumb Code   192  stm32f4xx_tim.o(.text)
    TIM_Cmd                                  0x0800db3d   Thumb Code   148  stm32f4xx_tim.o(.text)
    TIM_OC1Init                              0x0800dbd1   Thumb Code   416  stm32f4xx_tim.o(.text)
    TIM_OC2Init                              0x0800dd71   Thumb Code   486  stm32f4xx_tim.o(.text)
    TIM_OC3Init                              0x0800df57   Thumb Code   416  stm32f4xx_tim.o(.text)
    TIM_OC4Init                              0x0800e0f7   Thumb Code   300  stm32f4xx_tim.o(.text)
    TIM_OCStructInit                         0x0800e223   Thumb Code    20  stm32f4xx_tim.o(.text)
    TIM_SelectOCxM                           0x0800e237   Thumb Code   256  stm32f4xx_tim.o(.text)
    TIM_SetCompare1                          0x0800e337   Thumb Code   142  stm32f4xx_tim.o(.text)
    TIM_SetCompare2                          0x0800e3c5   Thumb Code    72  stm32f4xx_tim.o(.text)
    TIM_SetCompare3                          0x0800e40d   Thumb Code    60  stm32f4xx_tim.o(.text)
    TIM_SetCompare4                          0x0800e449   Thumb Code    60  stm32f4xx_tim.o(.text)
    TIM_ForcedOC1Config                      0x0800e485   Thumb Code   130  stm32f4xx_tim.o(.text)
    TIM_ForcedOC2Config                      0x0800e507   Thumb Code   114  stm32f4xx_tim.o(.text)
    TIM_ForcedOC3Config                      0x0800e579   Thumb Code    94  stm32f4xx_tim.o(.text)
    TIM_ForcedOC4Config                      0x0800e5d7   Thumb Code   102  stm32f4xx_tim.o(.text)
    TIM_OC1PreloadConfig                     0x0800e63d   Thumb Code   124  stm32f4xx_tim.o(.text)
    TIM_OC2PreloadConfig                     0x0800e6b9   Thumb Code   108  stm32f4xx_tim.o(.text)
    TIM_OC3PreloadConfig                     0x0800e725   Thumb Code   136  stm32f4xx_tim.o(.text)
    TIM_OC4PreloadConfig                     0x0800e7ad   Thumb Code    96  stm32f4xx_tim.o(.text)
    TIM_OC1FastConfig                        0x0800e80d   Thumb Code   124  stm32f4xx_tim.o(.text)
    TIM_OC2FastConfig                        0x0800e889   Thumb Code   108  stm32f4xx_tim.o(.text)
    TIM_OC3FastConfig                        0x0800e8f5   Thumb Code    88  stm32f4xx_tim.o(.text)
    TIM_OC4FastConfig                        0x0800e94d   Thumb Code    96  stm32f4xx_tim.o(.text)
    TIM_ClearOC1Ref                          0x0800e9ad   Thumb Code   124  stm32f4xx_tim.o(.text)
    TIM_ClearOC2Ref                          0x0800ea29   Thumb Code   106  stm32f4xx_tim.o(.text)
    TIM_ClearOC3Ref                          0x0800ea93   Thumb Code    88  stm32f4xx_tim.o(.text)
    TIM_ClearOC4Ref                          0x0800eaeb   Thumb Code    94  stm32f4xx_tim.o(.text)
    TIM_OC1PolarityConfig                    0x0800eb49   Thumb Code   174  stm32f4xx_tim.o(.text)
    TIM_OC1NPolarityConfig                   0x0800ebf7   Thumb Code    64  stm32f4xx_tim.o(.text)
    TIM_OC2PolarityConfig                    0x0800ec37   Thumb Code   108  stm32f4xx_tim.o(.text)
    TIM_OC2NPolarityConfig                   0x0800eca3   Thumb Code    72  stm32f4xx_tim.o(.text)
    TIM_OC3PolarityConfig                    0x0800eceb   Thumb Code    96  stm32f4xx_tim.o(.text)
    TIM_OC3NPolarityConfig                   0x0800ed4b   Thumb Code    72  stm32f4xx_tim.o(.text)
    TIM_OC4PolarityConfig                    0x0800ed93   Thumb Code    96  stm32f4xx_tim.o(.text)
    TIM_CCxCmd                               0x0800edf3   Thumb Code   168  stm32f4xx_tim.o(.text)
    TIM_CCxNCmd                              0x0800ee9b   Thumb Code   104  stm32f4xx_tim.o(.text)
    TIM_SetIC4Prescaler                      0x0800ef03   Thumb Code   106  stm32f4xx_tim.o(.text)
    TIM_SetIC3Prescaler                      0x0800efed   Thumb Code    98  stm32f4xx_tim.o(.text)
    TIM_SetIC2Prescaler                      0x0800f097   Thumb Code   118  stm32f4xx_tim.o(.text)
    TIM_SetIC1Prescaler                      0x0800f15d   Thumb Code   134  stm32f4xx_tim.o(.text)
    TIM_ICInit                               0x0800f21d   Thumb Code   508  stm32f4xx_tim.o(.text)
    TIM_ICStructInit                         0x0800f419   Thumb Code    18  stm32f4xx_tim.o(.text)
    TIM_PWMIConfig                           0x0800f42b   Thumb Code   184  stm32f4xx_tim.o(.text)
    TIM_GetCapture1                          0x0800f4e3   Thumb Code    92  stm32f4xx_tim.o(.text)
    TIM_GetCapture2                          0x0800f53f   Thumb Code    68  stm32f4xx_tim.o(.text)
    TIM_GetCapture3                          0x0800f583   Thumb Code    56  stm32f4xx_tim.o(.text)
    TIM_GetCapture4                          0x0800f5bb   Thumb Code    56  stm32f4xx_tim.o(.text)
    TIM_BDTRConfig                           0x0800f5f3   Thumb Code   222  stm32f4xx_tim.o(.text)
    TIM_BDTRStructInit                       0x0800f6d1   Thumb Code    18  stm32f4xx_tim.o(.text)
    TIM_CtrlPWMOutputs                       0x0800f6e3   Thumb Code    78  stm32f4xx_tim.o(.text)
    TIM_SelectCOM                            0x0800f731   Thumb Code    72  stm32f4xx_tim.o(.text)
    TIM_CCPreloadControl                     0x0800f779   Thumb Code    72  stm32f4xx_tim.o(.text)
    TIM_ITConfig                             0x0800f7c1   Thumb Code   218  stm32f4xx_tim.o(.text)
    TIM_GenerateEvent                        0x0800f89b   Thumb Code   126  stm32f4xx_tim.o(.text)
    TIM_GetFlagStatus                        0x0800f919   Thumb Code   188  stm32f4xx_tim.o(.text)
    TIM_ClearFlag                            0x0800f9d5   Thumb Code   108  stm32f4xx_tim.o(.text)
    TIM_GetITStatus                          0x0800fa41   Thumb Code   186  stm32f4xx_tim.o(.text)
    TIM_ClearITPendingBit                    0x0800fafb   Thumb Code   108  stm32f4xx_tim.o(.text)
    TIM_DMAConfig                            0x0800fb67   Thumb Code   334  stm32f4xx_tim.o(.text)
    TIM_DMACmd                               0x0800fcb5   Thumb Code   126  stm32f4xx_tim.o(.text)
    TIM_SelectCCDMA                          0x0800fd33   Thumb Code    96  stm32f4xx_tim.o(.text)
    TIM_InternalClockConfig                  0x0800fd93   Thumb Code    76  stm32f4xx_tim.o(.text)
    TIM_SelectInputTrigger                   0x0800fddf   Thumb Code   148  stm32f4xx_tim.o(.text)
    TIM_ITRxExternalClockConfig              0x0800fe73   Thumb Code   110  stm32f4xx_tim.o(.text)
    TIM_TIxExternalClockConfig               0x0800fee1   Thumb Code   184  stm32f4xx_tim.o(.text)
    TIM_ETRConfig                            0x0800ff99   Thumb Code   164  stm32f4xx_tim.o(.text)
    TIM_ETRClockMode1Config                  0x0801003d   Thumb Code   228  stm32f4xx_tim.o(.text)
    TIM_ETRClockMode2Config                  0x08010121   Thumb Code   152  stm32f4xx_tim.o(.text)
    TIM_SelectOutputTrigger                  0x080101b9   Thumb Code   126  stm32f4xx_tim.o(.text)
    TIM_SelectSlaveMode                      0x08010237   Thumb Code   112  stm32f4xx_tim.o(.text)
    TIM_SelectMasterSlaveMode                0x080102a7   Thumb Code   102  stm32f4xx_tim.o(.text)
    TIM_EncoderInterfaceConfig               0x0801030d   Thumb Code   226  stm32f4xx_tim.o(.text)
    TIM_SelectHallSensor                     0x080103ef   Thumb Code   108  stm32f4xx_tim.o(.text)
    TIM_RemapConfig                          0x0801045b   Thumb Code   138  stm32f4xx_tim.o(.text)
    USART_DeInit                             0x080104e5   Thumb Code   202  stm32f4xx_usart.o(.text)
    USART_Init                               0x080105af   Thumb Code   456  stm32f4xx_usart.o(.text)
    USART_StructInit                         0x08010777   Thumb Code    24  stm32f4xx_usart.o(.text)
    USART_ClockInit                          0x0801078f   Thumb Code   166  stm32f4xx_usart.o(.text)
    USART_ClockStructInit                    0x08010835   Thumb Code    12  stm32f4xx_usart.o(.text)
    USART_Cmd                                0x08010841   Thumb Code    96  stm32f4xx_usart.o(.text)
    USART_SetPrescaler                       0x080108a1   Thumb Code   160  stm32f4xx_usart.o(.text)
    USART_OverSampling8Cmd                   0x08010941   Thumb Code    98  stm32f4xx_usart.o(.text)
    USART_OneBitMethodCmd                    0x080109a3   Thumb Code   100  stm32f4xx_usart.o(.text)
    USART_SendData                           0x08010a07   Thumb Code    84  stm32f4xx_usart.o(.text)
    USART_ReceiveData                        0x08010a5b   Thumb Code    62  stm32f4xx_usart.o(.text)
    USART_SetAddress                         0x08010a99   Thumb Code    92  stm32f4xx_usart.o(.text)
    USART_ReceiverWakeUpCmd                  0x08010af5   Thumb Code   100  stm32f4xx_usart.o(.text)
    USART_WakeUpConfig                       0x08010b59   Thumb Code    96  stm32f4xx_usart.o(.text)
    USART_LINBreakDetectLengthConfig         0x08010bb9   Thumb Code    94  stm32f4xx_usart.o(.text)
    USART_LINCmd                             0x08010c17   Thumb Code   100  stm32f4xx_usart.o(.text)
    USART_SendBreak                          0x08010c7b   Thumb Code    64  stm32f4xx_usart.o(.text)
    USART_HalfDuplexCmd                      0x08010cbb   Thumb Code   100  stm32f4xx_usart.o(.text)
    USART_SetGuardTime                       0x08010d1f   Thumb Code    86  stm32f4xx_usart.o(.text)
    USART_SmartCardCmd                       0x08010d75   Thumb Code    88  stm32f4xx_usart.o(.text)
    USART_SmartCardNACKCmd                   0x08010dcd   Thumb Code    88  stm32f4xx_usart.o(.text)
    USART_IrDAConfig                         0x08010e25   Thumb Code    94  stm32f4xx_usart.o(.text)
    USART_IrDACmd                            0x08010e83   Thumb Code   100  stm32f4xx_usart.o(.text)
    USART_DMACmd                             0x08010ee7   Thumb Code   120  stm32f4xx_usart.o(.text)
    USART_ITConfig                           0x08010f5f   Thumb Code   268  stm32f4xx_usart.o(.text)
    USART_GetFlagStatus                      0x0801106b   Thumb Code   176  stm32f4xx_usart.o(.text)
    USART_ClearFlag                          0x0801111b   Thumb Code   160  stm32f4xx_usart.o(.text)
    USART_GetITStatus                        0x080111bb   Thumb Code   284  stm32f4xx_usart.o(.text)
    USART_ClearITPendingBit                  0x080112d7   Thumb Code   170  stm32f4xx_usart.o(.text)
    SystemInit                               0x08011475   Thumb Code    88  system_stm32f4xx.o(.text)
    SystemCoreClockUpdate                    0x080114cd   Thumb Code   174  system_stm32f4xx.o(.text)
    Reset_Handler                            0x080115a9   Thumb Code     8  startup_stm32f4xx.o(.text)
    HardFault_Handler                        0x080115b3   Thumb Code     2  startup_stm32f4xx.o(.text)
    PendSV_Handler                           0x080115bf   Thumb Code     2  startup_stm32f4xx.o(.text)
    ADC_IRQHandler                           0x080115c3   Thumb Code     0  startup_stm32f4xx.o(.text)
    CAN1_RX0_IRQHandler                      0x080115c3   Thumb Code     0  startup_stm32f4xx.o(.text)
    CAN1_RX1_IRQHandler                      0x080115c3   Thumb Code     0  startup_stm32f4xx.o(.text)
    CAN1_SCE_IRQHandler                      0x080115c3   Thumb Code     0  startup_stm32f4xx.o(.text)
    CAN1_TX_IRQHandler                       0x080115c3   Thumb Code     0  startup_stm32f4xx.o(.text)
    CAN2_RX0_IRQHandler                      0x080115c3   Thumb Code     0  startup_stm32f4xx.o(.text)
    CAN2_RX1_IRQHandler                      0x080115c3   Thumb Code     0  startup_stm32f4xx.o(.text)
    CAN2_SCE_IRQHandler                      0x080115c3   Thumb Code     0  startup_stm32f4xx.o(.text)
    CAN2_TX_IRQHandler                       0x080115c3   Thumb Code     0  startup_stm32f4xx.o(.text)
    CRYP_IRQHandler                          0x080115c3   Thumb Code     0  startup_stm32f4xx.o(.text)
    DCMI_IRQHandler                          0x080115c3   Thumb Code     0  startup_stm32f4xx.o(.text)
    DMA1_Stream0_IRQHandler                  0x080115c3   Thumb Code     0  startup_stm32f4xx.o(.text)
    DMA1_Stream1_IRQHandler                  0x080115c3   Thumb Code     0  startup_stm32f4xx.o(.text)
    DMA1_Stream2_IRQHandler                  0x080115c3   Thumb Code     0  startup_stm32f4xx.o(.text)
    DMA1_Stream3_IRQHandler                  0x080115c3   Thumb Code     0  startup_stm32f4xx.o(.text)
    DMA1_Stream4_IRQHandler                  0x080115c3   Thumb Code     0  startup_stm32f4xx.o(.text)
    DMA1_Stream5_IRQHandler                  0x080115c3   Thumb Code     0  startup_stm32f4xx.o(.text)
    DMA1_Stream6_IRQHandler                  0x080115c3   Thumb Code     0  startup_stm32f4xx.o(.text)
    DMA1_Stream7_IRQHandler                  0x080115c3   Thumb Code     0  startup_stm32f4xx.o(.text)
    DMA2_Stream0_IRQHandler                  0x080115c3   Thumb Code     0  startup_stm32f4xx.o(.text)
    DMA2_Stream1_IRQHandler                  0x080115c3   Thumb Code     0  startup_stm32f4xx.o(.text)
    DMA2_Stream2_IRQHandler                  0x080115c3   Thumb Code     0  startup_stm32f4xx.o(.text)
    DMA2_Stream3_IRQHandler                  0x080115c3   Thumb Code     0  startup_stm32f4xx.o(.text)
    DMA2_Stream4_IRQHandler                  0x080115c3   Thumb Code     0  startup_stm32f4xx.o(.text)
    DMA2_Stream5_IRQHandler                  0x080115c3   Thumb Code     0  startup_stm32f4xx.o(.text)
    DMA2_Stream6_IRQHandler                  0x080115c3   Thumb Code     0  startup_stm32f4xx.o(.text)
    DMA2_Stream7_IRQHandler                  0x080115c3   Thumb Code     0  startup_stm32f4xx.o(.text)
    ETH_IRQHandler                           0x080115c3   Thumb Code     0  startup_stm32f4xx.o(.text)
    ETH_WKUP_IRQHandler                      0x080115c3   Thumb Code     0  startup_stm32f4xx.o(.text)
    EXTI0_IRQHandler                         0x080115c3   Thumb Code     0  startup_stm32f4xx.o(.text)
    EXTI15_10_IRQHandler                     0x080115c3   Thumb Code     0  startup_stm32f4xx.o(.text)
    EXTI1_IRQHandler                         0x080115c3   Thumb Code     0  startup_stm32f4xx.o(.text)
    EXTI2_IRQHandler                         0x080115c3   Thumb Code     0  startup_stm32f4xx.o(.text)
    EXTI3_IRQHandler                         0x080115c3   Thumb Code     0  startup_stm32f4xx.o(.text)
    EXTI4_IRQHandler                         0x080115c3   Thumb Code     0  startup_stm32f4xx.o(.text)
    EXTI9_5_IRQHandler                       0x080115c3   Thumb Code     0  startup_stm32f4xx.o(.text)
    FLASH_IRQHandler                         0x080115c3   Thumb Code     0  startup_stm32f4xx.o(.text)
    FPU_IRQHandler                           0x080115c3   Thumb Code     0  startup_stm32f4xx.o(.text)
    FSMC_IRQHandler                          0x080115c3   Thumb Code     0  startup_stm32f4xx.o(.text)
    HASH_RNG_IRQHandler                      0x080115c3   Thumb Code     0  startup_stm32f4xx.o(.text)
    I2C1_ER_IRQHandler                       0x080115c3   Thumb Code     0  startup_stm32f4xx.o(.text)
    I2C1_EV_IRQHandler                       0x080115c3   Thumb Code     0  startup_stm32f4xx.o(.text)
    I2C2_ER_IRQHandler                       0x080115c3   Thumb Code     0  startup_stm32f4xx.o(.text)
    I2C2_EV_IRQHandler                       0x080115c3   Thumb Code     0  startup_stm32f4xx.o(.text)
    I2C3_ER_IRQHandler                       0x080115c3   Thumb Code     0  startup_stm32f4xx.o(.text)
    I2C3_EV_IRQHandler                       0x080115c3   Thumb Code     0  startup_stm32f4xx.o(.text)
    OTG_FS_WKUP_IRQHandler                   0x080115c3   Thumb Code     0  startup_stm32f4xx.o(.text)
    OTG_HS_EP1_IN_IRQHandler                 0x080115c3   Thumb Code     0  startup_stm32f4xx.o(.text)
    OTG_HS_EP1_OUT_IRQHandler                0x080115c3   Thumb Code     0  startup_stm32f4xx.o(.text)
    OTG_HS_IRQHandler                        0x080115c3   Thumb Code     0  startup_stm32f4xx.o(.text)
    OTG_HS_WKUP_IRQHandler                   0x080115c3   Thumb Code     0  startup_stm32f4xx.o(.text)
    PVD_IRQHandler                           0x080115c3   Thumb Code     0  startup_stm32f4xx.o(.text)
    RCC_IRQHandler                           0x080115c3   Thumb Code     0  startup_stm32f4xx.o(.text)
    RTC_Alarm_IRQHandler                     0x080115c3   Thumb Code     0  startup_stm32f4xx.o(.text)
    RTC_WKUP_IRQHandler                      0x080115c3   Thumb Code     0  startup_stm32f4xx.o(.text)
    SDIO_IRQHandler                          0x080115c3   Thumb Code     0  startup_stm32f4xx.o(.text)
    SPI1_IRQHandler                          0x080115c3   Thumb Code     0  startup_stm32f4xx.o(.text)
    SPI2_IRQHandler                          0x080115c3   Thumb Code     0  startup_stm32f4xx.o(.text)
    SPI3_IRQHandler                          0x080115c3   Thumb Code     0  startup_stm32f4xx.o(.text)
    TAMP_STAMP_IRQHandler                    0x080115c3   Thumb Code     0  startup_stm32f4xx.o(.text)
    TIM1_BRK_TIM9_IRQHandler                 0x080115c3   Thumb Code     0  startup_stm32f4xx.o(.text)
    TIM1_CC_IRQHandler                       0x080115c3   Thumb Code     0  startup_stm32f4xx.o(.text)
    TIM1_TRG_COM_TIM11_IRQHandler            0x080115c3   Thumb Code     0  startup_stm32f4xx.o(.text)
    TIM1_UP_TIM10_IRQHandler                 0x080115c3   Thumb Code     0  startup_stm32f4xx.o(.text)
    TIM2_IRQHandler                          0x080115c3   Thumb Code     0  startup_stm32f4xx.o(.text)
    TIM3_IRQHandler                          0x080115c3   Thumb Code     0  startup_stm32f4xx.o(.text)
    TIM4_IRQHandler                          0x080115c3   Thumb Code     0  startup_stm32f4xx.o(.text)
    TIM5_IRQHandler                          0x080115c3   Thumb Code     0  startup_stm32f4xx.o(.text)
    TIM6_DAC_IRQHandler                      0x080115c3   Thumb Code     0  startup_stm32f4xx.o(.text)
    TIM7_IRQHandler                          0x080115c3   Thumb Code     0  startup_stm32f4xx.o(.text)
    TIM8_BRK_TIM12_IRQHandler                0x080115c3   Thumb Code     0  startup_stm32f4xx.o(.text)
    TIM8_CC_IRQHandler                       0x080115c3   Thumb Code     0  startup_stm32f4xx.o(.text)
    TIM8_TRG_COM_TIM14_IRQHandler            0x080115c3   Thumb Code     0  startup_stm32f4xx.o(.text)
    TIM8_UP_TIM13_IRQHandler                 0x080115c3   Thumb Code     0  startup_stm32f4xx.o(.text)
    UART4_IRQHandler                         0x080115c3   Thumb Code     0  startup_stm32f4xx.o(.text)
    USART3_IRQHandler                        0x080115c3   Thumb Code     0  startup_stm32f4xx.o(.text)
    USART6_IRQHandler                        0x080115c3   Thumb Code     0  startup_stm32f4xx.o(.text)
    WWDG_IRQHandler                          0x080115c3   Thumb Code     0  startup_stm32f4xx.o(.text)
    usbd_init                                0x080115cd   Thumb Code    22  usbd_core.o(.text)
    usbd_connect                             0x080115e3   Thumb Code    12  usbd_core.o(.text)
    usbd_reset_core                          0x080115ef   Thumb Code    38  usbd_core.o(.text)
    usbd_configured                          0x08011615   Thumb Code    14  usbd_core.o(.text)
    USBD_SetupStage                          0x08011623   Thumb Code    12  usbd_core.o(.text)
    USBD_DataInStage                         0x0801162f   Thumb Code    66  usbd_core.o(.text)
    USBD_DataOutStage                        0x08011671   Thumb Code    34  usbd_core.o(.text)
    USBD_StatusInStage                       0x08011693   Thumb Code    14  usbd_core.o(.text)
    USBD_StatusOutStage                      0x080116a1   Thumb Code    12  usbd_core.o(.text)
    USBD_ReqGetStatus                        0x080116ad   Thumb Code   160  usbd_core.o(.text)
    USBD_ReqSetClrFeature                    0x0801174d   Thumb Code   216  usbd_core.o(.text)
    USBD_ReqGetDescriptor                    0x08011825   Thumb Code   496  usbd_core.o(.text)
    USBD_ReqGetConfiguration                 0x08011a15   Thumb Code    28  usbd_core.o(.text)
    USBD_ReqSetConfiguration                 0x08011a31   Thumb Code   432  usbd_core.o(.text)
    USBD_ReqGetInterface                     0x08011be1   Thumb Code    60  usbd_core.o(.text)
    USBD_ReqSetInterface                     0x08011c1d   Thumb Code   308  usbd_core.o(.text)
    USBD_EndPoint0                           0x08011d51   Thumb Code   682  usbd_core.o(.text)
    USBD_ReqGetDescriptor_HID                0x08012015   Thumb Code   132  usbd_core_hid.o(.text)
    USBD_EndPoint0_Setup_HID_ReqToIF         0x08012099   Thumb Code   200  usbd_core_hid.o(.text)
    USBD_EndPoint0_Out_HID_ReqToIF           0x08012161   Thumb Code    44  usbd_core_hid.o(.text)
    usbd_hid_init                            0x080121c5   Thumb Code     2  usbd_hid.o(.text)
    usbd_hid_get_protocol                    0x080121d5   Thumb Code     4  usbd_hid.o(.text)
    usbd_hid_set_protocol                    0x080121d9   Thumb Code     2  usbd_hid.o(.text)
    USBD_HID_GetReport                       0x080121db   Thumb Code    54  usbd_hid.o(.text)
    USBD_HID_SetReport                       0x08012211   Thumb Code    58  usbd_hid.o(.text)
    USBD_HID_GetIdle                         0x0801224b   Thumb Code    16  usbd_hid.o(.text)
    USBD_HID_SetIdle                         0x0801225b   Thumb Code    48  usbd_hid.o(.text)
    USBD_HID_GetProtocol                     0x0801228b   Thumb Code    14  usbd_hid.o(.text)
    USBD_HID_SetProtocol                     0x08012299   Thumb Code    14  usbd_hid.o(.text)
    USBD_HID_EP_INTIN_Event                  0x080122a7   Thumb Code   422  usbd_hid.o(.text)
    USBD_HID_EP_INTOUT_Event                 0x0801244d   Thumb Code   148  usbd_hid.o(.text)
    USBD_HID_Configure_Event                 0x080124e1   Thumb Code    48  usbd_hid.o(.text)
    USBD_HID_EP_INT_Event                    0x08012511   Thumb Code    30  usbd_hid.o(.text)
    USBD_HID_SOF_Event                       0x0801252f   Thumb Code   460  usbd_hid.o(.text)
    usbd_hid_get_report_trigger              0x080126fb   Thumb Code   148  usbd_hid.o(.text)
    disk_status                              0x080127c9   Thumb Code    24  diskio.o(.text)
    disk_initialize                          0x080127e1   Thumb Code    34  diskio.o(.text)
    disk_read                                0x08012803   Thumb Code    56  diskio.o(.text)
    disk_write                               0x0801283b   Thumb Code    56  diskio.o(.text)
    disk_ioctl                               0x08012873   Thumb Code    60  diskio.o(.text)
    get_fattime                              0x080128af   Thumb Code     4  diskio.o(.text)
    clust2sect                               0x08012a6f   Thumb Code    26  ff.o(.text)
    get_fat                                  0x08012a89   Thumb Code   318  ff.o(.text)
    put_fat                                  0x08012bc7   Thumb Code   392  ff.o(.text)
    f_mount                                  0x080139cd   Thumb Code    86  ff.o(.text)
    f_open                                   0x08013a23   Thumb Code   356  ff.o(.text)
    f_read                                   0x08013b87   Thumb Code   498  ff.o(.text)
    f_write                                  0x08013d79   Thumb Code   540  ff.o(.text)
    f_sync                                   0x08013f95   Thumb Code   176  ff.o(.text)
    f_close                                  0x08014045   Thumb Code    32  ff.o(.text)
    f_lseek                                  0x08014065   Thumb Code   726  ff.o(.text)
    f_opendir                                0x0801433b   Thumb Code   110  ff.o(.text)
    f_closedir                               0x080143a9   Thumb Code    22  ff.o(.text)
    f_readdir                                0x080143bf   Thumb Code    88  ff.o(.text)
    f_stat                                   0x08014417   Thumb Code    60  ff.o(.text)
    f_getfree                                0x08014453   Thumb Code   258  ff.o(.text)
    f_truncate                               0x08014555   Thumb Code   184  ff.o(.text)
    f_unlink                                 0x0801460d   Thumb Code   166  ff.o(.text)
    f_mkdir                                  0x080146b3   Thumb Code   352  ff.o(.text)
    f_chmod                                  0x08014813   Thumb Code    84  ff.o(.text)
    f_rename                                 0x08014867   Thumb Code   258  ff.o(.text)
    f_utime                                  0x08014969   Thumb Code    86  ff.o(.text)
    f_mkfs                                   0x080149bf   Thumb Code  1624  ff.o(.text)
    __aeabi_memcpy                           0x08015045   Thumb Code    36  memcpya.o(.text)
    __aeabi_memcpy4                          0x08015045   Thumb Code     0  memcpya.o(.text)
    __aeabi_memcpy8                          0x08015045   Thumb Code     0  memcpya.o(.text)
    __aeabi_memset                           0x08015069   Thumb Code    14  memseta.o(.text)
    __aeabi_memset4                          0x08015069   Thumb Code     0  memseta.o(.text)
    __aeabi_memset8                          0x08015069   Thumb Code     0  memseta.o(.text)
    __aeabi_memclr                           0x08015077   Thumb Code     4  memseta.o(.text)
    __aeabi_memclr4                          0x08015077   Thumb Code     0  memseta.o(.text)
    __aeabi_memclr8                          0x08015077   Thumb Code     0  memseta.o(.text)
    _memset$wrapper                          0x0801507b   Thumb Code    18  memseta.o(.text)
    strlen                                   0x0801508d   Thumb Code    14  strlen.o(.text)
    __aeabi_dadd                             0x0801509b   Thumb Code   322  dadd.o(.text)
    __aeabi_dsub                             0x080151dd   Thumb Code     6  dadd.o(.text)
    __aeabi_drsub                            0x080151e3   Thumb Code     6  dadd.o(.text)
    __aeabi_dmul                             0x080151e9   Thumb Code   228  dmul.o(.text)
    __aeabi_i2d                              0x080152cd   Thumb Code    34  dflti.o(.text)
    __aeabi_f2d                              0x080152ef   Thumb Code    38  f2d.o(.text)
    __aeabi_cdcmpeq                          0x08015315   Thumb Code     0  cdcmple.o(.text)
    __aeabi_cdcmple                          0x08015315   Thumb Code    48  cdcmple.o(.text)
    __aeabi_cdrcmple                         0x08015345   Thumb Code    48  cdrcmple.o(.text)
    __aeabi_d2f                              0x08015375   Thumb Code    56  d2f.o(.text)
    __aeabi_uidiv                            0x080153ad   Thumb Code     0  uidiv.o(.text)
    __aeabi_uidivmod                         0x080153ad   Thumb Code    44  uidiv.o(.text)
    __aeabi_uldivmod                         0x080153d9   Thumb Code    98  uldiv.o(.text)
    __aeabi_llsl                             0x0801543b   Thumb Code    30  llshl.o(.text)
    _ll_shift_l                              0x0801543b   Thumb Code     0  llshl.o(.text)
    __aeabi_lasr                             0x08015459   Thumb Code    36  llsshr.o(.text)
    _ll_sshift_r                             0x08015459   Thumb Code     0  llsshr.o(.text)
    __I$use$fp                               0x0801547d   Thumb Code     0  iusefp.o(.text)
    _float_round                             0x0801547d   Thumb Code    18  fepilogue.o(.text)
    _float_epilogue                          0x0801548f   Thumb Code    92  fepilogue.o(.text)
    _double_round                            0x080154eb   Thumb Code    30  depilogue.o(.text)
    _double_epilogue                         0x08015509   Thumb Code   156  depilogue.o(.text)
    __aeabi_ddiv                             0x080155a5   Thumb Code   222  ddiv.o(.text)
    __aeabi_d2ulz                            0x08015683   Thumb Code    48  dfixul.o(.text)
    __scatterload                            0x080156b5   Thumb Code    28  init.o(.text)
    __scatterload_rt2                        0x080156b5   Thumb Code     0  init.o(.text)
    __aeabi_llsr                             0x080156d9   Thumb Code    32  llushr.o(.text)
    _ll_ushift_r                             0x080156d9   Thumb Code     0  llushr.o(.text)
    _dsqrt                                   0x080156f9   Thumb Code   162  dsqrt.o(.text)
    __decompress                             0x0801579b   Thumb Code     0  __dczerorl2.o(.text)
    __decompress1                            0x0801579b   Thumb Code    86  __dczerorl2.o(.text)
    __0printf                                0x080157f1   Thumb Code    22  printfa.o(i.__0printf)
    __1printf                                0x080157f1   Thumb Code     0  printfa.o(i.__0printf)
    __2printf                                0x080157f1   Thumb Code     0  printfa.o(i.__0printf)
    __c89printf                              0x080157f1   Thumb Code     0  printfa.o(i.__0printf)
    printf                                   0x080157f1   Thumb Code     0  printfa.o(i.__0printf)
    __ARM_fpclassify                         0x08015811   Thumb Code    48  fpclassify.o(i.__ARM_fpclassify)
    __hardfp_asin                            0x08015841   Thumb Code   770  asin.o(i.__hardfp_asin)
    __kernel_poly                            0x08015ba1   Thumb Code   248  poly.o(i.__kernel_poly)
    __mathlib_dbl_infnan                     0x08015c99   Thumb Code    20  dunder.o(i.__mathlib_dbl_infnan)
    __mathlib_dbl_invalid                    0x08015cb1   Thumb Code    24  dunder.o(i.__mathlib_dbl_invalid)
    __mathlib_dbl_underflow                  0x08015cd1   Thumb Code    24  dunder.o(i.__mathlib_dbl_underflow)
    __scatterload_copy                       0x08015cf1   Thumb Code    14  handlers.o(i.__scatterload_copy)
    __scatterload_null                       0x08015cff   Thumb Code     2  handlers.o(i.__scatterload_null)
    __scatterload_zeroinit                   0x08015d01   Thumb Code    14  handlers.o(i.__scatterload_zeroinit)
    __set_errno                              0x08015d11   Thumb Code     6  errno.o(i.__set_errno)
    fabs                                     0x080165cf   Thumb Code    24  fabs.o(i.fabs)
    sqrt                                     0x080165e7   Thumb Code   110  sqrt.o(i.sqrt)
    usbd_power                               0x08016654   Data           1  usb_config.o(.constdata)
    usbd_hs_enable                           0x08016655   Data           1  usb_config.o(.constdata)
    usbd_if_num                              0x08016656   Data           2  usb_config.o(.constdata)
    usbd_ep_num                              0x08016658   Data           1  usb_config.o(.constdata)
    usbd_max_packet0                         0x08016659   Data           1  usb_config.o(.constdata)
    usbd_hid_if_num                          0x0801665a   Data           1  usb_config.o(.constdata)
    usbd_hid_ep_intin                        0x0801665b   Data           1  usb_config.o(.constdata)
    usbd_hid_ep_intout                       0x0801665c   Data           1  usb_config.o(.constdata)
    usbd_hid_interval                        0x0801665e   Data           4  usb_config.o(.constdata)
    usbd_hid_maxpacketsize                   0x08016662   Data           4  usb_config.o(.constdata)
    usbd_hid_inreport_num                    0x08016666   Data           1  usb_config.o(.constdata)
    usbd_hid_outreport_num                   0x08016667   Data           1  usb_config.o(.constdata)
    usbd_hid_inreport_max_sz                 0x08016668   Data           2  usb_config.o(.constdata)
    usbd_hid_outreport_max_sz                0x0801666a   Data           2  usb_config.o(.constdata)
    usbd_hid_featreport_max_sz               0x0801666c   Data           2  usb_config.o(.constdata)
    USBD_P_Power_Event                       0x08016670   Data           4  usb_config.o(.constdata)
    USBD_P_Reset_Event                       0x08016674   Data           4  usb_config.o(.constdata)
    USBD_P_Suspend_Event                     0x08016678   Data           4  usb_config.o(.constdata)
    USBD_P_Resume_Event                      0x0801667c   Data           4  usb_config.o(.constdata)
    USBD_P_WakeUp_Event                      0x08016680   Data           4  usb_config.o(.constdata)
    USBD_P_SOF_Event                         0x08016684   Data           4  usb_config.o(.constdata)
    USBD_P_Error_Event                       0x08016688   Data           4  usb_config.o(.constdata)
    USBD_P_EP                                0x0801668c   Data          64  usb_config.o(.constdata)
    USBD_P_Configure_Event                   0x080166cc   Data           4  usb_config.o(.constdata)
    USBD_P_Interface_Event                   0x080166d0   Data           4  usb_config.o(.constdata)
    USBD_P_Feature_Event                     0x080166d4   Data           4  usb_config.o(.constdata)
    __rtx                                    0x080166d8   Data           4  usb_config.o(.constdata)
    USBD_HID_ReportDescriptor                0x080166dc   Data          33  usb_config.o(.constdata)
    USBD_HID_ReportDescriptorSize            0x080166fe   Data           2  usb_config.o(.constdata)
    USBD_HID_DescriptorOffset                0x08016700   Data           2  usb_config.o(.constdata)
    USBD_DeviceDescriptor                    0x08016702   Data          18  usb_config.o(.constdata)
    USBD_DeviceQualifier                     0x08016714   Data           1  usb_config.o(.constdata)
    USBD_DeviceQualifier_HS                  0x08016715   Data           1  usb_config.o(.constdata)
    USBD_ConfigDescriptor                    0x08016716   Data          42  usb_config.o(.constdata)
    USBD_ConfigDescriptor_HS                 0x08016740   Data           1  usb_config.o(.constdata)
    USBD_OtherSpeedConfigDescriptor          0x08016741   Data           1  usb_config.o(.constdata)
    USBD_OtherSpeedConfigDescriptor_HS       0x08016742   Data           1  usb_config.o(.constdata)
    USBD_StringDescriptor                    0x08016744   Data         128  usb_config.o(.constdata)
    Region$$Table$$Base                      0x08016840   Number         0  anon$$obj.o(Region$$Table)
    Region$$Table$$Limit                     0x08016860   Number         0  anon$$obj.o(Region$$Table)
    Init_Finish                              0x20000000   Data           1  main.o(.data)
    loop_cnt                                 0x20000004   Data           2  scheduler.o(.data)
    start_mpu_flag                           0x20000008   Data           4  scheduler.o(.data)
    Stay_altitude_flag                       0x2000000c   Data           4  scheduler.o(.data)
    change_flag_1                            0x20000010   Data           4  scheduler.o(.data)
    flash_init_error                         0x20000014   Data           1  parameter.o(.data)
    over_flag                                0x20000018   Data           4  ctrl.o(.data)
    Task_flag                                0x2000001c   Data           4  ctrl.o(.data)
    start_setmode_flag                       0x20000020   Data           4  ctrl.o(.data)
    send_time                                0x20000024   Data           4  ctrl.o(.data)
    task_send_flag                           0x20000028   Data           4  ctrl.o(.data)
    Move_y_angle                             0x2000002c   Data           4  ctrl.o(.data)
    SendData_count                           0x20000030   Data           4  ctrl.o(.data)
    Stop_rotor_count                         0x20000034   Data           4  ctrl.o(.data)
    close_acc                                0x20000038   Data           4  ctrl.o(.data)
    A_area_stable_count                      0x2000003c   Data           4  ctrl.o(.data)
    move_forward_flag                        0x20000040   Data           4  ctrl.o(.data)
    move_stable_count                        0x20000044   Data           4  ctrl.o(.data)
    Task_3_downcount                         0x20000048   Data           4  ctrl.o(.data)
    Choice_down_flag                         0x2000004c   Data           1  ctrl.o(.data)
    send_one_time_flag                       0x20000050   Data           4  ctrl.o(.data)
    open_sound_flag                          0x20000054   Data           4  ctrl.o(.data)
    close_sound_flag                         0x20000058   Data           4  ctrl.o(.data)
    fly_motorvalue_setting                   0x2000005c   Data           4  ctrl.o(.data)
    immedia_flag                             0x20000060   Data           4  ctrl.o(.data)
    thr_value                                0x20000064   Data           4  ctrl.o(.data)
    last_thr_value                           0x20000068   Data           4  ctrl.o(.data)
    Turn_count_flag                          0x2000006c   Data           4  ctrl.o(.data)
    Turn_x_angle                             0x20000070   Data           4  ctrl.o(.data)
    Move_change_flag                         0x20000074   Data           4  ctrl.o(.data)
    rotation_angle                           0x20000078   Data           4  ctrl.o(.data)
    Turn_Buffer_flag                         0x2000007c   Data           4  ctrl.o(.data)
    Turn_Buffer_Count                        0x20000080   Data           4  ctrl.o(.data)
    move_right_flag                          0x20000084   Data           4  ctrl.o(.data)
    move_left_flag                           0x20000088   Data           4  ctrl.o(.data)
    move_flag_count                          0x2000008c   Data           4  ctrl.o(.data)
    last_point_com                           0x20000090   Data           4  ctrl.o(.data)
    last_point                               0x20000094   Data           4  ctrl.o(.data)
    move_speed                               0x20000098   Data           4  ctrl.o(.data)
    qh_move_speed                            0x2000009c   Data           4  ctrl.o(.data)
    speed_calc_count                         0x200000a0   Data           4  ctrl.o(.data)
    speed_calc_flag_1                        0x200000a4   Data           4  ctrl.o(.data)
    speed_calc_flag_2                        0x200000a8   Data           4  ctrl.o(.data)
    area_1_flag                              0x200000ac   Data           4  ctrl.o(.data)
    area_2_flag                              0x200000b0   Data           4  ctrl.o(.data)
    Turn_Zgyro                               0x200000b4   Data           4  ctrl.o(.data)
    position_com                             0x200000b8   Data           4  ctrl.o(.data)
    Task_1_kp                                0x200000bc   Data           4  ctrl.o(.data)
    Task_2_kp                                0x200000c0   Data           4  ctrl.o(.data)
    Task_3_kp                                0x200000c4   Data           4  ctrl.o(.data)
    Task_4_kp                                0x200000c8   Data           4  ctrl.o(.data)
    Task_1_kd                                0x200000cc   Data           4  ctrl.o(.data)
    Task_2_kd                                0x200000d0   Data           4  ctrl.o(.data)
    Task_3_kd                                0x200000d4   Data           4  ctrl.o(.data)
    Task_4_kd                                0x200000d8   Data           4  ctrl.o(.data)
    Pout                                     0x200000dc   Data           4  ctrl.o(.data)
    Dout                                     0x200000e0   Data           4  ctrl.o(.data)
    Task_3_angle_limit                       0x200000e4   Data           4  ctrl.o(.data)
    Roll_offset                              0x200000e8   Data           4  ctrl.o(.data)
    Pitch_offset                             0x200000ec   Data           4  ctrl.o(.data)
    fly_low_value                            0x200000f0   Data           4  ctrl.o(.data)
    fly_motorvalue_offset                    0x200000f4   Data           4  ctrl.o(.data)
    origin_fly_low_value                     0x200000f8   Data           4  ctrl.o(.data)
    fly_speedup_flag                         0x200000fc   Data           4  ctrl.o(.data)
    Thr_Low                                  0x20000100   Data           1  ctrl.o(.data)
    Thr_Weight                               0x20000104   Data           4  ctrl.o(.data)
    acc_motor_flag                           0x20000108   Data           4  ctrl.o(.data)
    fly_ready                                0x2000010c   Data           4  ctrl.o(.data)
    fly_buffer_flag                          0x20000110   Data           4  ctrl.o(.data)
    fly_buffer_count                         0x20000114   Data           4  ctrl.o(.data)
    fly_buffer                               0x20000118   Data           8  ctrl.o(.data)
    Roll                                     0x20000128   Data           4  imu.o(.data)
    Pitch                                    0x2000012c   Data           4  imu.o(.data)
    Yaw                                      0x20000130   Data           4  imu.o(.data)
    ref_q                                    0x20000134   Data          16  imu.o(.data)
    norm_acc                                 0x20000144   Data           4  imu.o(.data)
    norm_q                                   0x20000148   Data           4  imu.o(.data)
    norm_acc_lpf                             0x2000014c   Data           4  imu.o(.data)
    mag_norm                                 0x20000150   Data           4  imu.o(.data)
    mag_norm_xyz                             0x20000154   Data           4  imu.o(.data)
    fast_atan_table                          0x20000160   Data        1028  mymath.o(.data)
    checkdata_to_send                        0x20000564   Data           1  data_transfer.o(.data)
    checksum_to_send                         0x20000565   Data           1  data_transfer.o(.data)
    flash_save_en_cnt                        0x20000566   Data           2  data_transfer.o(.data)
    CH_in_Mapping                            0x20000578   Data           8  rc.o(.data)
    NS                                       0x20000580   Data           1  rc.o(.data)
    CH_Error                                 0x20000581   Data           8  rc.o(.data)
    NS_cnt                                   0x2000058a   Data           2  rc.o(.data)
    MAX_CH                                   0x2000058c   Data          16  rc.o(.data)
    MIN_CH                                   0x2000059c   Data          16  rc.o(.data)
    CH_DIR                                   0x200005ac   Data           8  rc.o(.data)
    filter_A                                 0x200005b4   Data           4  rc.o(.data)
    ready_cnt                                0x200005b8   Data           2  rc.o(.data)
    height_ctrl_mode                         0x200005ba   Data           1  rc.o(.data)
    USBD_AltSetting                          0x200005bc   Data           1  usb_config.o(.data)
    USBD_HID_PollingCnt                      0x200005be   Data           2  usb_config.o(.data)
    USBD_HID_IdleCnt                         0x200005c0   Data           1  usb_config.o(.data)
    USBD_HID_IdleReload                      0x200005c1   Data           1  usb_config.o(.data)
    USBD_HID_IdleSet                         0x200005c2   Data           1  usb_config.o(.data)
    USBD_HID_FeatReport                      0x200005c3   Data           2  usb_config.o(.data)
    HID_SEND_TIMEOUT                         0x200005c5   Data           1  usbd_user_hid.o(.data)
    hid_datatemp_begin                       0x200005c6   Data           1  usbd_user_hid.o(.data)
    hid_datatemp_end                         0x200005c7   Data           1  usbd_user_hid.o(.data)
    med_filter_out                           0x200005cc   Data           8  filter.o(.data)
    med_fil_cnt                              0x200005d4   Data           2  filter.o(.data)
    baro_speed                               0x200005e0   Data           4  height_ctrl.o(.data)
    height_ctrl_out                          0x200005e4   Data           4  height_ctrl.o(.data)
    wz_acc                                   0x200005e8   Data           4  height_ctrl.o(.data)
    stay_altitude_flag                       0x200005ec   Data           4  height_ctrl.o(.data)
    start_ctrl3_flag                         0x200005f0   Data           4  height_ctrl.o(.data)
    baro_cnt                                 0x200005f4   Data           4  height_ctrl.o(.data)
    last_height                              0x200005f8   Data           4  height_ctrl.o(.data)
    speed_up                                 0x200005fc   Data           4  height_ctrl.o(.data)
    speed_calc_cnt                           0x20000600   Data           4  height_ctrl.o(.data)
    speed_count                              0x20000604   Data           4  height_ctrl.o(.data)
    wz_speed                                 0x20000608   Data           4  height_ctrl.o(.data)
    wz_speed_old                             0x2000060c   Data           4  height_ctrl.o(.data)
    wz_acc_mms2                              0x20000610   Data           4  height_ctrl.o(.data)
    baro_ctrl_start                          0x20000614   Data           1  height_ctrl.o(.data)
    baro_height                              0x20000618   Data           4  height_ctrl.o(.data)
    baro_height_old                          0x2000061c   Data           4  height_ctrl.o(.data)
    baro_measure                             0x20000620   Data           4  height_ctrl.o(.data)
    stop_send_ctrl3_flag                     0x20000624   Data           4  height_ctrl.o(.data)
    exp_height_speed                         0x20000628   Data           4  height_ctrl.o(.data)
    exp_height                               0x2000062c   Data           4  height_ctrl.o(.data)
    original_exp_height                      0x20000630   Data           4  height_ctrl.o(.data)
    exp_height_init_flag                     0x20000634   Data           4  height_ctrl.o(.data)
    ultra_speed                              0x20000638   Data           4  height_ctrl.o(.data)
    ultra_dis_lpf                            0x2000063c   Data           4  height_ctrl.o(.data)
    ultra_ctrl_out                           0x20000640   Data           4  height_ctrl.o(.data)
    sysTickUptime                            0x20000664   Data           4  time.o(.data)
    time_1h                                  0x20000668   Data           4  time.o(.data)
    time_1m                                  0x2000066c   Data           4  time.o(.data)
    time_1s                                  0x20000670   Data           4  time.o(.data)
    time_1ms                                 0x20000674   Data           4  time.o(.data)
    CH_out_Mapping                           0x20000678   Data           4  pwm_out.o(.data)
    I2C_FastMode                             0x2000067c   Data           1  i2c_soft.o(.data)
    mpu6050_ok                               0x20000680   Data           1  mpu6050.o(.data)
    acc_sum_cnt                              0x20000682   Data           2  mpu6050.o(.data)
    gyro_sum_cnt                             0x20000684   Data           2  mpu6050.o(.data)
    filter_cnt                               0x20000686   Data           1  mpu6050.o(.data)
    filter_cnt_old                           0x20000687   Data           1  mpu6050.o(.data)
    test_ang                                 0x20000688   Data           4  mpu6050.o(.data)
    test_ang_old                             0x2000068c   Data           4  mpu6050.o(.data)
    test_ang_d                               0x20000690   Data           4  mpu6050.o(.data)
    test_fli_a                               0x20000694   Data           4  mpu6050.o(.data)
    test_i                                   0x20000698   Data           4  mpu6050.o(.data)
    ak8975                                   0x2000069c   Data          44  ak8975.o(.data)
    ak8975_ok                                0x200006c8   Data           1  ak8975.o(.data)
    Mag_CALIBRATED                           0x200006c9   Data           1  ak8975.o(.data)
    task_num                                 0x200006e8   Data           4  led.o(.data)
    last_task_num                            0x200006ec   Data           4  led.o(.data)
    Key_confirm_flag                         0x200006f0   Data           4  led.o(.data)
    Key_confirm_count                        0x200006f4   Data           4  led.o(.data)
    task_confirm_flag                        0x200006f8   Data           4  led.o(.data)
    task_confirm_count                       0x200006fc   Data           4  led.o(.data)
    ruisa_sending_flag                       0x20000700   Data           4  led.o(.data)
    final_task_confirm_flag                  0x20000704   Data           4  led.o(.data)
    final_key_confirm_flag                   0x20000708   Data           4  led.o(.data)
    final_task_confirm_count                 0x2000070c   Data           4  led.o(.data)
    fly_ready_buffer_flag                    0x20000710   Data           4  led.o(.data)
    fly_ready_buffer_count                   0x20000714   Data           4  led.o(.data)
    LED_Brightness                           0x20000718   Data           4  led.o(.data)
    LED_status                               0x2000071c   Data           2  led.o(.data)
    baroAlt                                  0x20000724   Data           4  ms5611.o(.data)
    baroAltOld                               0x20000728   Data           4  ms5611.o(.data)
    baro_alt_speed                           0x2000072c   Data           4  ms5611.o(.data)
    baro_Offset                              0x20000730   Data           4  ms5611.o(.data)
    ms5611_ut                                0x20000734   Data           4  ms5611.o(.data)
    ms5611_up                                0x20000738   Data           4  ms5611.o(.data)
    t_rxbuf                                  0x2000073c   Data           3  ms5611.o(.data)
    p_rxbuf                                  0x2000073f   Data           3  ms5611.o(.data)
    ms5611_ok                                0x20000742   Data           1  ms5611.o(.data)
    temperature_5611                         0x20000744   Data           4  ms5611.o(.data)
    TxCounter                                0x20000750   Data           1  usart.o(.data)
    count                                    0x20000751   Data           1  usart.o(.data)
    message                                  0x20000752   Data           1  usart.o(.data)
    set_value_flag                           0x20000753   Data           1  usart.o(.data)
    Immedia_Stop_Flag                        0x20000754   Data           1  usart.o(.data)
    set_altitude_flag                        0x20000755   Data           1  usart.o(.data)
    stable_stop_flag                         0x20000756   Data           1  usart.o(.data)
    switch_flag                              0x20000758   Data           4  usart.o(.data)
    task_num_flag                            0x2000075c   Data           1  usart.o(.data)
    yaokong_flag                             0x20000760   Data           4  usart.o(.data)
    set_height_flag                          0x20000764   Data           4  usart.o(.data)
    set_yuzhi_flag                           0x20000768   Data           4  usart.o(.data)
    select_stop_flag                         0x2000076c   Data           4  usart.o(.data)
    set_color_flag                           0x20000770   Data           4  usart.o(.data)
    Buzzer_start_flag                        0x20000774   Data           4  usart.o(.data)
    Tx5Counter                               0x20000778   Data           1  usart.o(.data)
    count5                                   0x20000779   Data           1  usart.o(.data)
    OutMaxPacketSize                         0x2000077c   Data          16  usbd_stm32f4xx_fs.o(.data)
    InPacketDataPtr                          0x2000078c   Data          16  usbd_stm32f4xx_fs.o(.data)
    InPacketDataReady                        0x2000079c   Data           4  usbd_stm32f4xx_fs.o(.data)
    SyncWriteEP                              0x200007a0   Data           4  usbd_stm32f4xx_fs.o(.data)
    IsoOutTokenRead                          0x200007a4   Data           4  usbd_stm32f4xx_fs.o(.data)
    ultra_start_f                            0x200007ac   Data           1  ultrasonic.o(.data)
    ultra_time                               0x200007ad   Data           1  ultrasonic.o(.data)
    ultra_ok                                 0x200007ae   Data           1  ultrasonic.o(.data)
    ultra_distance                           0x200007b0   Data           2  ultrasonic.o(.data)
    ultra_distance_old                       0x200007b2   Data           2  ultrasonic.o(.data)
    ultra_delta                              0x200007b4   Data           2  ultrasonic.o(.data)
    Horizontal_Column_BlackMidpoint          0x200007b8   Data           4  communication.o(.data)
    Vertical_Row_BlackMidpoint               0x200007bc   Data           4  communication.o(.data)
    dis_detection_flag                       0x200007c0   Data           4  communication.o(.data)
    Communication_Temp                       0x200007c4   Data           1  communication.o(.data)
    SystemCoreClock                          0x200007d8   Data           4  system_stm32f4xx.o(.data)
    AHBPrescTable                            0x200007dc   Data          16  system_stm32f4xx.o(.data)
    USBD_DeviceStatus                        0x200007ec   Data           2  usbd_core.o(.data)
    USBD_DeviceAddress                       0x200007ee   Data           1  usbd_core.o(.data)
    USBD_Configuration                       0x200007ef   Data           1  usbd_core.o(.data)
    USBD_EndPointMask                        0x200007f0   Data           4  usbd_core.o(.data)
    USBD_EndPointHalt                        0x200007f4   Data           4  usbd_core.o(.data)
    USBD_EndPointStall                       0x200007f8   Data           4  usbd_core.o(.data)
    USBD_NumInterfaces                       0x200007fc   Data           1  usbd_core.o(.data)
    USBD_HighSpeed                           0x200007fd   Data           1  usbd_core.o(.data)
    USBD_ZLP                                 0x200007fe   Data           1  usbd_core.o(.data)
    USBD_EP0Data                             0x20000800   Data           8  usbd_core.o(.data)
    USBD_SetupPacket                         0x20000808   Data           8  usbd_core.o(.data)
    USBD_HID_Protocol                        0x20000810   Data           1  usbd_hid.o(.data)
    DataOutAsyncReq                          0x20000814   Data           4  usbd_hid.o(.data)
    DataOutUpdateReqMask                     0x20000818   Data           4  usbd_hid.o(.data)
    ptrDataOut                               0x2000081c   Data           4  usbd_hid.o(.data)
    DataOutToSendLen                         0x20000820   Data           2  usbd_hid.o(.data)
    DataOutSentLen                           0x20000822   Data           2  usbd_hid.o(.data)
    DataOutEndWithShortPacket                0x20000824   Data           4  usbd_hid.o(.data)
    ptrDataIn                                0x20000828   Data           4  usbd_hid.o(.data)
    DataInReceLen                            0x2000082c   Data           2  usbd_hid.o(.data)
    ptrDataFeat                              0x20000830   Data           4  usbd_hid.o(.data)
    DataFeatReceLen                          0x20000834   Data           2  usbd_hid.o(.data)
    __stdout                                 0x20000848   Data           4  stdout.o(.data)
    loop                                     0x20000850   Data          16  scheduler.o(.bss)
    test                                     0x20000860   Data          20  scheduler.o(.bss)
    sensor_setup                             0x20000874   Data          64  parameter.o(.bss)
    pid_setup                                0x200008b4   Data         192  parameter.o(.bss)
    ctrl_1                                   0x200029e8   Data         196  ctrl.o(.bss)
    ctrl_2                                   0x20002aac   Data         196  ctrl.o(.bss)
    except_A                                 0x20002b70   Data          12  ctrl.o(.bss)
    ctrl_angle_offset                        0x20002b7c   Data          12  ctrl.o(.bss)
    compensation                             0x20002b88   Data          12  ctrl.o(.bss)
    except_AS                                0x20002b94   Data          12  ctrl.o(.bss)
    g_old                                    0x20002ba0   Data          28  ctrl.o(.bss)
    motor                                    0x20002bbc   Data          16  ctrl.o(.bss)
    posture_value                            0x20002bcc   Data          16  ctrl.o(.bss)
    curve                                    0x20002bdc   Data          16  ctrl.o(.bss)
    reference_v                              0x20002bec   Data          12  imu.o(.bss)
    ref                                      0x20002bf8   Data          60  imu.o(.bss)
    mag_sim_3d                               0x20002c34   Data          12  imu.o(.bss)
    f                                        0x20002c4c   Data          18  data_transfer.o(.bss)
    data_to_send                             0x20002c5e   Data          50  data_transfer.o(.bss)
    RX_CH                                    0x20002c90   Data          16  data_transfer.o(.bss)
    CH                                       0x20002cd4   Data          16  rc.o(.bss)
    CH_Old                                   0x20002ce4   Data          32  rc.o(.bss)
    CH_filter                                0x20002d04   Data          32  rc.o(.bss)
    CH_filter_Old                            0x20002d24   Data          32  rc.o(.bss)
    CH_filter_D                              0x20002d44   Data          32  rc.o(.bss)
    CLR_CH_Error                             0x20002d64   Data          16  rc.o(.bss)
    USBD_EP0Buf                              0x20002d88   Data          64  usb_config.o(.bss)
    USBD_HID_InReport                        0x20002dc8   Data          65  usb_config.o(.bss)
    USBD_HID_OutReport                       0x20002e09   Data          65  usb_config.o(.bss)
    stk_usb_msc_task                         0x20002e50   Data         600  usb_config.o(.bss)
    hid_datatemp                             0x200030a8   Data         256  usbd_user_hid.o(.bss)
    hid_data2send                            0x200031a8   Data          64  usbd_user_hid.o(.bss)
    string_auth                              0x200031e8   Data          29  version.o(.bss)
    string_auth_descriptor                   0x20003205   Data          52  version.o(.bss)
    med_filter_tmp                           0x2000323c   Data          88  filter.o(.bss)
    wz_speed_pid_v                           0x20003294   Data          20  height_ctrl.o(.bss)
    wz_speed_pid                             0x200032a8   Data          12  height_ctrl.o(.bss)
    baro_speed_arr                           0x200032b4   Data         404  height_ctrl.o(.bss)
    ultra_ctrl                               0x20003448   Data          20  height_ctrl.o(.bss)
    ultra_pid                                0x2000345c   Data          12  height_ctrl.o(.bss)
    Cycle_T                                  0x20003468   Data          60  time.o(.bss)
    mpu6050                                  0x200034a4   Data         128  mpu6050.o(.bss)
    mpu6050_buffer                           0x20003524   Data          14  mpu6050.o(.bss)
    sum_temp                                 0x20003534   Data          28  mpu6050.o(.bss)
    FILT_BUF                                 0x20003550   Data         154  mpu6050.o(.bss)
    mpu6050_tmp                              0x200035ec   Data          28  mpu6050.o(.bss)
    mpu_fil_tmp                              0x20003608   Data          28  mpu6050.o(.bss)
    ms5611_prom                              0x20003630   Data          16  ms5611.o(.bss)
    TxBuffer                                 0x20003640   Data         256  usart.o(.bss)
    Rx_Buf                                   0x20003740   Data         256  usart.o(.bss)
    Tx5Buffer                                0x20003840   Data         256  usart.o(.bss)
    HID_IntInPacketData                      0x20003940   Data          64  usbd_stm32f4xx_fs.o(.bss)
    IsoOutPacketDataPtr                      0x20003980   Data          16  usbd_stm32f4xx_fs.o(.bss)
    InPacketDataCnt                          0x20003990   Data          16  usbd_stm32f4xx_fs.o(.bss)
    IsoOutPacketDataCnt                      0x200039a0   Data          16  usbd_stm32f4xx_fs.o(.bss)
    __initial_sp                             0x200041c0   Data           0  startup_stm32f4xx.o(STACK)



==============================================================================

Memory Map of the image

  Image Entry point : 0x08000189

  Load Region LR_IROM1 (Base: 0x08000000, Size: 0x000170b0, Max: 0x00100000, ABSOLUTE, COMPRESSED[0x00016d24])

    Execution Region ER_IROM1 (Exec base: 0x08000000, Load base: 0x08000000, Size: 0x00016860, Max: 0x00100000, ABSOLUTE)

    Exec Addr    Load Addr    Size         Type   Attr      Idx    E Section Name        Object

    0x08000000   0x08000000   0x00000188   Data   RO         1222    RESET               startup_stm32f4xx.o
    0x08000188   0x08000188   0x00000000   Code   RO         1361  * .ARM.Collect$$$$00000000  mc_w.l(entry.o)
    0x08000188   0x08000188   0x00000004   Code   RO         1683    .ARM.Collect$$$$00000001  mc_w.l(entry2.o)
    0x0800018c   0x0800018c   0x00000004   Code   RO         1686    .ARM.Collect$$$$00000004  mc_w.l(entry5.o)
    0x08000190   0x08000190   0x00000000   Code   RO         1688    .ARM.Collect$$$$00000008  mc_w.l(entry7b.o)
    0x08000190   0x08000190   0x00000000   Code   RO         1690    .ARM.Collect$$$$0000000A  mc_w.l(entry8b.o)
    0x08000190   0x08000190   0x00000008   Code   RO         1691    .ARM.Collect$$$$0000000B  mc_w.l(entry9a.o)
    0x08000198   0x08000198   0x00000000   Code   RO         1693    .ARM.Collect$$$$0000000D  mc_w.l(entry10a.o)
    0x08000198   0x08000198   0x00000000   Code   RO         1695    .ARM.Collect$$$$0000000F  mc_w.l(entry11a.o)
    0x08000198   0x08000198   0x00000004   Code   RO         1684    .ARM.Collect$$$$00002712  mc_w.l(entry2.o)
    0x0800019c   0x0800019c   0x00000018   Code   RO            2    .text               main.o
    0x080001b4   0x080001b4   0x00000038   Code   RO          139    .text               stm32f4xx_it.o
    0x080001ec   0x080001ec   0x00000270   Code   RO          159    .text               scheduler.o
    0x0800045c   0x0800045c   0x000000a8   Code   RO          236    .text               init.o
    0x08000504   0x08000504   0x000005c8   Code   RO          256    .text               parameter.o
    0x08000acc   0x08000acc   0x00002130   Code   RO          308    .text               ctrl.o
    0x08002bfc   0x08002bfc   0x000008d8   Code   RO          336    .text               imu.o
    0x080034d4   0x080034d4   0x00000568   Code   RO          366    .text               mymath.o
    0x08003a3c   0x08003a3c   0x00001b80   Code   RO          385    .text               data_transfer.o
    0x080055bc   0x080055bc   0x0000063c   Code   RO          427    .text               rc.o
    0x08005bf8   0x08005bf8   0x00000052   Code   RO          451    .text               usb_config.o
    0x08005c4a   0x08005c4a   0x00000002   PAD
    0x08005c4c   0x08005c4c   0x0000024c   Code   RO          526    .text               usbd_user_hid.o
    0x08005e98   0x08005e98   0x00000020   Code   RO          552    .text               version.o
    0x08005eb8   0x08005eb8   0x00000274   Code   RO          578    .text               filter.o
    0x0800612c   0x0800612c   0x00000cec   Code   RO          598    .text               height_ctrl.o
    0x08006e18   0x08006e18   0x00000284   Code   RO          622    .text               time.o
    0x0800709c   0x0800709c   0x0000004c   Code   RO          661    .text               pwm_in.o
    0x080070e8   0x080070e8   0x000002bc   Code   RO          687    .text               pwm_out.o
    0x080073a4   0x080073a4   0x000003a8   Code   RO          712    .text               i2c_soft.o
    0x0800774c   0x0800774c   0x00000a00   Code   RO          738    .text               mpu6050.o
    0x0800814c   0x0800814c   0x00000458   Code   RO          766    .text               ak8975.o
    0x080085a4   0x080085a4   0x000005f4   Code   RO          789    .text               led.o
    0x08008b98   0x08008b98   0x000003dc   Code   RO          820    .text               ms5611.o
    0x08008f74   0x08008f74   0x0000055c   Code   RO          850    .text               usart.o
    0x080094d0   0x080094d0   0x000012b8   Code   RO          879    .text               usbd_stm32f4xx_fs.o
    0x0800a788   0x0800a788   0x00000444   Code   RO          906    .text               drv_w25qxx.o
    0x0800abcc   0x0800abcc   0x000000b0   Code   RO          927    .text               ultrasonic.o
    0x0800ac7c   0x0800ac7c   0x0000018c   Code   RO          950    .text               communication.o
    0x0800ae08   0x0800ae08   0x000001ec   Code   RO          973    .text               misc.o
    0x0800aff4   0x0800aff4   0x00000916   Code   RO         1069    .text               stm32f4xx_gpio.o
    0x0800b90a   0x0800b90a   0x00000002   PAD
    0x0800b90c   0x0800b90c   0x00000d7c   Code   RO         1117    .text               stm32f4xx_rcc.o
    0x0800c688   0x0800c688   0x00000bc8   Code   RO         1135    .text               stm32f4xx_spi.o
    0x0800d250   0x0800d250   0x00003294   Code   RO         1167    .text               stm32f4xx_tim.o
    0x080104e4   0x080104e4   0x00000eb4   Code   RO         1183    .text               stm32f4xx_usart.o
    0x08011398   0x08011398   0x00000210   Code   RO         1199    .text               system_stm32f4xx.o
    0x080115a8   0x080115a8   0x00000024   Code   RO         1223    .text               startup_stm32f4xx.o
    0x080115cc   0x080115cc   0x00000a48   Code   RO         1228    .text               usbd_core.o
    0x08012014   0x08012014   0x000001b0   Code   RO         1272    .text               usbd_core_hid.o
    0x080121c4   0x080121c4   0x00000604   Code   RO         1284    .text               usbd_hid.o
    0x080127c8   0x080127c8   0x000000f0   Code   RO         1300    .text               diskio.o
    0x080128b8   0x080128b8   0x0000278c   Code   RO         1326    .text               ff.o
    0x08015044   0x08015044   0x00000024   Code   RO         1364    .text               mc_w.l(memcpya.o)
    0x08015068   0x08015068   0x00000024   Code   RO         1366    .text               mc_w.l(memseta.o)
    0x0801508c   0x0801508c   0x0000000e   Code   RO         1368    .text               mc_w.l(strlen.o)
    0x0801509a   0x0801509a   0x0000014e   Code   RO         1633    .text               mf_w.l(dadd.o)
    0x080151e8   0x080151e8   0x000000e4   Code   RO         1635    .text               mf_w.l(dmul.o)
    0x080152cc   0x080152cc   0x00000022   Code   RO         1637    .text               mf_w.l(dflti.o)
    0x080152ee   0x080152ee   0x00000026   Code   RO         1639    .text               mf_w.l(f2d.o)
    0x08015314   0x08015314   0x00000030   Code   RO         1641    .text               mf_w.l(cdcmple.o)
    0x08015344   0x08015344   0x00000030   Code   RO         1643    .text               mf_w.l(cdrcmple.o)
    0x08015374   0x08015374   0x00000038   Code   RO         1645    .text               mf_w.l(d2f.o)
    0x080153ac   0x080153ac   0x0000002c   Code   RO         1698    .text               mc_w.l(uidiv.o)
    0x080153d8   0x080153d8   0x00000062   Code   RO         1700    .text               mc_w.l(uldiv.o)
    0x0801543a   0x0801543a   0x0000001e   Code   RO         1702    .text               mc_w.l(llshl.o)
    0x08015458   0x08015458   0x00000024   Code   RO         1704    .text               mc_w.l(llsshr.o)
    0x0801547c   0x0801547c   0x00000000   Code   RO         1713    .text               mc_w.l(iusefp.o)
    0x0801547c   0x0801547c   0x0000006e   Code   RO         1714    .text               mf_w.l(fepilogue.o)
    0x080154ea   0x080154ea   0x000000ba   Code   RO         1716    .text               mf_w.l(depilogue.o)
    0x080155a4   0x080155a4   0x000000de   Code   RO         1718    .text               mf_w.l(ddiv.o)
    0x08015682   0x08015682   0x00000030   Code   RO         1722    .text               mf_w.l(dfixul.o)
    0x080156b2   0x080156b2   0x00000002   PAD
    0x080156b4   0x080156b4   0x00000024   Code   RO         1724    .text               mc_w.l(init.o)
    0x080156d8   0x080156d8   0x00000020   Code   RO         1726    .text               mc_w.l(llushr.o)
    0x080156f8   0x080156f8   0x000000a2   Code   RO         1728    .text               mf_w.l(dsqrt.o)
    0x0801579a   0x0801579a   0x00000056   Code   RO         1738    .text               mc_w.l(__dczerorl2.o)
    0x080157f0   0x080157f0   0x00000020   Code   RO         1605    i.__0printf         mc_w.l(printfa.o)
    0x08015810   0x08015810   0x00000030   Code   RO         1667    i.__ARM_fpclassify  m_wm.l(fpclassify.o)
    0x08015840   0x08015840   0x00000360   Code   RO         1347    i.__hardfp_asin     m_wm.l(asin.o)
    0x08015ba0   0x08015ba0   0x000000f8   Code   RO         1669    i.__kernel_poly     m_wm.l(poly.o)
    0x08015c98   0x08015c98   0x00000014   Code   RO         1648    i.__mathlib_dbl_infnan  m_wm.l(dunder.o)
    0x08015cac   0x08015cac   0x00000004   PAD
    0x08015cb0   0x08015cb0   0x00000020   Code   RO         1650    i.__mathlib_dbl_invalid  m_wm.l(dunder.o)
    0x08015cd0   0x08015cd0   0x00000020   Code   RO         1653    i.__mathlib_dbl_underflow  m_wm.l(dunder.o)
    0x08015cf0   0x08015cf0   0x0000000e   Code   RO         1732    i.__scatterload_copy  mc_w.l(handlers.o)
    0x08015cfe   0x08015cfe   0x00000002   Code   RO         1733    i.__scatterload_null  mc_w.l(handlers.o)
    0x08015d00   0x08015d00   0x0000000e   Code   RO         1734    i.__scatterload_zeroinit  mc_w.l(handlers.o)
    0x08015d0e   0x08015d0e   0x00000002   PAD
    0x08015d10   0x08015d10   0x0000000c   Code   RO         1708    i.__set_errno       mc_w.l(errno.o)
    0x08015d1c   0x08015d1c   0x00000184   Code   RO         1612    i._fp_digits        mc_w.l(printfa.o)
    0x08015ea0   0x08015ea0   0x000006dc   Code   RO         1613    i._printf_core      mc_w.l(printfa.o)
    0x0801657c   0x0801657c   0x00000024   Code   RO         1614    i._printf_post_padding  mc_w.l(printfa.o)
    0x080165a0   0x080165a0   0x0000002e   Code   RO         1615    i._printf_pre_padding  mc_w.l(printfa.o)
    0x080165ce   0x080165ce   0x00000018   Code   RO         1663    i.fabs              m_wm.l(fabs.o)
    0x080165e6   0x080165e6   0x0000006e   Code   RO         1673    i.sqrt              m_wm.l(sqrt.o)
    0x08016654   0x08016654   0x00000170   Data   RO          453    .constdata          usb_config.o
    0x080167c4   0x080167c4   0x0000002c   Data   RO         1327    .constdata          ff.o
    0x080167f0   0x080167f0   0x00000050   Data   RO         1350    .constdata          m_wm.l(asin.o)
    0x08016840   0x08016840   0x00000020   Data   RO         1730    Region$$Table       anon$$obj.o


    Execution Region RW_IRAM1 (Exec base: 0x20000000, Load base: 0x08016860, Size: 0x000041c0, Max: 0x00020000, ABSOLUTE, COMPRESSED[0x000004c4])

    Exec Addr    Load Addr    Size         Type   Attr      Idx    E Section Name        Object

    0x20000000   COMPRESSED   0x00000001   Data   RW            3    .data               main.o
    0x20000001   COMPRESSED   0x00000003   PAD
    0x20000004   COMPRESSED   0x00000010   Data   RW          161    .data               scheduler.o
    0x20000014   COMPRESSED   0x00000001   Data   RW          258    .data               parameter.o
    0x20000015   COMPRESSED   0x00000003   PAD
    0x20000018   COMPRESSED   0x00000110   Data   RW          310    .data               ctrl.o
    0x20000128   COMPRESSED   0x00000038   Data   RW          338    .data               imu.o
    0x20000160   COMPRESSED   0x00000404   Data   RW          367    .data               mymath.o
    0x20000564   COMPRESSED   0x00000011   Data   RW          387    .data               data_transfer.o
    0x20000575   COMPRESSED   0x00000003   PAD
    0x20000578   COMPRESSED   0x00000043   Data   RW          429    .data               rc.o
    0x200005bb   COMPRESSED   0x00000001   PAD
    0x200005bc   COMPRESSED   0x00000009   Data   RW          454    .data               usb_config.o
    0x200005c5   COMPRESSED   0x00000004   Data   RW          528    .data               usbd_user_hid.o
    0x200005c9   COMPRESSED   0x00000003   PAD
    0x200005cc   COMPRESSED   0x00000014   Data   RW          580    .data               filter.o
    0x200005e0   COMPRESSED   0x00000084   Data   RW          600    .data               height_ctrl.o
    0x20000664   COMPRESSED   0x00000014   Data   RW          624    .data               time.o
    0x20000678   COMPRESSED   0x00000004   Data   RW          688    .data               pwm_out.o
    0x2000067c   COMPRESSED   0x00000001   Data   RW          713    .data               i2c_soft.o
    0x2000067d   COMPRESSED   0x00000003   PAD
    0x20000680   COMPRESSED   0x0000001c   Data   RW          740    .data               mpu6050.o
    0x2000069c   COMPRESSED   0x0000004a   Data   RW          768    .data               ak8975.o
    0x200006e6   COMPRESSED   0x00000002   PAD
    0x200006e8   COMPRESSED   0x00000039   Data   RW          790    .data               led.o
    0x20000721   COMPRESSED   0x00000003   PAD
    0x20000724   COMPRESSED   0x0000002a   Data   RW          822    .data               ms5611.o
    0x2000074e   COMPRESSED   0x00000002   PAD
    0x20000750   COMPRESSED   0x0000002a   Data   RW          852    .data               usart.o
    0x2000077a   COMPRESSED   0x00000002   PAD
    0x2000077c   COMPRESSED   0x00000030   Data   RW          881    .data               usbd_stm32f4xx_fs.o
    0x200007ac   COMPRESSED   0x0000000b   Data   RW          928    .data               ultrasonic.o
    0x200007b7   COMPRESSED   0x00000001   PAD
    0x200007b8   COMPRESSED   0x0000000d   Data   RW          951    .data               communication.o
    0x200007c5   COMPRESSED   0x00000010   Data   RW         1118    .data               stm32f4xx_rcc.o
    0x200007d5   COMPRESSED   0x00000003   PAD
    0x200007d8   COMPRESSED   0x00000014   Data   RW         1200    .data               system_stm32f4xx.o
    0x200007ec   COMPRESSED   0x00000024   Data   RW         1229    .data               usbd_core.o
    0x20000810   COMPRESSED   0x00000027   Data   RW         1285    .data               usbd_hid.o
    0x20000837   COMPRESSED   0x00000001   PAD
    0x20000838   COMPRESSED   0x00000004   Data   RW         1301    .data               diskio.o
    0x2000083c   COMPRESSED   0x0000000a   Data   RW         1328    .data               ff.o
    0x20000846   COMPRESSED   0x00000002   PAD
    0x20000848   COMPRESSED   0x00000004   Data   RW         1697    .data               mc_w.l(stdout.o)
    0x2000084c   COMPRESSED   0x00000004   Data   RW         1709    .data               mc_w.l(errno.o)
    0x20000850        -       0x00000024   Zero   RW          160    .bss                scheduler.o
    0x20000874        -       0x00002174   Zero   RW          257    .bss                parameter.o
    0x200029e8        -       0x00000204   Zero   RW          309    .bss                ctrl.o
    0x20002bec        -       0x00000060   Zero   RW          337    .bss                imu.o
    0x20002c4c        -       0x00000086   Zero   RW          386    .bss                data_transfer.o
    0x20002cd2   COMPRESSED   0x00000002   PAD
    0x20002cd4        -       0x000000b0   Zero   RW          428    .bss                rc.o
    0x20002d84   COMPRESSED   0x00000004   PAD
    0x20002d88        -       0x00000320   Zero   RW          452    .bss                usb_config.o
    0x200030a8        -       0x00000140   Zero   RW          527    .bss                usbd_user_hid.o
    0x200031e8        -       0x00000051   Zero   RW          553    .bss                version.o
    0x20003239   COMPRESSED   0x00000003   PAD
    0x2000323c        -       0x00000058   Zero   RW          579    .bss                filter.o
    0x20003294        -       0x000001d4   Zero   RW          599    .bss                height_ctrl.o
    0x20003468        -       0x0000003c   Zero   RW          623    .bss                time.o
    0x200034a4        -       0x00000180   Zero   RW          739    .bss                mpu6050.o
    0x20003624        -       0x0000000c   Zero   RW          767    .bss                ak8975.o
    0x20003630        -       0x00000010   Zero   RW          821    .bss                ms5611.o
    0x20003640        -       0x00000300   Zero   RW          851    .bss                usart.o
    0x20003940        -       0x00000070   Zero   RW          880    .bss                usbd_stm32f4xx_fs.o
    0x200039b0        -       0x0000000c   Zero   RW          907    .bss                drv_w25qxx.o
    0x200039bc   COMPRESSED   0x00000004   PAD
    0x200039c0        -       0x00000800   Zero   RW         1220    STACK               startup_stm32f4xx.o


==============================================================================

Image component sizes


      Code (inc. data)   RO Data    RW Data    ZI Data      Debug   Object Name

      1112         34          0         74         12       3588   ak8975.o
       396         28          0         13          0       1843   communication.o
      8496        728          0        272        516      11451   ctrl.o
      7040        268          0         17        134      12335   data_transfer.o
       240          6          0          4          0       5762   diskio.o
      1092         20          0          0         12       6489   drv_w25qxx.o
     10124        112         44         10          0      29546   ff.o
       628         26          0         20         88       3087   filter.o
      3308        360          0        132        468       6227   height_ctrl.o
       936         10          0          1          0       5090   i2c_soft.o
      2264        142          0         56         96       3877   imu.o
       168         16          0          0          0        787   init.o
      1524        126          0         57          0       4523   led.o
        24          4          0          1          0     280432   main.o
       492         74          0          0          0       2533   misc.o
      2560        126          0         28        384      17507   mpu6050.o
       988        102          0         42         16       4070   ms5611.o
      1384        110          0       1028          0       5540   mymath.o
      1480        126          0          1       8564       8894   parameter.o
        76          6          0          0          0        722   pwm_in.o
       700         30          0          4          0       2914   pwm_out.o
      1596        142          0         67        176       3858   rc.o
       624         56          0         16         36       3965   scheduler.o
        36          8        392          0       2048       1040   startup_stm32f4xx.o
      2326        132          0          0          0       5909   stm32f4xx_gpio.o
        56          4          0          0          0       1616   stm32f4xx_it.o
      3452        262          0         16          0      14207   stm32f4xx_rcc.o
      3016        118          0          0          0       9037   stm32f4xx_spi.o
     12948        670          0          0          0      31700   stm32f4xx_tim.o
      3764        164          0          0          0      10588   stm32f4xx_usart.o
       528         46          0         20          0       2603   system_stm32f4xx.o
       644         42          0         20         60      23381   time.o
       176         30          0         11          0       1741   ultrasonic.o
      1372        208          0         42        768       4982   usart.o
        82          0        368          9        800      28766   usb_config.o
      2632        202          0         36          0       8928   usbd_core.o
       432         68          0          0          0       2124   usbd_core_hid.o
      1540        184          0         39          0       6587   usbd_hid.o
      4792        220          0         48        112      28089   usbd_stm32f4xx_fs.o
       588         24          0          4        320       3702   usbd_user_hid.o
        32         10          0          0         81       2144   version.o

    ----------------------------------------------------------------------
     85672       5044        836       2120      14704     612184   Object Totals
         0          0         32          0          0          0   (incl. Generated)
         4          0          0         32         13          0   (incl. Padding)

    ----------------------------------------------------------------------

      Code (inc. data)   RO Data    RW Data    ZI Data      Debug   Library Member Name

       864         94         80          0          0        280   asin.o
        84         16          0          0          0        372   dunder.o
        24          0          0          0          0        124   fabs.o
        48          0          0          0          0        124   fpclassify.o
       248          0          0          0          0        152   poly.o
       110          0          0          0          0        148   sqrt.o
        86          0          0          0          0          0   __dczerorl2.o
         0          0          0          0          0          0   entry.o
         0          0          0          0          0          0   entry10a.o
         0          0          0          0          0          0   entry11a.o
         8          4          0          0          0          0   entry2.o
         4          0          0          0          0          0   entry5.o
         0          0          0          0          0          0   entry7b.o
         0          0          0          0          0          0   entry8b.o
         8          4          0          0          0          0   entry9a.o
        12          6          0          4          0         68   errno.o
        30          0          0          0          0          0   handlers.o
        36          8          0          0          0         68   init.o
         0          0          0          0          0          0   iusefp.o
        30          0          0          0          0         68   llshl.o
        36          0          0          0          0         68   llsshr.o
        32          0          0          0          0         68   llushr.o
        36          0          0          0          0         68   memcpya.o
        36          0          0          0          0        108   memseta.o
      2258         90          0          0          0        452   printfa.o
         0          0          0          4          0          0   stdout.o
        14          0          0          0          0         68   strlen.o
        44          0          0          0          0         80   uidiv.o
        98          0          0          0          0         92   uldiv.o
        48          0          0          0          0         68   cdcmple.o
        48          0          0          0          0         68   cdrcmple.o
        56          0          0          0          0         88   d2f.o
       334          0          0          0          0        148   dadd.o
       222          0          0          0          0        100   ddiv.o
       186          0          0          0          0        176   depilogue.o
        48          0          0          0          0         68   dfixul.o
        34          0          0          0          0         76   dflti.o
       228          0          0          0          0         96   dmul.o
       162          0          0          0          0        100   dsqrt.o
        38          0          0          0          0         68   f2d.o
       110          0          0          0          0        168   fepilogue.o

    ----------------------------------------------------------------------
      5668        222         80          8          0       3632   Library Totals
         8          0          0          0          0          0   (incl. Padding)

    ----------------------------------------------------------------------

      Code (inc. data)   RO Data    RW Data    ZI Data      Debug   Library Name

      1378        110         80          0          0       1200   m_wm.l
      2768        112          0          8          0       1208   mc_w.l
      1514          0          0          0          0       1224   mf_w.l

    ----------------------------------------------------------------------
      5668        222         80          8          0       3632   Library Totals

    ----------------------------------------------------------------------

==============================================================================


      Code (inc. data)   RO Data    RW Data    ZI Data      Debug   

     91340       5266        916       2128      14704     606652   Grand Totals
     91340       5266        916       1220      14704     606652   ELF Image Totals (compressed)
     91340       5266        916       1220          0          0   ROM Totals

==============================================================================

    Total RO  Size (Code + RO Data)                92256 (  90.09kB)
    Total RW  Size (RW Data + ZI Data)             16832 (  16.44kB)
    Total ROM Size (Code + RO Data + RW Data)      93476 (  91.29kB)

==============================================================================

